Archive member included to satisfy reference by file (symbol)

C:/ST/STM32CubeIDE_2.0.0/STM32CubeIDE/plugins/com.st.stm32cube.ide.mcu.externaltools.gnu-tools-for-stm32.13.3.rel1.win32_1.0.100.202509120712/tools/bin/../lib/gcc/arm-none-eabi/13.3.1/../../../../arm-none-eabi/lib/thumb/v8-m.main+dp/hard\libc_nano.a(libc_a-exit.o)
                              C:/ST/STM32CubeIDE_2.0.0/STM32CubeIDE/plugins/com.st.stm32cube.ide.mcu.externaltools.gnu-tools-for-stm32.13.3.rel1.win32_1.0.100.202509120712/tools/bin/../lib/gcc/arm-none-eabi/13.3.1/../../../../arm-none-eabi/lib/thumb/v8-m.main+dp/hard/crt0.o (exit)
C:/ST/STM32CubeIDE_2.0.0/STM32CubeIDE/plugins/com.st.stm32cube.ide.mcu.externaltools.gnu-tools-for-stm32.13.3.rel1.win32_1.0.100.202509120712/tools/bin/../lib/gcc/arm-none-eabi/13.3.1/../../../../arm-none-eabi/lib/thumb/v8-m.main+dp/hard\libc_nano.a(libc_a-findfp.o)
                              C:/ST/STM32CubeIDE_2.0.0/STM32CubeIDE/plugins/com.st.stm32cube.ide.mcu.externaltools.gnu-tools-for-stm32.13.3.rel1.win32_1.0.100.202509120712/tools/bin/../lib/gcc/arm-none-eabi/13.3.1/../../../../arm-none-eabi/lib/thumb/v8-m.main+dp/hard\libc_nano.a(libc_a-exit.o) (__stdio_exit_handler)
C:/ST/STM32CubeIDE_2.0.0/STM32CubeIDE/plugins/com.st.stm32cube.ide.mcu.externaltools.gnu-tools-for-stm32.13.3.rel1.win32_1.0.100.202509120712/tools/bin/../lib/gcc/arm-none-eabi/13.3.1/../../../../arm-none-eabi/lib/thumb/v8-m.main+dp/hard\libc_nano.a(libc_a-fwalk.o)
                              C:/ST/STM32CubeIDE_2.0.0/STM32CubeIDE/plugins/com.st.stm32cube.ide.mcu.externaltools.gnu-tools-for-stm32.13.3.rel1.win32_1.0.100.202509120712/tools/bin/../lib/gcc/arm-none-eabi/13.3.1/../../../../arm-none-eabi/lib/thumb/v8-m.main+dp/hard\libc_nano.a(libc_a-findfp.o) (_fwalk_sglue)
C:/ST/STM32CubeIDE_2.0.0/STM32CubeIDE/plugins/com.st.stm32cube.ide.mcu.externaltools.gnu-tools-for-stm32.13.3.rel1.win32_1.0.100.202509120712/tools/bin/../lib/gcc/arm-none-eabi/13.3.1/../../../../arm-none-eabi/lib/thumb/v8-m.main+dp/hard\libc_nano.a(libc_a-stdio.o)
                              C:/ST/STM32CubeIDE_2.0.0/STM32CubeIDE/plugins/com.st.stm32cube.ide.mcu.externaltools.gnu-tools-for-stm32.13.3.rel1.win32_1.0.100.202509120712/tools/bin/../lib/gcc/arm-none-eabi/13.3.1/../../../../arm-none-eabi/lib/thumb/v8-m.main+dp/hard\libc_nano.a(libc_a-findfp.o) (__sread)
C:/ST/STM32CubeIDE_2.0.0/STM32CubeIDE/plugins/com.st.stm32cube.ide.mcu.externaltools.gnu-tools-for-stm32.13.3.rel1.win32_1.0.100.202509120712/tools/bin/../lib/gcc/arm-none-eabi/13.3.1/../../../../arm-none-eabi/lib/thumb/v8-m.main+dp/hard\libc_nano.a(libc_a-memset.o)
                              C:/ST/STM32CubeIDE_2.0.0/STM32CubeIDE/plugins/com.st.stm32cube.ide.mcu.externaltools.gnu-tools-for-stm32.13.3.rel1.win32_1.0.100.202509120712/tools/bin/../lib/gcc/arm-none-eabi/13.3.1/../../../../arm-none-eabi/lib/thumb/v8-m.main+dp/hard/crt0.o (memset)
C:/ST/STM32CubeIDE_2.0.0/STM32CubeIDE/plugins/com.st.stm32cube.ide.mcu.externaltools.gnu-tools-for-stm32.13.3.rel1.win32_1.0.100.202509120712/tools/bin/../lib/gcc/arm-none-eabi/13.3.1/../../../../arm-none-eabi/lib/thumb/v8-m.main+dp/hard\libc_nano.a(libc_a-closer.o)
                              C:/ST/STM32CubeIDE_2.0.0/STM32CubeIDE/plugins/com.st.stm32cube.ide.mcu.externaltools.gnu-tools-for-stm32.13.3.rel1.win32_1.0.100.202509120712/tools/bin/../lib/gcc/arm-none-eabi/13.3.1/../../../../arm-none-eabi/lib/thumb/v8-m.main+dp/hard\libc_nano.a(libc_a-stdio.o) (_close_r)
C:/ST/STM32CubeIDE_2.0.0/STM32CubeIDE/plugins/com.st.stm32cube.ide.mcu.externaltools.gnu-tools-for-stm32.13.3.rel1.win32_1.0.100.202509120712/tools/bin/../lib/gcc/arm-none-eabi/13.3.1/../../../../arm-none-eabi/lib/thumb/v8-m.main+dp/hard\libc_nano.a(libc_a-reent.o)
                              C:/ST/STM32CubeIDE_2.0.0/STM32CubeIDE/plugins/com.st.stm32cube.ide.mcu.externaltools.gnu-tools-for-stm32.13.3.rel1.win32_1.0.100.202509120712/tools/bin/../lib/gcc/arm-none-eabi/13.3.1/../../../../arm-none-eabi/lib/thumb/v8-m.main+dp/hard\libc_nano.a(libc_a-closer.o) (errno)
C:/ST/STM32CubeIDE_2.0.0/STM32CubeIDE/plugins/com.st.stm32cube.ide.mcu.externaltools.gnu-tools-for-stm32.13.3.rel1.win32_1.0.100.202509120712/tools/bin/../lib/gcc/arm-none-eabi/13.3.1/../../../../arm-none-eabi/lib/thumb/v8-m.main+dp/hard\libc_nano.a(libc_a-impure.o)
                              C:/ST/STM32CubeIDE_2.0.0/STM32CubeIDE/plugins/com.st.stm32cube.ide.mcu.externaltools.gnu-tools-for-stm32.13.3.rel1.win32_1.0.100.202509120712/tools/bin/../lib/gcc/arm-none-eabi/13.3.1/../../../../arm-none-eabi/lib/thumb/v8-m.main+dp/hard\libc_nano.a(libc_a-reent.o) (_impure_ptr)
C:/ST/STM32CubeIDE_2.0.0/STM32CubeIDE/plugins/com.st.stm32cube.ide.mcu.externaltools.gnu-tools-for-stm32.13.3.rel1.win32_1.0.100.202509120712/tools/bin/../lib/gcc/arm-none-eabi/13.3.1/../../../../arm-none-eabi/lib/thumb/v8-m.main+dp/hard\libc_nano.a(libc_a-lseekr.o)
[...]
Memory Configuration

Name             Origin             Length             Attributes
ROM              0x34000400         0x0007fc00         xrw
RAM              0x34080000         0x00180000         xrw
*default*        0x00000000         0xffffffff

Linker script and memory map

LOAD C:/ST/STM32CubeIDE_2.0.0/STM32CubeIDE/plugins/com.st.stm32cube.ide.mcu.externaltools.gnu-tools-for-stm32.13.3.rel1.win32_1.0.100.202509120712/tools/bin/../lib/gcc/arm-none-eabi/13.3.1/thumb/v8-m.main+dp/hard/crti.o
LOAD C:/ST/STM32CubeIDE_2.0.0/STM32CubeIDE/plugins/com.st.stm32cube.ide.mcu.externaltools.gnu-tools-for-stm32.13.3.rel1.win32_1.0.100.202509120712/tools/bin/../lib/gcc/arm-none-eabi/13.3.1/thumb/v8-m.main+dp/hard/crtbegin.o
LOAD C:/ST/STM32CubeIDE_2.0.0/STM32CubeIDE/plugins/com.st.stm32cube.ide.mcu.externaltools.gnu-tools-for-stm32.13.3.rel1.win32_1.0.100.202509120712/tools/bin/../lib/gcc/arm-none-eabi/13.3.1/../../../../arm-none-eabi/lib/thumb/v8-m.main+dp/hard/crt0.o
LOAD build/main.o
LOAD build/app_freertos.o
LOAD build/stm32n6xx_it.o
LOAD build/stm32n6xx_hal_msp.o
LOAD build/secure_nsc.o
LOAD build/stm32n6xx_hal_cortex.o
LOAD build/stm32n6xx_hal_rcc.o
LOAD build/stm32n6xx_hal_rcc_ex.o
LOAD build/stm32n6xx_hal_gpio.o
LOAD build/stm32n6xx_hal_dma.o
LOAD build/stm32n6xx_hal_dma_ex.o
LOAD build/stm32n6xx_hal_pwr.o
LOAD build/stm32n6xx_hal_pwr_ex.o
LOAD build/stm32n6xx_hal.o
LOAD build/stm32n6xx_hal_exti.o
LOAD build/stm32n6xx_hal_rif.o
LOAD build/system_stm32n6xx_s.o
LOAD build/heap_4.o
LOAD build/croutine.o
LOAD build/event_groups.o
LOAD build/list.o
LOAD build/queue.o
LOAD build/stream_buffer.o
LOAD build/tasks.o
LOAD build/timers.o
LOAD build/port.o
LOAD build/portasm.o
LOAD build/cmsis_os2.o
LOAD build/sysmem.o
LOAD build/syscalls.o
LOAD build/startup_stm32n657xx.o
LOAD C:/ST/STM32CubeIDE_2.0.0/STM32CubeIDE/plugins/com.st.stm32cube.ide.mcu.externaltools.gnu-tools-for-stm32.13.3.rel1.win32_1.0.100.202509120712/tools/bin/../lib/gcc/arm-none-eabi/13.3.1/../../../../arm-none-eabi/lib/thumb/v8-m.main+dp/hard\libc_nano.a
LOAD C:/ST/STM32CubeIDE_2.0.0/STM32CubeIDE/plugins/com.st.stm32cube.ide.mcu.externaltools.gnu-tools-for-stm32.13.3.rel1.win32_1.0.100.202509120712/tools/bin/../lib/gcc/arm-none-eabi/13.3.1/../../../../arm-none-eabi/lib/thumb/v8-m.main+dp/hard\libm.a
LOAD C:/ST/STM32CubeIDE_2.0.0/STM32CubeIDE/plugins/com.st.stm32cube.ide.mcu.externaltools.gnu-tools-for-stm32.13.3.rel1.win32_1.0.100.202509120712/tools/bin/../lib/gcc/arm-none-eabi/13.3.1/../../../../arm-none-eabi/lib/thumb/v8-m.main+dp/hard\libnosys.a
START GROUP
LOAD C:/ST/STM32CubeIDE_2.0.0/STM32CubeIDE/plugins/com.st.stm32cube.ide.mcu.externaltools.gnu-tools-for-stm32.13.3.rel1.win32_1.0.100.202509120712/tools/bin/../lib/gcc/arm-none-eabi/13.3.1/thumb/v8-m.main+dp/hard\libgcc.a
LOAD C:/ST/STM32CubeIDE_2.0.0/STM32CubeIDE/plugins/com.st.stm32cube.ide.mcu.externaltools.gnu-tools-for-stm32.13.3.rel1.win32_1.0.100.202509120712/tools/bin/../lib/gcc/arm-none-eabi/13.3.1/../../../../arm-none-eabi/lib/thumb/v8-m.main+dp/hard\libc_nano.a
END GROUP
START GROUP
LOAD C:/ST/STM32CubeIDE_2.0.0/STM32CubeIDE/plugins/com.st.stm32cube.ide.mcu.externaltools.gnu-tools-for-stm32.13.3.rel1.win32_1.0.100.202509120712/tools/bin/../lib/gcc/arm-none-eabi/13.3.1/thumb/v8-m.main+dp/hard\libgcc.a
LOAD C:/ST/STM32CubeIDE_2.0.0/STM32CubeIDE/plugins/com.st.stm32cube.ide.mcu.externaltools.gnu-tools-for-stm32.13.3.rel1.win32_1.0.100.202509120712/tools/bin/../lib/gcc/arm-none-eabi/13.3.1/../../../../arm-none-eabi/lib/thumb/v8-m.main+dp/hard\libc_nano.a
END GROUP
LOAD C:/ST/STM32CubeIDE_2.0.0/STM32CubeIDE/plugins/com.st.stm32cube.ide.mcu.externaltools.gnu-tools-for-stm32.13.3.rel1.win32_1.0.100.202509120712/tools/bin/../lib/gcc/arm-none-eabi/13.3.1/thumb/v8-m.main+dp/hard/crtend.o
LOAD C:/ST/STM32CubeIDE_2.0.0/STM32CubeIDE/plugins/com.st.stm32cube.ide.mcu.externaltools.gnu-tools-for-stm32.13.3.rel1.win32_1.0.100.202509120712/tools/bin/../lib/gcc/arm-none-eabi/13.3.1/thumb/v8-m.main+dp/hard/crtn.o
                0x34200000                        _estack = (ORIGIN (RAM) + LENGTH (RAM))
                0x341ff800                        _sstack = (_estack - _Min_Stack_Size)
                0x00000200                        _Min_Heap_Size = 0x200
                0x00000800                        _Min_Stack_Size = 0x800

.isr_vector     0x34000400      0x34c
                0x34000400                        . = ALIGN (0x4)
 *(.isr_vector)
 .isr_vector    0x34000400      0x34c build/startup_stm32n657xx.o
                0x34000400                g_pfnVectors
                0x3400074c                        . = ALIGN (0x4)

.text           0x3400074c     0x22bc
                0x3400074c                        . = ALIGN (0x4)
 *(.text)
 .text          0x3400074c       0x40 C:/ST/STM32CubeIDE_2.0.0/STM32CubeIDE/plugins/com.st.stm32cube.ide.mcu.externaltools.gnu-tools-for-stm32.13.3.rel1.win32_1.0.100.202509120712/tools/bin/../lib/gcc/arm-none-eabi/13.3.1/thumb/v8-m.main+dp/hard/crtbegin.o
 *(.text*)
 .text.SystemIsolation_Config
                0x3400078c       0x44 build/main.o
 .text.MX_GPIO_Init
                0x340007d0       0x50 build/main.o
 .text.main     0x34000820       0x1c build/main.o
                0x34000820                main
 .text.StartDefaultTask
                0x3400083c       0x3c build/app_freertos.o
                0x3400083c                StartDefaultTask
 .text.MX_FREERTOS_Init
                0x34000878       0x20 build/app_freertos.o
                0x34000878                MX_FREERTOS_Init
 .text.NMI_Handler
                0x34000898        0x2 build/stm32n6xx_it.o
                0x34000898                NMI_Handler
 .text.HardFault_Handler
                0x3400089a        0x2 build/stm32n6xx_it.o
                0x3400089a                HardFault_Handler
 .text.MemManage_Handler
                0x3400089c        0x2 build/stm32n6xx_it.o
                0x3400089c                MemManage_Handler
 .text.BusFault_Handler
                0x3400089e        0x2 build/stm32n6xx_it.o
                0x3400089e                BusFault_Handler
 .text.UsageFault_Handler
                0x340008a0        0x2 build/stm32n6xx_it.o
                0x340008a0                UsageFault_Handler
 .text.SecureFault_Handler
                0x340008a2        0x2 build/stm32n6xx_it.o
                0x340008a2                SecureFault_Handler
 .text.DebugMon_Handler
                0x340008a4        0x2 build/stm32n6xx_it.o
                0x340008a4                DebugMon_Handler
 .text.HAL_MspInit
                0x340008a6        0xc build/stm32n6xx_hal_msp.o
                0x340008a6                HAL_MspInit
 *fill*         0x340008b2        0x2 
 .text.SECURE_RegisterCallback
                0x340008b4       0x30 build/secure_nsc.o
                0x340008b4                __acle_se_SECURE_RegisterCallback
 .text.__NVIC_SetPriority
                0x340008e4       0x28 build/stm32n6xx_hal_cortex.o
 .text.NVIC_EncodePriority
                0x3400090c       0x3e build/stm32n6xx_hal_cortex.o
 *fill*         0x3400094a        0x2 
 .text.HAL_NVIC_SetPriorityGrouping
                0x3400094c       0x24 build/stm32n6xx_hal_cortex.o
                0x3400094c                HAL_NVIC_SetPriorityGrouping
 .text.HAL_NVIC_SetPriority
                0x34000970       0x20 build/stm32n6xx_hal_cortex.o
                0x34000970                HAL_NVIC_SetPriority
 .text.HAL_SYSTICK_Config
                0x34000990       0x28 build/stm32n6xx_hal_cortex.o
                0x34000990                HAL_SYSTICK_Config
 .text.HAL_GPIO_Init
                0x340009b8      0x214 build/stm32n6xx_hal_gpio.o
                0x340009b8                HAL_GPIO_Init
 .text.HAL_GPIO_WritePin
                0x34000bcc        0xa build/stm32n6xx_hal_gpio.o
                0x34000bcc                HAL_GPIO_WritePin
 .text.HAL_GPIO_ConfigPinAttributes
                0x34000bd6       0x3a build/stm32n6xx_hal_gpio.o
                0x34000bd6                HAL_GPIO_ConfigPinAttributes
 .text.HAL_PWREx_EnableVddIO2
                0x34000c10       0x10 build/stm32n6xx_hal_pwr_ex.o
                0x34000c10                HAL_PWREx_EnableVddIO2
 .text.HAL_PWREx_EnableVddIO3
                0x34000c20       0x10 build/stm32n6xx_hal_pwr_ex.o
                0x34000c20                HAL_PWREx_EnableVddIO3
 .text.HAL_InitTick
                0x34000c30       0x50 build/stm32n6xx_hal.o
                0x34000c30                HAL_InitTick
 .text.HAL_Init
                0x34000c80       0x22 build/stm32n6xx_hal.o
                0x34000c80                HAL_Init
 *fill*         0x34000ca2        0x2 
 .text.TZ_SAU_Setup
                0x34000ca4       0x48 build/system_stm32n6xx_s.o
 .text.SystemInit
                0x34000cec       0x58 build/system_stm32n6xx_s.o
                0x34000cec                SystemInit
 .text.SystemCoreClockUpdate
                0x34000d44      0x234 build/system_stm32n6xx_s.o
                0x34000d44                SystemCoreClockUpdate
 .text.SECURE_SystemCoreClockUpdate
                0x34000f78       0x24 build/system_stm32n6xx_s.o
                0x34000f78                __acle_se_SECURE_SystemCoreClockUpdate
 .text.prvHeapInit
                0x34000f9c       0x58 build/heap_4.o
 .text.prvInsertBlockIntoFreeList
                0x34000ff4       0x78 build/heap_4.o
 .text.pvPortMalloc
                0x3400106c      0x140 build/heap_4.o
                0x3400106c                pvPortMalloc
 .text.vPortFree
                0x340011ac       0x74 build/heap_4.o
                0x340011ac                vPortFree
 .text.vListInitialise
                0x34001220       0x16 build/list.o
                0x34001220                vListInitialise
 .text.vListInitialiseItem
                0x34001236        0x6 build/list.o
                0x34001236                vListInitialiseItem
 .text.vListInsert
                0x3400123c       0x32 build/list.o
                0x3400123c                vListInsert
 .text.uxListRemove
                0x3400126e       0x24 build/list.o
                0x3400126e                uxListRemove
 .text.prvIsQueueEmpty
                0x34001292       0x1a build/queue.o
 .text.prvCopyDataFromQueue
                0x340012ac       0x24 build/queue.o
 .text.prvUnlockQueue
                0x340012d0       0x6e build/queue.o
 .text.xQueueGenericReset
                0x3400133e       0x82 build/queue.o
                0x3400133e                xQueueGenericReset
 .text.prvInitialiseNewQueue
                0x340013c0       0x22 build/queue.o
 .text.xQueueGenericCreateStatic
                0x340013e2       0x46 build/queue.o
                0x340013e2                xQueueGenericCreateStatic
 .text.xQueueReceive
                0x34001428      0x11a build/queue.o
                0x34001428                xQueueReceive
 *fill*         0x34001542        0x2 
 .text.vQueueAddToRegistry
                0x34001544       0x50 build/queue.o
                0x34001544                vQueueAddToRegistry
 .text.vQueueWaitForMessageRestricted
                0x34001594       0x52 build/queue.o
                0x34001594                vQueueWaitForMessageRestricted
 *fill*         0x340015e6        0x2 
 .text.prvResetNextTaskUnblockTime
                0x340015e8       0x28 build/tasks.o
 .text.prvInitialiseNewTask
                0x34001610       0x8e build/tasks.o
 .text.prvCreateStaticTask
                0x3400169e       0x68 build/tasks.o
 *fill*         0x34001706        0x2 
 .text.prvInitialiseTaskLists
                0x34001708       0x68 build/tasks.o
 .text.prvAddNewTaskToReadyList
                0x34001770       0xc0 build/tasks.o
 .text.prvCreateTask
                0x34001830       0x5c build/tasks.o
 .text.prvDeleteTCB
                0x3400188c       0x2c build/tasks.o
 .text.prvCheckTasksWaitingTermination
                0x340018b8       0x4c build/tasks.o
 .text.prvIdleTask
                0x34001904       0x18 build/tasks.o
 .text.prvAddCurrentTaskToDelayedList
                0x3400191c       0xa8 build/tasks.o
 .text.xTaskCreateStatic
                0x340019c4       0x28 build/tasks.o
                0x340019c4                xTaskCreateStatic
 .text.xTaskCreate
                0x340019ec       0x22 build/tasks.o
                0x340019ec                xTaskCreate
 *fill*         0x34001a0e        0x2 
 .text.vTaskSuspendAll
                0x34001a10       0x10 build/tasks.o
                0x34001a10                vTaskSuspendAll
 .text.xTaskGetTickCount
                0x34001a20        0xc build/tasks.o
                0x34001a20                xTaskGetTickCount
 .text.xTaskIncrementTick
                0x34001a2c      0x16c build/tasks.o
                0x34001a2c                xTaskIncrementTick
 .text.xTaskResumeAll
                0x34001b98      0x13c build/tasks.o
                0x34001b98                xTaskResumeAll
 .text.vTaskDelay
                0x34001cd4       0x30 build/tasks.o
                0x34001cd4                vTaskDelay
 .text.vTaskSwitchContext
                0x34001d04       0x90 build/tasks.o
                0x34001d04                vTaskSwitchContext
 .text.vTaskPlaceOnEventList
                0x34001d94       0x24 build/tasks.o
                0x34001d94                vTaskPlaceOnEventList
 .text.vTaskPlaceOnEventListRestricted
                0x34001db8       0x48 build/tasks.o
                0x34001db8                vTaskPlaceOnEventListRestricted
 .text.xTaskRemoveFromEventList
                0x34001e00       0xe8 build/tasks.o
                0x34001e00                xTaskRemoveFromEventList
 .text.vTaskInternalSetTimeOutState
                0x34001ee8       0x18 build/tasks.o
                0x34001ee8                vTaskInternalSetTimeOutState
 .text.xTaskCheckForTimeOut
                0x34001f00       0x8c build/tasks.o
                0x34001f00                xTaskCheckForTimeOut
 .text.vTaskMissedYield
                0x34001f8c        0xc build/tasks.o
                0x34001f8c                vTaskMissedYield
 .text.xTaskGetSchedulerState
                0x34001f98       0x20 build/tasks.o
                0x34001f98                xTaskGetSchedulerState
 .text.vApplicationGetIdleTaskMemory
                0x34001fb8       0x18 build/tasks.o
                0x34001fb8                vApplicationGetIdleTaskMemory
 .text.prvCreateIdleTasks
                0x34001fd0       0x7c build/tasks.o
 .text.vTaskStartScheduler
                0x3400204c       0x54 build/tasks.o
                0x3400204c                vTaskStartScheduler
 .text.vApplicationGetTimerTaskMemory
                0x340020a0       0x18 build/tasks.o
                0x340020a0                vApplicationGetTimerTaskMemory
 .text.prvGetNextExpireTime
                0x340020b8       0x20 build/timers.o
 .text.prvInsertTimerInActiveList
                0x340020d8       0x48 build/timers.o
 .text.prvReloadTimer
                0x34002120       0x28 build/timers.o
 .text.prvProcessExpiredTimer
                0x34002148       0x40 build/timers.o
 .text.prvSwitchTimerLists
                0x34002188       0x30 build/timers.o
 .text.prvSampleTimeNow
                0x340021b8       0x2c build/timers.o
 .text.prvProcessTimerOrBlockTask
                0x340021e4       0x68 build/timers.o
 .text.prvProcessReceivedCommands
                0x3400224c      0x120 build/timers.o
 .text.prvTimerTask
                0x3400236c       0x16 build/timers.o
 *fill*         0x34002382        0x2 
 .text.prvCheckForValidListAndQueue
                0x34002384       0x70 build/timers.o
 .text.xTimerCreateTimerTask
                0x340023f4       0x58 build/timers.o
                0x340023f4                xTimerCreateTimerTask
 .text.prvTaskExitError
                0x3400244c       0x2c build/port.o
 .text.vPortSetupTimerInterrupt
                0x34002478       0x2c build/port.o
                0x34002478                vPortSetupTimerInterrupt
 .text.vPortYield
                0x340024a4       0x16 build/port.o
                0x340024a4                vPortYield
 *fill*         0x340024ba        0x2 
 .text.vPortEnterCritical
                0x340024bc       0x1c build/port.o
                0x340024bc                vPortEnterCritical
 .text.vPortExitCritical
                0x340024d8       0x28 build/port.o
                0x340024d8                vPortExitCritical
 .text.SysTick_Handler
                0x34002500       0x22 build/port.o
                0x34002500                SysTick_Handler
 .text.vPortSVCHandler_C
                0x34002522       0x18 build/port.o
                0x34002522                vPortSVCHandler_C
 *fill*         0x3400253a        0x2 
 .text.pxPortInitialiseStack
                0x3400253c       0x90 build/port.o
                0x3400253c                pxPortInitialiseStack
 .text.xPortStartScheduler
                0x340025cc       0xfc build/port.o
                0x340025cc                xPortStartScheduler
 .text.vRestoreContextOfFirstTask
                0x340026c8       0x30 build/portasm.o
                0x340026c8                vRestoreContextOfFirstTask
 .text.vStartFirstTask
                0x340026f8       0x20 build/portasm.o
                0x340026f8                vStartFirstTask
 .text.ulSetInterruptMask
                0x34002718       0x16 build/portasm.o
                0x34002718                ulSetInterruptMask
 .text.vClearInterruptMask
                0x3400272e        0xe build/portasm.o
                0x3400272e                vClearInterruptMask
 .text.PendSV_Handler
                0x3400273c       0x48 build/portasm.o
                0x3400273c                PendSV_Handler
 .text.SVC_Handler
                0x34002784       0x18 build/portasm.o
                0x34002784                SVC_Handler
 .text.IRQ_Context
                0x3400279c       0x2c build/cmsis_os2.o
 .text.osKernelInitialize
                0x340027c8       0x34 build/cmsis_os2.o
                0x340027c8                osKernelInitialize
 .text.osKernelStart
                0x340027fc       0x3c build/cmsis_os2.o
                0x340027fc                osKernelStart
 .text.osThreadNew
                0x34002838       0xc4 build/cmsis_os2.o
                0x34002838                osThreadNew
 .text.osDelay  0x340028fc       0x20 build/cmsis_os2.o
                0x340028fc                osDelay
 .text.Reset_Handler
                0x3400291c       0x5c build/startup_stm32n657xx.o
                0x3400291c                Reset_Handler
 .text.Default_Handler
                0x34002978        0x2 build/startup_stm32n657xx.o
                0x34002978                HPDMA1_Channel13_IRQHandler
                0x34002978                EXTI2_IRQHandler
                0x34002978                MCE2_IRQHandler
                0x34002978                TIM8_CC_IRQHandler
                0x34002978                USB2_OTG_HS_IRQHandler
                0x34002978                SAI1_A_IRQHandler
                0x34002978                EXTI5_IRQHandler
                0x34002978                I3C1_ER_IRQHandler
                0x34002978                UART8_IRQHandler
                0x34002978                CTI_INT0_IRQHandler
                0x34002978                SPI4_IRQHandler
                0x34002978                LTDC_LO_IRQHandler
                0x34002978                NPU2_IRQHandler
                0x34002978                FDCAN3_IT0_IRQHandler
                0x34002978                EXTI13_IRQHandler
                0x34002978                TIM1_CC_IRQHandler
                0x34002978                XSPI1_IRQHandler
                0x34002978                TIM10_IRQHandler
                0x34002978                JPEG_IRQHandler
                0x34002978                TAMP_IRQHandler
                0x34002978                CACHE_ECC_IRQHandler
                0x34002978                TIM6_IRQHandler
                0x34002978                CSI_IRQHandler
                0x34002978                EXTI12_IRQHandler
                0x34002978                GFXTIM_IRQHandler
                0x34002978                EXTI3_IRQHandler
                0x34002978                LPTIM4_IRQHandler
                0x34002978                GPDMA1_Channel5_IRQHandler
                0x34002978                EXTI8_IRQHandler
                0x34002978                LPTIM2_IRQHandler
                0x34002978                GFXMMU_IRQHandler
                0x34002978                LTDC_LO_ERR_IRQHandler
                0x34002978                I2C3_ER_IRQHandler
                0x34002978                RIFSC_TAMPER_IRQHandler
                0x34002978                USART10_IRQHandler
                0x34002978                MDF1_FLT2_IRQHandler
                0x34002978                LPTIM3_IRQHandler
                0x34002978                SAI2_A_IRQHandler
                0x34002978                EXTI0_IRQHandler
                0x34002978                HPDMA1_Channel9_IRQHandler
                0x34002978                I2C2_EV_IRQHandler
                0x34002978                GPU2D_IRQHandler
                0x34002978                FPU_IRQHandler
                0x34002978                GPDMA1_Channel3_IRQHandler
                0x34002978                GPDMA1_Channel7_IRQHandler
                0x34002978                MDF1_FLT4_IRQHandler
                0x34002978                FDCAN1_IT1_IRQHandler
                0x34002978                HPDMA1_Channel3_IRQHandler
                0x34002978                ADC1_2_IRQHandler
                0x34002978                GPDMA1_Channel9_IRQHandler
                0x34002978                SPI1_IRQHandler
                0x34002978                CACHEAXI_IRQHandler
                0x34002978                SAI1_B_IRQHandler
                0x34002978                GPDMA1_Channel2_IRQHandler
                0x34002978                PAHB_ERR_IRQHandler
                0x34002978                TIM8_UP_IRQHandler
                0x34002978                RCC_S_IRQHandler
                0x34002978                MDF1_FLT1_IRQHandler
                0x34002978                LTDC_UP_IRQHandler
                0x34002978                LOCKUP_IRQHandler
                0x34002978                PKA_IRQHandler
                0x34002978                USART6_IRQHandler
                0x34002978                HPDMA1_Channel2_IRQHandler
                0x34002978                MDF1_FLT5_IRQHandler
                0x34002978                MCE4_IRQHandler
                0x34002978                I3C2_ER_IRQHandler
                0x34002978                EXTI15_IRQHandler
                0x34002978                TIM17_IRQHandler
                0x34002978                USART3_IRQHandler
                0x34002978                HPDMA1_Channel6_IRQHandler
                0x34002978                CRYP_IRQHandler
                0x34002978                RTC_IRQHandler
                0x34002978                XSPI2_IRQHandler
                0x34002978                EXTI9_IRQHandler
                0x34002978                IAC_IRQHandler
                0x34002978                HPDMA1_Channel0_IRQHandler
                0x34002978                LPTIM5_IRQHandler
                0x34002978                HPDMA1_Channel1_IRQHandler
                0x34002978                UART5_IRQHandler
                0x34002978                TIM4_IRQHandler
                0x34002978                NPU3_IRQHandler
                0x34002978                I3C2_EV_IRQHandler
                0x34002978                I2C1_EV_IRQHandler
                0x34002978                FDCAN_CU_IRQHandler
                0x34002978                GPDMA1_Channel12_IRQHandler
                0x34002978                HPDMA1_Channel7_IRQHandler
                0x34002978                GPDMA1_Channel1_IRQHandler
                0x34002978                TIM16_IRQHandler
                0x34002978                GPDMA1_Channel15_IRQHandler
                0x34002978                UART4_IRQHandler
                0x34002978                TCM_ECC_IRQHandler
                0x34002978                TIM3_IRQHandler
                0x34002978                RCC_IRQHandler
                0x34002978                UART9_IRQHandler
                0x34002978                NPU1_IRQHandler
                0x34002978                SAI2_B_IRQHandler
                0x34002978                Default_Handler
                0x34002978                GPDMA1_Channel8_IRQHandler
                0x34002978                HPDMA1_Channel8_IRQHandler
                0x34002978                TIM18_IRQHandler
                0x34002978                TIM14_IRQHandler
                0x34002978                TIM13_IRQHandler
                0x34002978                CTI_INT1_IRQHandler
                0x34002978                GPDMA1_Channel11_IRQHandler
                0x34002978                GPU2D_ER_IRQHandler
                0x34002978                SPI5_IRQHandler
                0x34002978                TIM12_IRQHandler
                0x34002978                TIM7_IRQHandler
                0x34002978                FDCAN3_IT1_IRQHandler
                0x34002978                HPDMA1_Channel10_IRQHandler
                0x34002978                SDMMC1_IRQHandler
                0x34002978                SAES_IRQHandler
                0x34002978                TIM5_IRQHandler
                0x34002978                UCPD1_IRQHandler
                0x34002978                GPDMA1_Channel0_IRQHandler
                0x34002978                I3C1_EV_IRQHandler
                0x34002978                HPDMA1_Channel5_IRQHandler
                0x34002978                TIM15_IRQHandler
                0x34002978                I2C3_EV_IRQHandler
                0x34002978                HPDMA1_Channel4_IRQHandler
                0x34002978                HPDMA1_Channel15_IRQHandler
                0x34002978                TIM9_IRQHandler
                0x34002978                ETH1_IRQHandler
                0x34002978                USB1_OTG_HS_IRQHandler
                0x34002978                PVD_PVM_IRQHandler
                0x34002978                SPI2_IRQHandler
                0x34002978                TIM1_TRG_CCU_IRQHandler
                0x34002978                HPDMA1_Channel11_IRQHandler
                0x34002978                EXTI14_IRQHandler
                0x34002978                EXTI11_IRQHandler
                0x34002978                VENC_IRQHandler
                0x34002978                GPDMA1_Channel14_IRQHandler
                0x34002978                EXTI4_IRQHandler
                0x34002978                RTC_S_IRQHandler
                0x34002978                GPDMA1_Channel13_IRQHandler
                0x34002978                RNG_IRQHandler
                0x34002978                XSPI3_IRQHandler
                0x34002978                FDCAN2_IT1_IRQHandler
                0x34002978                TIM1_UP_IRQHandler
                0x34002978                NPU0_IRQHandler
                0x34002978                BCK_ECC_IRQHandler
                0x34002978                WWDG_IRQHandler
                0x34002978                SPI6_IRQHandler
                0x34002978                MDIOS_IRQHandler
                0x34002978                I2C4_EV_IRQHandler
                0x34002978                FDCAN2_IT0_IRQHandler
                0x34002978                IWDG_IRQHandler
                0x34002978                HPDMA1_Channel14_IRQHandler
                0x34002978                LPUART1_IRQHandler
                0x34002978                FDCAN1_IT0_IRQHandler
                0x34002978                MDF1_FLT0_IRQHandler
                0x34002978                TIM2_IRQHandler
                0x34002978                MCE3_IRQHandler
                0x34002978                GPDMA1_Channel4_IRQHandler
                0x34002978                EXTI7_IRQHandler
                0x34002978                DMA2D_IRQHandler
                0x34002978                TIM1_BRK_IRQHandler
                0x34002978                EXTI1_IRQHandler
                0x34002978                SDMMC2_IRQHandler
                0x34002978                TIM11_IRQHandler
                0x34002978                LTDC_UP_ERR_IRQHandler
                0x34002978                UART7_IRQHandler
                0x34002978                DTS_IRQHandler
                0x34002978                MDF1_FLT3_IRQHandler
                0x34002978                USART2_IRQHandler
                0x34002978                GPDMA1_Channel6_IRQHandler
                0x34002978                ADF1_FLT0_IRQHandler
                0x34002978                I2C2_ER_IRQHandler
                0x34002978                MCE1_IRQHandler
                0x34002978                SPDIFRX_IRQHandler
                0x34002978                TIM8_BRK_IRQHandler
                0x34002978                HPDMA1_Channel12_IRQHandler
                0x34002978                USART1_IRQHandler
                0x34002978                EXTI10_IRQHandler
                0x34002978                SPI3_IRQHandler
                0x34002978                WAKEUP_PIN_IRQHandler
                0x34002978                DCMIPP_IRQHandler
                0x34002978                I2C1_ER_IRQHandler
                0x34002978                FMC_IRQHandler
                0x34002978                EXTI6_IRQHandler
                0x34002978                LPTIM1_IRQHandler
                0x34002978                DCMI_PSSI_IRQHandler
                0x34002978                TIM8_TRG_CCU_IRQHandler
                0x34002978                I2C4_ER_IRQHandler
                0x34002978                GPDMA1_Channel10_IRQHandler
                0x34002978                ICACHE_IRQHandler
                0x34002978                HASH_IRQHandler
 .text.memset   0x3400297a       0x10 C:/ST/STM32CubeIDE_2.0.0/STM32CubeIDE/plugins/com.st.stm32cube.ide.mcu.externaltools.gnu-tools-for-stm32.13.3.rel1.win32_1.0.100.202509120712/tools/bin/../lib/gcc/arm-none-eabi/13.3.1/../../../../arm-none-eabi/lib/thumb/v8-m.main+dp/hard\libc_nano.a(libc_a-memset.o)
                0x3400297a                memset
 *fill*         0x3400298a        0x2 
 .text.__libc_init_array
                0x3400298c       0x48 C:/ST/STM32CubeIDE_2.0.0/STM32CubeIDE/plugins/com.st.stm32cube.ide.mcu.externaltools.gnu-tools-for-stm32.13.3.rel1.win32_1.0.100.202509120712/tools/bin/../lib/gcc/arm-none-eabi/13.3.1/../../../../arm-none-eabi/lib/thumb/v8-m.main+dp/hard\libc_nano.a(libc_a-init.o)
                0x3400298c                __libc_init_array
 .text.memcpy   0x340029d4       0x1a C:/ST/STM32CubeIDE_2.0.0/STM32CubeIDE/plugins/com.st.stm32cube.ide.mcu.externaltools.gnu-tools-for-stm32.13.3.rel1.win32_1.0.100.202509120712/tools/bin/../lib/gcc/arm-none-eabi/13.3.1/../../../../arm-none-eabi/lib/thumb/v8-m.main+dp/hard\libc_nano.a(libc_a-memcpy-stub.o)
                0x340029d4                memcpy
 *(.glue_7)
 .glue_7        0x340029ee        0x0 linker stubs
 *(.glue_7t)
 .glue_7t       0x340029ee        0x0 linker stubs
 *(.eh_frame)
 *fill*         0x340029ee        0x2 
 .eh_frame      0x340029f0        0x0 C:/ST/STM32CubeIDE_2.0.0/STM32CubeIDE/plugins/com.st.stm32cube.ide.mcu.externaltools.gnu-tools-for-stm32.13.3.rel1.win32_1.0.100.202509120712/tools/bin/../lib/gcc/arm-none-eabi/13.3.1/thumb/v8-m.main+dp/hard/crtbegin.o
 *(.RamFunc)
 *(.RamFunc*)
 *(.init)
 .init          0x340029f0        0x4 C:/ST/STM32CubeIDE_2.0.0/STM32CubeIDE/plugins/com.st.stm32cube.ide.mcu.externaltools.gnu-tools-for-stm32.13.3.rel1.win32_1.0.100.202509120712/tools/bin/../lib/gcc/arm-none-eabi/13.3.1/thumb/v8-m.main+dp/hard/crti.o
                0x340029f0                _init
 .init          0x340029f4        0x8 C:/ST/STM32CubeIDE_2.0.0/STM32CubeIDE/plugins/com.st.stm32cube.ide.mcu.externaltools.gnu-tools-for-stm32.13.3.rel1.win32_1.0.100.202509120712/tools/bin/../lib/gcc/arm-none-eabi/13.3.1/thumb/v8-m.main+dp/hard/crtn.o
 *(.fini)
 .fini          0x340029fc        0x4 C:/ST/STM32CubeIDE_2.0.0/STM32CubeIDE/plugins/com.st.stm32cube.ide.mcu.externaltools.gnu-tools-for-stm32.13.3.rel1.win32_1.0.100.202509120712/tools/bin/../lib/gcc/arm-none-eabi/13.3.1/thumb/v8-m.main+dp/hard/crti.o
                0x340029fc                _fini
 .fini          0x34002a00        0x8 C:/ST/STM32CubeIDE_2.0.0/STM32CubeIDE/plugins/com.st.stm32cube.ide.mcu.externaltools.gnu-tools-for-stm32.13.3.rel1.win32_1.0.100.202509120712/tools/bin/../lib/gcc/arm-none-eabi/13.3.1/thumb/v8-m.main+dp/hard/crtn.o
                0x34002a08                        . = ALIGN (0x4)
                0x34002a08                        _etext = .

.vfp11_veneer   0x34002a08        0x0
 .vfp11_veneer  0x34002a08        0x0 linker stubs

.v4_bx          0x34002a08        0x0
 .v4_bx         0x34002a08        0x0 linker stubs

.iplt           0x34002a08        0x0
 .iplt          0x34002a08        0x0 C:/ST/STM32CubeIDE_2.0.0/STM32CubeIDE/plugins/com.st.stm32cube.ide.mcu.externaltools.gnu-tools-for-stm32.13.3.rel1.win32_1.0.100.202509120712/tools/bin/../lib/gcc/arm-none-eabi/13.3.1/thumb/v8-m.main+dp/hard/crtbegin.o

.rodata         0x34002a08       0x4c
                0x34002a08                        . = ALIGN (0x4)
 *(.rodata)
 *(.rodata*)
 .rodata.str1.4
                0x34002a08       0x24 build/app_freertos.o
                                  0xc (size before relaxing)
 .rodata.defaultTask_attributes
                0x34002a2c       0x24 build/app_freertos.o
                0x34002a2c                defaultTask_attributes
 .rodata.prvCreateIdleTasks.str1.4
                0x34002a50        0x0 build/tasks.o
                                  0x5 (size before relaxing)
 .rodata.uxTopUsedPriority
                0x34002a50        0x4 build/tasks.o
 .rodata.prvCheckForValidListAndQueue.str1.4
                0x34002a54        0x0 build/timers.o
                                  0x5 (size before relaxing)
 .rodata.xTimerCreateTimerTask.str1.4
                0x34002a54        0x0 build/timers.o
                                  0x8 (size before relaxing)
                0x34002a54                        . = ALIGN (0x4)

.rel.dyn        0x34002a54        0x0
 .rel.iplt      0x34002a54        0x0 C:/ST/STM32CubeIDE_2.0.0/STM32CubeIDE/plugins/com.st.stm32cube.ide.mcu.externaltools.gnu-tools-for-stm32.13.3.rel1.win32_1.0.100.202509120712/tools/bin/../lib/gcc/arm-none-eabi/13.3.1/thumb/v8-m.main+dp/hard/crtbegin.o

.ARM.extab      0x34002a54        0x0
                0x34002a54                        . = ALIGN (0x4)
 *(.ARM.extab* .gnu.linkonce.armextab.*)
                0x34002a54                        . = ALIGN (0x4)

.ARM            0x34002a54        0x0
                0x34002a54                        . = ALIGN (0x4)
                0x34002a54                        __exidx_start = .
 *(.ARM.exidx*)
                0x34002a54                        __exidx_end = .
                0x34002a54                        . = ALIGN (0x4)

.preinit_array  0x34002a54        0x0
                0x34002a54                        . = ALIGN (0x4)
                0x34002a54                        PROVIDE (__preinit_array_start = .)
 *(.preinit_array*)
                0x34002a54                        PROVIDE (__preinit_array_end = .)
                0x34002a54                        . = ALIGN (0x4)

.init_array     0x34002a54        0x4
                0x34002a54                        . = ALIGN (0x4)
                0x34002a54                        PROVIDE (__init_array_start = .)
 *(SORT_BY_NAME(.init_array.*))
 *(.init_array*)
 .init_array    0x34002a54        0x4 C:/ST/STM32CubeIDE_2.0.0/STM32CubeIDE/plugins/com.st.stm32cube.ide.mcu.externaltools.gnu-tools-for-stm32.13.3.rel1.win32_1.0.100.202509120712/tools/bin/../lib/gcc/arm-none-eabi/13.3.1/thumb/v8-m.main+dp/hard/crtbegin.o
                0x34002a58                        PROVIDE (__init_array_end = .)
                0x34002a58                        . = ALIGN (0x4)

.fini_array     0x34002a58        0x4
                0x34002a58                        . = ALIGN (0x4)
                [!provide]                        PROVIDE (__fini_array_start = .)
 *(SORT_BY_NAME(.fini_array.*))
 *(.fini_array*)
 .fini_array    0x34002a58        0x4 C:/ST/STM32CubeIDE_2.0.0/STM32CubeIDE/plugins/com.st.stm32cube.ide.mcu.externaltools.gnu-tools-for-stm32.13.3.rel1.win32_1.0.100.202509120712/tools/bin/../lib/gcc/arm-none-eabi/13.3.1/thumb/v8-m.main+dp/hard/crtbegin.o
                [!provide]                        PROVIDE (__fini_array_end = .)
                0x34002a5c                        . = ALIGN (0x4)

.gnu.sgstubs    0x34002a60       0x20
                0x34002a60                        _sNSCVeneer = .
 *(.gnu.sgstubs*)
                0x34002a60                        . = ALIGN (0x20)
 FILL mask 0x00
 .gnu.sgstubs.__stub
                0x34002a60       0x10 linker stubs
                0x34002a60                SECURE_SystemCoreClockUpdate
                0x34002a68                SECURE_RegisterCallback
                0x34002a80                        _eNSCVeneer = .
                0x34002a80                        _sidata = LOADADDR (.data)

.data           0x34080000       0x10 load address 0x34002a80
                0x34080000                        . = ALIGN (0x4)
                0x34080000                        _sdata = .
 *(.data)
 *(.data*)
 .data.uwTickFreq
                0x34080000        0x1 build/stm32n6xx_hal.o
                0x34080000                uwTickFreq
 *fill*         0x34080001        0x3 
 .data.uwTickPrio
                0x34080004        0x4 build/stm32n6xx_hal.o
                0x34080004                uwTickPrio
 .data.SystemCoreClock
                0x34080008        0x4 build/system_stm32n6xx_s.o
                0x34080008                SystemCoreClock
 .data.ulCriticalNesting
                0x3408000c        0x4 build/port.o
                0x34080010                        . = ALIGN (0x4)

.igot.plt       0x34080010        0x0 load address 0x34002a90
 .igot.plt      0x34080010        0x0 C:/ST/STM32CubeIDE_2.0.0/STM32CubeIDE/plugins/com.st.stm32cube.ide.mcu.externaltools.gnu-tools-for-stm32.13.3.rel1.win32_1.0.100.202509120712/tools/bin/../lib/gcc/arm-none-eabi/13.3.1/thumb/v8-m.main+dp/hard/crtbegin.o

.tdata          0x34080010        0x0 load address 0x34002a90
 *(.tdata .tdata.* .gnu.linkonce.td.*)
                0x34080010                        . = ALIGN (0x4)
                0x34080010                        _edata = .
                [!provide]                        PROVIDE (__data_end = .)
                [!provide]                        PROVIDE (__tdata_end = .)
                [!provide]                        PROVIDE (__tdata_start = ADDR (.tdata))
                [!provide]                        PROVIDE (__tdata_size = (__tdata_end - __tdata_start))
                [!provide]                        PROVIDE (__data_start = ADDR (.data))
                [!provide]                        PROVIDE (__data_size = (__data_end - __data_start))
                [!provide]                        PROVIDE (__tdata_source = LOADADDR (.tdata))
                [!provide]                        PROVIDE (__tdata_source_end = (LOADADDR (.tdata) + SIZEOF (.tdata)))
                [!provide]                        PROVIDE (__tdata_source_size = (__tdata_source_end - __tdata_source))
                [!provide]                        PROVIDE (__data_source = LOADADDR (.data))
                [!provide]                        PROVIDE (__data_source_end = __tdata_source_end)
                [!provide]                        PROVIDE (__data_source_size = (__data_source_end - __data_source))

.noncacheable   0x34080010        0x0 load address 0x34002a90
                0x34080010                        . = ALIGN (0x8)
                0x34080010                        __snoncacheable = .
 *(.noncacheable)
                0x34080010                        . = ALIGN (0x8)
                0x34080010                        __enoncacheable = .

.tbss           0x34080010        0x0 load address 0x34002a90
                0x34080010                        _sbss = .
                0x34080010                        __bss_start__ = _sbss
 *(.tbss .tbss.*)
                0x34080010                        . = ALIGN (0x4)
                [!provide]                        PROVIDE (__tbss_end = .)
                [!provide]                        PROVIDE (__tbss_start = ADDR (.tbss))
                [!provide]                        PROVIDE (__tbss_size = (__tbss_end - __tbss_start))
                [!provide]                        PROVIDE (__tbss_offset = (ADDR (.tbss) - ADDR (.tdata)))
                [!provide]                        PROVIDE (__tls_base = __tdata_start)
                [!provide]                        PROVIDE (__tls_end = __tbss_end)
                [!provide]                        PROVIDE (__tls_size = (__tls_end - __tls_base))
                [!provide]                        PROVIDE (__tls_align = MAX (ALIGNOF (.tdata), ALIGNOF (.tbss)))
                [!provide]                        PROVIDE (__tls_size_align = (((__tls_size + __tls_align) - 0x1) & ~ ((__tls_align - 0x1))))
                [!provide]                        PROVIDE (__arm32_tls_tcb_offset = MAX (0x8, __tls_align))
                [!provide]                        PROVIDE (__arm64_tls_tcb_offset = MAX (0x10, __tls_align))

.bss            0x34080010     0x2b74 load address 0x34002a90
 *(.bss)
 .bss           0x34080010       0x1c C:/ST/STM32CubeIDE_2.0.0/STM32CubeIDE/plugins/com.st.stm32cube.ide.mcu.externaltools.gnu-tools-for-stm32.13.3.rel1.win32_1.0.100.202509120712/tools/bin/../lib/gcc/arm-none-eabi/13.3.1/thumb/v8-m.main+dp/hard/crtbegin.o
 *(.bss*)
 .bss.defaultTaskHandle
                0x3408002c        0x4 build/app_freertos.o
                0x3408002c                defaultTaskHandle
 .bss.pSecureErrorCallback
                0x34080030        0x4 build/secure_nsc.o
                0x34080030                pSecureErrorCallback
 .bss.pSecureFaultCallback
                0x34080034        0x4 build/secure_nsc.o
                0x34080034                pSecureFaultCallback
 .bss.xNumberOfSuccessfulFrees
                0x34080038        0x4 build/heap_4.o
 .bss.xNumberOfSuccessfulAllocations
                0x3408003c        0x4 build/heap_4.o
 .bss.xMinimumEverFreeBytesRemaining
                0x34080040        0x4 build/heap_4.o
 .bss.xFreeBytesRemaining
                0x34080044        0x4 build/heap_4.o
 .bss.pxEnd     0x34080048        0x4 build/heap_4.o
 .bss.xStart    0x3408004c        0x8 build/heap_4.o
 .bss.ucHeap    0x34080054     0x2000 build/heap_4.o
 .bss.xQueueRegistry
                0x34082054       0x40 build/queue.o
                0x34082054                xQueueRegistry
 .bss.uxTimerTaskStack.0
                0x34082094      0x200 build/tasks.o
 .bss.xTimerTaskTCB.1
                0x34082294       0x5c build/tasks.o
 .bss.uxIdleTaskStack.2
                0x340822f0      0x200 build/tasks.o
 .bss.xIdleTaskTCB.3
                0x340824f0       0x5c build/tasks.o
 .bss.uxSchedulerSuspended
                0x3408254c        0x4 build/tasks.o
 .bss.xIdleTaskHandles
                0x34082550        0x4 build/tasks.o
 .bss.xNextTaskUnblockTime
                0x34082554        0x4 build/tasks.o
 .bss.uxTaskNumber
                0x34082558        0x4 build/tasks.o
 .bss.xNumOfOverflows
                0x3408255c        0x4 build/tasks.o
 .bss.xYieldPendings
                0x34082560        0x4 build/tasks.o
 .bss.xPendedTicks
                0x34082564        0x4 build/tasks.o
 .bss.xSchedulerRunning
                0x34082568        0x4 build/tasks.o
 .bss.uxTopReadyPriority
                0x3408256c        0x4 build/tasks.o
 .bss.xTickCount
                0x34082570        0x4 build/tasks.o
 .bss.uxCurrentNumberOfTasks
                0x34082574        0x4 build/tasks.o
 .bss.xSuspendedTaskList
                0x34082578       0x14 build/tasks.o
 .bss.uxDeletedTasksWaitingCleanUp
                0x3408258c        0x4 build/tasks.o
 .bss.xTasksWaitingTermination
                0x34082590       0x14 build/tasks.o
 .bss.xPendingReadyList
                0x340825a4       0x14 build/tasks.o
 .bss.pxOverflowDelayedTaskList
                0x340825b8        0x4 build/tasks.o
 .bss.pxDelayedTaskList
                0x340825bc        0x4 build/tasks.o
 .bss.xDelayedTaskList2
                0x340825c0       0x14 build/tasks.o
 .bss.xDelayedTaskList1
                0x340825d4       0x14 build/tasks.o
 .bss.pxReadyTasksLists
                0x340825e8      0x460 build/tasks.o
 .bss.pxCurrentTCB
                0x34082a48        0x4 build/tasks.o
                0x34082a48                pxCurrentTCB
 .bss.xStaticTimerQueue.0
                0x34082a4c       0x50 build/timers.o
 .bss.ucStaticTimerQueueStorage.1
                0x34082a9c       0xa0 build/timers.o
 .bss.xLastTime.2
                0x34082b3c        0x4 build/timers.o
 .bss.xTimerTaskHandle
                0x34082b40        0x4 build/timers.o
 .bss.xTimerQueue
                0x34082b44        0x4 build/timers.o
 .bss.pxOverflowTimerList
                0x34082b48        0x4 build/timers.o
 .bss.pxCurrentTimerList
                0x34082b4c        0x4 build/timers.o
 .bss.xActiveTimerList2
                0x34082b50       0x14 build/timers.o
 .bss.xActiveTimerList1
                0x34082b64       0x14 build/timers.o
 .bss.ulMaxPRIGROUPValue
                0x34082b78        0x4 build/port.o
 .bss.ucMaxSysCallPriority
                0x34082b7c        0x1 build/port.o
 *fill*         0x34082b7d        0x3 
 .bss.KernelState
                0x34082b80        0x4 build/cmsis_os2.o
 *(COMMON)
                0x34082b84                        . = ALIGN (0x4)
                0x34082b84                        _ebss = .
                0x34082b84                        __bss_end__ = _ebss
                [!provide]                        PROVIDE (__bss_end = .)
                [!provide]                        PROVIDE (__non_tls_bss_start = ADDR (.bss))
                [!provide]                        PROVIDE (__bss_start = __tbss_start)
                [!provide]                        PROVIDE (__bss_size = (__bss_end - __bss_start))

._user_heap_stack
                0x34082b84      0xa04 load address 0x34002a90
                0x34082b88                        . = ALIGN (0x8)
 *fill*         0x34082b84        0x4 
                [!provide]                        PROVIDE (end = .)
                0x34082b88                        PROVIDE (_end = .)
                0x34082d88                        . = (. + _Min_Heap_Size)
 *fill*         0x34082b88      0x200 
                0x34083588                        . = (. + _Min_Stack_Size)
 *fill*         0x34082d88      0x800 
                0x34083588                        . = ALIGN (0x8)

/DISCARD/
 libc.a:*(*)
 libm.a:*(*)
 libgcc.a:*(*)

.ARM.attributes
                0x00000000       0x3a
 *(.ARM.attributes)
 .ARM.attributes
                0x00000000       0x24 C:/ST/STM32CubeIDE_2.0.0/STM32CubeIDE/plugins/com.st.stm32cube.ide.mcu.externaltools.gnu-tools-for-stm32.13.3.rel1.win32_1.0.100.202509120712/tools/bin/../lib/gcc/arm-none-eabi/13.3.1/thumb/v8-m.main+dp/hard/crti.o
 .ARM.attributes
                0x00000024       0x36 C:/ST/STM32CubeIDE_2.0.0/STM32CubeIDE/plugins/com.st.stm32cube.ide.mcu.externaltools.gnu-tools-for-stm32.13.3.rel1.win32_1.0.100.202509120712/tools/bin/../lib/gcc/arm-none-eabi/13.3.1/thumb/v8-m.main+dp/hard/crtbegin.o
 .ARM.attributes
                0x0000005a       0x3e build/main.o
 .ARM.attributes
                0x00000098       0x3e build/app_freertos.o
 .ARM.attributes
                0x000000d6       0x3e build/stm32n6xx_it.o
 .ARM.attributes
                0x00000114       0x3e build/stm32n6xx_hal_msp.o
 .ARM.attributes
                0x00000152       0x3e build/secure_nsc.o
 .ARM.attributes
                0x00000190       0x3e build/stm32n6xx_hal_cortex.o
 .ARM.attributes
                0x000001ce       0x3e build/stm32n6xx_hal_gpio.o
 .ARM.attributes
                0x0000020c       0x3e build/stm32n6xx_hal_pwr_ex.o
 .ARM.attributes
                0x0000024a       0x3e build/stm32n6xx_hal.o
 .ARM.attributes
                0x00000288       0x3e build/system_stm32n6xx_s.o
 .ARM.attributes
                0x000002c6       0x3e build/heap_4.o
 .ARM.attributes
                0x00000304       0x3e build/list.o
 .ARM.attributes
                0x00000342       0x3e build/queue.o
 .ARM.attributes
                0x00000380       0x3e build/tasks.o
 .ARM.attributes
                0x000003be       0x3e build/timers.o
 .ARM.attributes
                0x000003fc       0x3e build/port.o
 .ARM.attributes
                0x0000043a       0x3e build/portasm.o
 .ARM.attributes
                0x00000478       0x3e build/cmsis_os2.o
 .ARM.attributes
                0x000004b6       0x22 build/startup_stm32n657xx.o
 .ARM.attributes
                0x000004d8       0x36 C:/ST/STM32CubeIDE_2.0.0/STM32CubeIDE/plugins/com.st.stm32cube.ide.mcu.externaltools.gnu-tools-for-stm32.13.3.rel1.win32_1.0.100.202509120712/tools/bin/../lib/gcc/arm-none-eabi/13.3.1/../../../../arm-none-eabi/lib/thumb/v8-m.main+dp/hard\libc_nano.a(libc_a-memset.o)
 .ARM.attributes
                0x0000050e       0x36 C:/ST/STM32CubeIDE_2.0.0/STM32CubeIDE/plugins/com.st.stm32cube.ide.mcu.externaltools.gnu-tools-for-stm32.13.3.rel1.win32_1.0.100.202509120712/tools/bin/../lib/gcc/arm-none-eabi/13.3.1/../../../../arm-none-eabi/lib/thumb/v8-m.main+dp/hard\libc_nano.a(libc_a-init.o)
 .ARM.attributes
                0x00000544       0x36 C:/ST/STM32CubeIDE_2.0.0/STM32CubeIDE/plugins/com.st.stm32cube.ide.mcu.externaltools.gnu-tools-for-stm32.13.3.rel1.win32_1.0.100.202509120712/tools/bin/../lib/gcc/arm-none-eabi/13.3.1/../../../../arm-none-eabi/lib/thumb/v8-m.main+dp/hard\libc_nano.a(libc_a-memcpy-stub.o)
 .ARM.attributes
                0x0000057a       0x24 C:/ST/STM32CubeIDE_2.0.0/STM32CubeIDE/plugins/com.st.stm32cube.ide.mcu.externaltools.gnu-tools-for-stm32.13.3.rel1.win32_1.0.100.202509120712/tools/bin/../lib/gcc/arm-none-eabi/13.3.1/thumb/v8-m.main+dp/hard/crtn.o
OUTPUT(build/resetLoadAndRun_Appli.elf elf32-littlearm)
LOAD linker stubs

.debug_info     0x00000000    0x183ae
 .debug_info    0x00000000     0x1964 build/main.o
 .debug_info    0x00001964      0x645 build/app_freertos.o
 .debug_info    0x00001fa9      0x126 build/stm32n6xx_it.o
 .debug_info    0x000020cf       0xce build/stm32n6xx_hal_msp.o
 .debug_info    0x0000219d      0x11b build/secure_nsc.o
 .debug_info    0x000022b8     0x1a64 build/stm32n6xx_hal_cortex.o
 .debug_info    0x00003d1c      0xd97 build/stm32n6xx_hal_gpio.o
 .debug_info    0x00004ab3     0x1119 build/stm32n6xx_hal_pwr_ex.o
 .debug_info    0x00005bcc     0x30c7 build/stm32n6xx_hal.o
 .debug_info    0x00008c93     0x1e62 build/system_stm32n6xx_s.o
 .debug_info    0x0000aaf5      0x6d8 build/heap_4.o
 .debug_info    0x0000b1cd      0x30a build/list.o
 .debug_info    0x0000b4d7     0x27aa build/queue.o
 .debug_info    0x0000dc81     0x3b88 build/tasks.o
 .debug_info    0x00011809     0x1d38 build/timers.o
 .debug_info    0x00013541      0x575 build/port.o
 .debug_info    0x00013ab6      0x17e build/portasm.o
 .debug_info    0x00013c34     0x474a build/cmsis_os2.o
 .debug_info    0x0001837e       0x30 build/startup_stm32n657xx.o

.debug_abbrev   0x00000000     0x299a
 .debug_abbrev  0x00000000      0x278 build/main.o
 .debug_abbrev  0x00000278      0x1f7 build/app_freertos.o
 .debug_abbrev  0x0000046f       0x46 build/stm32n6xx_it.o
 .debug_abbrev  0x000004b5       0x64 build/stm32n6xx_hal_msp.o
 .debug_abbrev  0x00000519       0x9f build/secure_nsc.o
 .debug_abbrev  0x000005b8      0x3e3 build/stm32n6xx_hal_cortex.o
 .debug_abbrev  0x0000099b      0x2b0 build/stm32n6xx_hal_gpio.o
 .debug_abbrev  0x00000c4b      0x2a7 build/stm32n6xx_hal_pwr_ex.o
 .debug_abbrev  0x00000ef2      0x2d4 build/stm32n6xx_hal.o
 .debug_abbrev  0x000011c6      0x169 build/system_stm32n6xx_s.o
 .debug_abbrev  0x0000132f      0x291 build/heap_4.o
 .debug_abbrev  0x000015c0      0x11d build/list.o
 .debug_abbrev  0x000016dd      0x37d build/queue.o
 .debug_abbrev  0x00001a5a      0x38d build/tasks.o
 .debug_abbrev  0x00001de7      0x3b5 build/timers.o
 .debug_abbrev  0x0000219c      0x216 build/port.o
 .debug_abbrev  0x000023b2       0xb8 build/portasm.o
 .debug_abbrev  0x0000246a      0x513 build/cmsis_os2.o
 .debug_abbrev  0x0000297d       0x1d build/startup_stm32n657xx.o

.debug_loc      0x00000000    0x11b51
 .debug_loc     0x00000000       0xc0 build/main.o
 .debug_loc     0x000000c0       0x8e build/app_freertos.o
 .debug_loc     0x0000014e       0x20 build/stm32n6xx_hal_msp.o
 .debug_loc     0x0000016e       0x82 build/secure_nsc.o
 .debug_loc     0x000001f0      0xb38 build/stm32n6xx_hal_cortex.o
 .debug_loc     0x00000d28      0x9e1 build/stm32n6xx_hal_gpio.o
 .debug_loc     0x00001709      0x698 build/stm32n6xx_hal_pwr_ex.o
 .debug_loc     0x00001da1     0x106b build/stm32n6xx_hal.o
 .debug_loc     0x00002e0c      0x5f4 build/system_stm32n6xx_s.o
 .debug_loc     0x00003400      0x6c1 build/heap_4.o
 .debug_loc     0x00003ac1       0xeb build/list.o
 .debug_loc     0x00003bac     0x34dd build/queue.o
 .debug_loc     0x00007089     0x46f1 build/tasks.o
 .debug_loc     0x0000b77a     0x1dee build/timers.o
 .debug_loc     0x0000d568      0x45a build/port.o
 .debug_loc     0x0000d9c2     0x418f build/cmsis_os2.o

.debug_aranges  0x00000000     0x1268
 .debug_aranges
                0x00000000       0x38 build/main.o
 .debug_aranges
                0x00000038       0x28 build/app_freertos.o
 .debug_aranges
                0x00000060       0x50 build/stm32n6xx_it.o
 .debug_aranges
                0x000000b0       0x20 build/stm32n6xx_hal_msp.o
 .debug_aranges
                0x000000d0       0x20 build/secure_nsc.o
 .debug_aranges
                0x000000f0      0x140 build/stm32n6xx_hal_cortex.o
 .debug_aranges
                0x00000230       0xa8 build/stm32n6xx_hal_gpio.o
 .debug_aranges
                0x000002d8      0x260 build/stm32n6xx_hal_pwr_ex.o
 .debug_aranges
                0x00000538      0x3d0 build/stm32n6xx_hal.o
 .debug_aranges
                0x00000908       0x38 build/system_stm32n6xx_s.o
 .debug_aranges
                0x00000940       0x70 build/heap_4.o
 .debug_aranges
                0x000009b0       0x40 build/list.o
 .debug_aranges
                0x000009f0      0x170 build/queue.o
 .debug_aranges
                0x00000b60      0x260 build/tasks.o
 .debug_aranges
                0x00000dc0      0x118 build/timers.o
 .debug_aranges
                0x00000ed8       0x78 build/port.o
 .debug_aranges
                0x00000f50       0x60 build/portasm.o
 .debug_aranges
                0x00000fb0      0x290 build/cmsis_os2.o
 .debug_aranges
                0x00001240       0x28 build/startup_stm32n657xx.o

.debug_ranges   0x00000000     0x15f8
 .debug_ranges  0x00000000       0x28 build/main.o
 .debug_ranges  0x00000028       0x18 build/app_freertos.o
 .debug_ranges  0x00000040       0x40 build/stm32n6xx_it.o
 .debug_ranges  0x00000080       0x10 build/stm32n6xx_hal_msp.o
 .debug_ranges  0x00000090       0x10 build/secure_nsc.o
 .debug_ranges  0x000000a0      0x130 build/stm32n6xx_hal_cortex.o
 .debug_ranges  0x000001d0       0xc8 build/stm32n6xx_hal_gpio.o
 .debug_ranges  0x00000298      0x2b0 build/stm32n6xx_hal_pwr_ex.o
 .debug_ranges  0x00000548      0x3c0 build/stm32n6xx_hal.o
 .debug_ranges  0x00000908       0x28 build/system_stm32n6xx_s.o
 .debug_ranges  0x00000930       0x60 build/heap_4.o
 .debug_ranges  0x00000990       0x30 build/list.o
 .debug_ranges  0x000009c0      0x288 build/queue.o
 .debug_ranges  0x00000c48      0x520 build/tasks.o
 .debug_ranges  0x00001168      0x120 build/timers.o
 .debug_ranges  0x00001288       0x80 build/port.o
 .debug_ranges  0x00001308       0x50 build/portasm.o
 .debug_ranges  0x00001358      0x280 build/cmsis_os2.o
 .debug_ranges  0x000015d8       0x20 build/startup_stm32n657xx.o

.debug_line     0x00000000     0xf5eb
 .debug_line    0x00000000      0x434 build/main.o
 .debug_line    0x00000434      0x378 build/app_freertos.o
 .debug_line    0x000007ac       0xef build/stm32n6xx_it.o
 .debug_line    0x0000089b       0xa3 build/stm32n6xx_hal_msp.o
 .debug_line    0x0000093e       0xa8 build/secure_nsc.o
 .debug_line    0x000009e6      0xb65 build/stm32n6xx_hal_cortex.o
 .debug_line    0x0000154b      0xcd3 build/stm32n6xx_hal_gpio.o
 .debug_line    0x0000221e      0xf6f build/stm32n6xx_hal_pwr_ex.o
 .debug_line    0x0000318d     0x1482 build/stm32n6xx_hal.o
 .debug_line    0x0000460f      0x70c build/system_stm32n6xx_s.o
 .debug_line    0x00004d1b      0xaf0 build/heap_4.o
 .debug_line    0x0000580b      0x4d6 build/list.o
 .debug_line    0x00005ce1     0x1dfc build/queue.o
 .debug_line    0x00007add     0x3523 build/tasks.o
 .debug_line    0x0000b000      0xfc5 build/timers.o
 .debug_line    0x0000bfc5      0x750 build/port.o
 .debug_line    0x0000c715      0x35f build/portasm.o
 .debug_line    0x0000ca74     0x2b00 build/cmsis_os2.o
 .debug_line    0x0000f574       0x77 build/startup_stm32n657xx.o

.debug_str      0x00000000     0x776f
 .debug_str     0x00000000     0x776f build/main.o
                                0xedb (size before relaxing)
 .debug_str     0x0000776f        0x0 build/app_freertos.o
                                0x7d8 (size before relaxing)
 .debug_str     0x0000776f        0x0 build/stm32n6xx_it.o
                                0x22b (size before relaxing)
 .debug_str     0x0000776f        0x0 build/stm32n6xx_hal_msp.o
                                0x1f1 (size before relaxing)
 .debug_str     0x0000776f        0x0 build/secure_nsc.o
                                0x23e (size before relaxing)
 .debug_str     0x0000776f        0x0 build/stm32n6xx_hal_cortex.o
                               0x1432 (size before relaxing)
 .debug_str     0x0000776f        0x0 build/stm32n6xx_hal_gpio.o
                                0x67b (size before relaxing)
 .debug_str     0x0000776f        0x0 build/stm32n6xx_hal_pwr_ex.o
                                0xd6e (size before relaxing)
 .debug_str     0x0000776f        0x0 build/stm32n6xx_hal.o
                               0x2942 (size before relaxing)
 .debug_str     0x0000776f        0x0 build/system_stm32n6xx_s.o
                                0xfcd (size before relaxing)
 .debug_str     0x0000776f        0x0 build/heap_4.o
                                0x59c (size before relaxing)
 .debug_str     0x0000776f        0x0 build/list.o
                                0x309 (size before relaxing)
 .debug_str     0x0000776f        0x0 build/queue.o
                                0xd94 (size before relaxing)
 .debug_str     0x0000776f        0x0 build/tasks.o
                               0x15b4 (size before relaxing)
 .debug_str     0x0000776f        0x0 build/timers.o
                                0xccd (size before relaxing)
 .debug_str     0x0000776f        0x0 build/port.o
                                0x4f4 (size before relaxing)
 .debug_str     0x0000776f        0x0 build/portasm.o
                                0x29a (size before relaxing)
 .debug_str     0x0000776f        0x0 build/cmsis_os2.o
                               0x1b4a (size before relaxing)
 .debug_str     0x0000776f        0x0 build/startup_stm32n657xx.o
                                 0x71 (size before relaxing)

.comment        0x00000000       0x43
 .comment       0x00000000       0x43 build/main.o
                                 0x44 (size before relaxing)
 .comment       0x00000043        0x0 build/app_freertos.o
                                 0x44 (size before relaxing)
 .comment       0x00000043        0x0 build/stm32n6xx_it.o
                                 0x44 (size before relaxing)
 .comment       0x00000043        0x0 build/stm32n6xx_hal_msp.o
                                 0x44 (size before relaxing)
 .comment       0x00000043        0x0 build/secure_nsc.o
                                 0x44 (size before relaxing)
 .comment       0x00000043        0x0 build/stm32n6xx_hal_cortex.o
                                 0x44 (size before relaxing)
 .comment       0x00000043        0x0 build/stm32n6xx_hal_gpio.o
                                 0x44 (size before relaxing)
 .comment       0x00000043        0x0 build/stm32n6xx_hal_pwr_ex.o
                                 0x44 (size before relaxing)
 .comment       0x00000043        0x0 build/stm32n6xx_hal.o
                                 0x44 (size before relaxing)
 .comment       0x00000043        0x0 build/system_stm32n6xx_s.o
                                 0x44 (size before relaxing)
 .comment       0x00000043        0x0 build/heap_4.o
                                 0x44 (size before relaxing)
 .comment       0x00000043        0x0 build/list.o
                                 0x44 (size before relaxing)
 .comment       0x00000043        0x0 build/queue.o
                                 0x44 (size before relaxing)
 .comment       0x00000043        0x0 build/tasks.o
                                 0x44 (size before relaxing)
 .comment       0x00000043        0x0 build/timers.o
                                 0x44 (size before relaxing)
 .comment       0x00000043        0x0 build/port.o
                                 0x44 (size before relaxing)
 .comment       0x00000043        0x0 build/portasm.o
                                 0x44 (size before relaxing)
 .comment       0x00000043        0x0 build/cmsis_os2.o
                                 0x44 (size before relaxing)

.debug_frame    0x00000000     0x2f28
 .debug_frame   0x00000000       0x74 build/main.o
 .debug_frame   0x00000074       0x44 build/app_freertos.o
 .debug_frame   0x000000b8       0x80 build/stm32n6xx_it.o
 .debug_frame   0x00000138       0x28 build/stm32n6xx_hal_msp.o
 .debug_frame   0x00000160       0x28 build/secure_nsc.o
 .debug_frame   0x00000188      0x2c4 build/stm32n6xx_hal_cortex.o
 .debug_frame   0x0000044c      0x1b0 build/stm32n6xx_hal_gpio.o
 .debug_frame   0x000005fc      0x4cc build/stm32n6xx_hal_pwr_ex.o
 .debug_frame   0x00000ac8      0x7bc build/stm32n6xx_hal.o
 .debug_frame   0x00001284       0x88 build/system_stm32n6xx_s.o
 .debug_frame   0x0000130c      0x104 build/heap_4.o
 .debug_frame   0x00001410       0x70 build/list.o
 .debug_frame   0x00001480      0x494 build/queue.o
 .debug_frame   0x00001914      0x784 build/tasks.o
 .debug_frame   0x00002098      0x378 build/timers.o
 .debug_frame   0x00002410      0x12c build/port.o
 .debug_frame   0x0000253c       0xa0 build/portasm.o
 .debug_frame   0x000025dc      0x8d8 build/cmsis_os2.o
 .debug_frame   0x00002eb4       0x20 C:/ST/STM32CubeIDE_2.0.0/STM32CubeIDE/plugins/com.st.stm32cube.ide.mcu.externaltools.gnu-tools-for-stm32.13.3.rel1.win32_1.0.100.202509120712/tools/bin/../lib/gcc/arm-none-eabi/13.3.1/../../../../arm-none-eabi/lib/thumb/v8-m.main+dp/hard\libc_nano.a(libc_a-memset.o)
 .debug_frame   0x00002ed4       0x2c C:/ST/STM32CubeIDE_2.0.0/STM32CubeIDE/plugins/com.st.stm32cube.ide.mcu.externaltools.gnu-tools-for-stm32.13.3.rel1.win32_1.0.100.202509120712/tools/bin/../lib/gcc/arm-none-eabi/13.3.1/../../../../arm-none-eabi/lib/thumb/v8-m.main+dp/hard\libc_nano.a(libc_a-init.o)
 .debug_frame   0x00002f00       0x28 C:/ST/STM32CubeIDE_2.0.0/STM32CubeIDE/plugins/com.st.stm32cube.ide.mcu.externaltools.gnu-tools-for-stm32.13.3.rel1.win32_1.0.100.202509120712/tools/bin/../lib/gcc/arm-none-eabi/13.3.1/../../../../arm-none-eabi/lib/thumb/v8-m.main+dp/hard\libc_nano.a(libc_a-memcpy-stub.o)

Cross Reference Table

Symbol                                            File
ADC1_2_IRQHandler                                 build/startup_stm32n657xx.o
ADF1_FLT0_IRQHandler                              build/startup_stm32n657xx.o
BCK_ECC_IRQHandler                                build/startup_stm32n657xx.o
BusFault_Handler                                  build/stm32n6xx_it.o
CACHEAXI_IRQHandler                               build/startup_stm32n657xx.o
CACHE_ECC_IRQHandler                              build/startup_stm32n657xx.o
CRYP_IRQHandler                                   build/startup_stm32n657xx.o
CSI_IRQHandler                                    build/startup_stm32n657xx.o
CTI_INT0_IRQHandler                               build/startup_stm32n657xx.o
CTI_INT1_IRQHandler                               build/startup_stm32n657xx.o
DCMIPP_IRQHandler                                 build/startup_stm32n657xx.o
DCMI_PSSI_IRQHandler                              build/startup_stm32n657xx.o
DMA2D_IRQHandler                                  build/startup_stm32n657xx.o
DTS_IRQHandler                                    build/startup_stm32n657xx.o
DebugMon_Handler                                  build/stm32n6xx_it.o
Default_Handler                                   build/startup_stm32n657xx.o
ETH1_IRQHandler                                   build/startup_stm32n657xx.o
EXTI0_IRQHandler                                  build/startup_stm32n657xx.o
EXTI10_IRQHandler                                 build/startup_stm32n657xx.o
EXTI11_IRQHandler                                 build/startup_stm32n657xx.o
EXTI12_IRQHandler                                 build/startup_stm32n657xx.o
EXTI13_IRQHandler                                 build/startup_stm32n657xx.o
EXTI14_IRQHandler                                 build/startup_stm32n657xx.o
EXTI15_IRQHandler                                 build/startup_stm32n657xx.o
EXTI1_IRQHandler                                  build/startup_stm32n657xx.o
EXTI2_IRQHandler                                  build/startup_stm32n657xx.o
EXTI3_IRQHandler                                  build/startup_stm32n657xx.o
EXTI4_IRQHandler                                  build/startup_stm32n657xx.o
EXTI5_IRQHandler                                  build/startup_stm32n657xx.o
EXTI6_IRQHandler                                  build/startup_stm32n657xx.o
EXTI7_IRQHandler                                  build/startup_stm32n657xx.o
EXTI8_IRQHandler                                  build/startup_stm32n657xx.o
EXTI9_IRQHandler                                  build/startup_stm32n657xx.o
Error_Handler                                     build/main.o
FDCAN1_IT0_IRQHandler                             build/startup_stm32n657xx.o
FDCAN1_IT1_IRQHandler                             build/startup_stm32n657xx.o
FDCAN2_IT0_IRQHandler                             build/startup_stm32n657xx.o
FDCAN2_IT1_IRQHandler                             build/startup_stm32n657xx.o
FDCAN3_IT0_IRQHandler                             build/startup_stm32n657xx.o
FDCAN3_IT1_IRQHandler                             build/startup_stm32n657xx.o
FDCAN_CU_IRQHandler                               build/startup_stm32n657xx.o
FMC_IRQHandler                                    build/startup_stm32n657xx.o
FPU_IRQHandler                                    build/startup_stm32n657xx.o
GFXMMU_IRQHandler                                 build/startup_stm32n657xx.o
GFXTIM_IRQHandler                                 build/startup_stm32n657xx.o
GPDMA1_Channel0_IRQHandler                        build/startup_stm32n657xx.o
GPDMA1_Channel10_IRQHandler                       build/startup_stm32n657xx.o
GPDMA1_Channel11_IRQHandler                       build/startup_stm32n657xx.o
GPDMA1_Channel12_IRQHandler                       build/startup_stm32n657xx.o
GPDMA1_Channel13_IRQHandler                       build/startup_stm32n657xx.o
GPDMA1_Channel14_IRQHandler                       build/startup_stm32n657xx.o
GPDMA1_Channel15_IRQHandler                       build/startup_stm32n657xx.o
GPDMA1_Channel1_IRQHandler                        build/startup_stm32n657xx.o
GPDMA1_Channel2_IRQHandler                        build/startup_stm32n657xx.o
GPDMA1_Channel3_IRQHandler                        build/startup_stm32n657xx.o
GPDMA1_Channel4_IRQHandler                        build/startup_stm32n657xx.o
GPDMA1_Channel5_IRQHandler                        build/startup_stm32n657xx.o
GPDMA1_Channel6_IRQHandler                        build/startup_stm32n657xx.o
GPDMA1_Channel7_IRQHandler                        build/startup_stm32n657xx.o
GPDMA1_Channel8_IRQHandler                        build/startup_stm32n657xx.o
GPDMA1_Channel9_IRQHandler                        build/startup_stm32n657xx.o
GPU2D_ER_IRQHandler                               build/startup_stm32n657xx.o
GPU2D_IRQHandler                                  build/startup_stm32n657xx.o
HAL_CORTEX_ClearEvent                             build/stm32n6xx_hal_cortex.o
HAL_DBGMCU_DisableDBGSleepMode                    build/stm32n6xx_hal.o
HAL_DBGMCU_DisableDBGStandbyMode                  build/stm32n6xx_hal.o
HAL_DBGMCU_DisableDBGStopMode                     build/stm32n6xx_hal.o
HAL_DBGMCU_EnableDBGSleepMode                     build/stm32n6xx_hal.o
HAL_DBGMCU_EnableDBGStandbyMode                   build/stm32n6xx_hal.o
HAL_DBGMCU_EnableDBGStopMode                      build/stm32n6xx_hal.o
HAL_DMAEx_ConfigDataHandling                      build/stm32n6xx_hal_dma_ex.o
HAL_DMAEx_ConfigRepeatBlock                       build/stm32n6xx_hal_dma_ex.o
HAL_DMAEx_ConfigTrigger                           build/stm32n6xx_hal_dma_ex.o
HAL_DMAEx_GetFifoLevel                            build/stm32n6xx_hal_dma_ex.o
HAL_DMAEx_List_BuildNode                          build/stm32n6xx_hal_dma_ex.o
HAL_DMAEx_List_ClearCircularMode                  build/stm32n6xx_hal_dma_ex.o
HAL_DMAEx_List_ConvertQToDynamic                  build/stm32n6xx_hal_dma_ex.o
HAL_DMAEx_List_ConvertQToStatic                   build/stm32n6xx_hal_dma_ex.o
HAL_DMAEx_List_DeInit                             build/stm32n6xx_hal_dma_ex.o
HAL_DMAEx_List_GetNodeConfig                      build/stm32n6xx_hal_dma_ex.o
HAL_DMAEx_List_Init                               build/stm32n6xx_hal_dma_ex.o
HAL_DMAEx_List_InsertNode                         build/stm32n6xx_hal_dma_ex.o
HAL_DMAEx_List_InsertNode_Head                    build/stm32n6xx_hal_dma_ex.o
HAL_DMAEx_List_InsertNode_Tail                    build/stm32n6xx_hal_dma_ex.o
HAL_DMAEx_List_InsertQ                            build/stm32n6xx_hal_dma_ex.o
HAL_DMAEx_List_InsertQ_Head                       build/stm32n6xx_hal_dma_ex.o
HAL_DMAEx_List_InsertQ_Tail                       build/stm32n6xx_hal_dma_ex.o
HAL_DMAEx_List_LinkQ                              build/stm32n6xx_hal_dma_ex.o
HAL_DMAEx_List_RemoveNode                         build/stm32n6xx_hal_dma_ex.o
HAL_DMAEx_List_RemoveNode_Head                    build/stm32n6xx_hal_dma_ex.o
HAL_DMAEx_List_RemoveNode_Tail                    build/stm32n6xx_hal_dma_ex.o
HAL_DMAEx_List_ReplaceNode                        build/stm32n6xx_hal_dma_ex.o
HAL_DMAEx_List_ReplaceNode_Head                   build/stm32n6xx_hal_dma_ex.o
HAL_DMAEx_List_ReplaceNode_Tail                   build/stm32n6xx_hal_dma_ex.o
HAL_DMAEx_List_ResetQ                             build/stm32n6xx_hal_dma_ex.o
HAL_DMAEx_List_SetCircularMode                    build/stm32n6xx_hal_dma_ex.o
HAL_DMAEx_List_SetCircularModeConfig              build/stm32n6xx_hal_dma_ex.o
HAL_DMAEx_List_Start                              build/stm32n6xx_hal_dma_ex.o
HAL_DMAEx_List_Start_IT                           build/stm32n6xx_hal_dma_ex.o
HAL_DMAEx_List_UnLinkQ                            build/stm32n6xx_hal_dma_ex.o
HAL_DMAEx_Resume                                  build/stm32n6xx_hal_dma_ex.o
HAL_DMAEx_Suspend                                 build/stm32n6xx_hal_dma_ex.o
HAL_DMAEx_Suspend_IT                              build/stm32n6xx_hal_dma_ex.o
HAL_DMA_Abort                                     build/stm32n6xx_hal_dma.o
HAL_DMA_Abort_IT                                  build/stm32n6xx_hal_dma.o
HAL_DMA_ConfigChannelAttributes                   build/stm32n6xx_hal_dma.o
HAL_DMA_DeInit                                    build/stm32n6xx_hal_dma.o
HAL_DMA_GetConfigChannelAttributes                build/stm32n6xx_hal_dma.o
HAL_DMA_GetError                                  build/stm32n6xx_hal_dma.o
HAL_DMA_GetIsolationAttributes                    build/stm32n6xx_hal_dma.o
HAL_DMA_GetLockChannelAttributes                  build/stm32n6xx_hal_dma.o
HAL_DMA_GetState                                  build/stm32n6xx_hal_dma.o
HAL_DMA_IRQHandler                                build/stm32n6xx_hal_dma.o
HAL_DMA_Init                                      build/stm32n6xx_hal_dma.o
HAL_DMA_LockChannelAttributes                     build/stm32n6xx_hal_dma.o
HAL_DMA_PollForTransfer                           build/stm32n6xx_hal_dma.o
HAL_DMA_RegisterCallback                          build/stm32n6xx_hal_dma.o
HAL_DMA_SetIsolationAttributes                    build/stm32n6xx_hal_dma.o
HAL_DMA_Start                                     build/stm32n6xx_hal_dma.o
HAL_DMA_Start_IT                                  build/stm32n6xx_hal_dma.o
HAL_DMA_UnRegisterCallback                        build/stm32n6xx_hal_dma.o
HAL_DeInit                                        build/stm32n6xx_hal.o
HAL_Delay                                         build/stm32n6xx_hal.o
HAL_EXTI_ClearConfigLine                          build/stm32n6xx_hal_exti.o
HAL_EXTI_ClearPending                             build/stm32n6xx_hal_exti.o
HAL_EXTI_ConfigLineAttributes                     build/stm32n6xx_hal_exti.o
HAL_EXTI_GenerateSWI                              build/stm32n6xx_hal_exti.o
HAL_EXTI_GetConfigLine                            build/stm32n6xx_hal_exti.o
HAL_EXTI_GetConfigLineAttributes                  build/stm32n6xx_hal_exti.o
HAL_EXTI_GetHandle                                build/stm32n6xx_hal_exti.o
HAL_EXTI_GetLockAttributes                        build/stm32n6xx_hal_exti.o
HAL_EXTI_GetPending                               build/stm32n6xx_hal_exti.o
HAL_EXTI_IRQHandler                               build/stm32n6xx_hal_exti.o
HAL_EXTI_LockAttributes                           build/stm32n6xx_hal_exti.o
HAL_EXTI_RegisterCallback                         build/stm32n6xx_hal_exti.o
HAL_EXTI_SetConfigLine                            build/stm32n6xx_hal_exti.o
HAL_FMC_GetBankSwapConfig                         build/stm32n6xx_hal.o
HAL_FMC_SetBankSwapConfig                         build/stm32n6xx_hal.o
HAL_GPIO_ConfigPinAttributes                      build/stm32n6xx_hal_gpio.o
                                                  build/main.o
HAL_GPIO_DeInit                                   build/stm32n6xx_hal_gpio.o
HAL_GPIO_EXTI_Falling_Callback                    build/stm32n6xx_hal_gpio.o
HAL_GPIO_EXTI_IRQHandler                          build/stm32n6xx_hal_gpio.o
HAL_GPIO_EXTI_Rising_Callback                     build/stm32n6xx_hal_gpio.o
HAL_GPIO_GetConfigPinAttributes                   build/stm32n6xx_hal_gpio.o
HAL_GPIO_GetDelay                                 build/stm32n6xx_hal_gpio.o
HAL_GPIO_GetLockPinAttributes                     build/stm32n6xx_hal_gpio.o
HAL_GPIO_GetRetime                                build/stm32n6xx_hal_gpio.o
HAL_GPIO_Init                                     build/stm32n6xx_hal_gpio.o
                                                  build/stm32n6xx_hal_rcc.o
                                                  build/main.o
HAL_GPIO_LockPin                                  build/stm32n6xx_hal_gpio.o
HAL_GPIO_LockPinAttributes                        build/stm32n6xx_hal_gpio.o
HAL_GPIO_ReadPin                                  build/stm32n6xx_hal_gpio.o
HAL_GPIO_SetDelay                                 build/stm32n6xx_hal_gpio.o
HAL_GPIO_SetRetime                                build/stm32n6xx_hal_gpio.o
HAL_GPIO_TogglePin                                build/stm32n6xx_hal_gpio.o
HAL_GPIO_WriteMultipleStatePin                    build/stm32n6xx_hal_gpio.o
HAL_GPIO_WritePin                                 build/stm32n6xx_hal_gpio.o
                                                  build/app_freertos.o
                                                  build/main.o
HAL_GetDEVID                                      build/stm32n6xx_hal.o
HAL_GetHalVersion                                 build/stm32n6xx_hal.o
HAL_GetREVID                                      build/stm32n6xx_hal.o
HAL_GetTick                                       build/stm32n6xx_hal.o
                                                  build/stm32n6xx_hal_pwr_ex.o
                                                  build/stm32n6xx_hal_dma_ex.o
                                                  build/stm32n6xx_hal_dma.o
                                                  build/stm32n6xx_hal_rcc_ex.o
                                                  build/stm32n6xx_hal_rcc.o
HAL_GetTickFreq                                   build/stm32n6xx_hal.o
HAL_GetTickPrio                                   build/stm32n6xx_hal.o
HAL_GetUIDw0                                      build/stm32n6xx_hal.o
HAL_GetUIDw1                                      build/stm32n6xx_hal.o
HAL_GetUIDw2                                      build/stm32n6xx_hal.o
HAL_IncTick                                       build/stm32n6xx_hal.o
HAL_Init                                          build/stm32n6xx_hal.o
                                                  build/main.o
HAL_InitTick                                      build/stm32n6xx_hal.o
                                                  build/stm32n6xx_hal_rcc.o
HAL_MPU_ConfigMemoryAttributes                    build/stm32n6xx_hal_cortex.o
HAL_MPU_ConfigMemoryAttributes_NS                 build/stm32n6xx_hal_cortex.o
HAL_MPU_ConfigRegion                              build/stm32n6xx_hal_cortex.o
HAL_MPU_ConfigRegion_NS                           build/stm32n6xx_hal_cortex.o
HAL_MPU_Disable                                   build/stm32n6xx_hal_cortex.o
HAL_MPU_DisableRegion                             build/stm32n6xx_hal_cortex.o
HAL_MPU_DisableRegion_NS                          build/stm32n6xx_hal_cortex.o
HAL_MPU_Disable_NS                                build/stm32n6xx_hal_cortex.o
HAL_MPU_Enable                                    build/stm32n6xx_hal_cortex.o
HAL_MPU_EnableRegion                              build/stm32n6xx_hal_cortex.o
HAL_MPU_EnableRegion_NS                           build/stm32n6xx_hal_cortex.o
HAL_MPU_Enable_NS                                 build/stm32n6xx_hal_cortex.o
HAL_MspDeInit                                     build/stm32n6xx_hal.o
HAL_MspInit                                       build/stm32n6xx_hal_msp.o
HAL_NVIC_ClearPendingIRQ                          build/stm32n6xx_hal_cortex.o
HAL_NVIC_DisableIRQ                               build/stm32n6xx_hal_cortex.o
HAL_NVIC_EnableIRQ                                build/stm32n6xx_hal_cortex.o
HAL_NVIC_GetActive                                build/stm32n6xx_hal_cortex.o
HAL_NVIC_GetPendingIRQ                            build/stm32n6xx_hal_cortex.o
HAL_NVIC_GetPriority                              build/stm32n6xx_hal_cortex.o
HAL_NVIC_GetPriorityGrouping                      build/stm32n6xx_hal_cortex.o
HAL_NVIC_SetPendingIRQ                            build/stm32n6xx_hal_cortex.o
HAL_NVIC_SetPriority                              build/stm32n6xx_hal_cortex.o
                                                  build/stm32n6xx_hal.o
HAL_NVIC_SetPriorityGrouping                      build/stm32n6xx_hal_cortex.o
                                                  build/stm32n6xx_hal.o
HAL_NVIC_SystemReset                              build/stm32n6xx_hal_cortex.o
HAL_PWREx_ADCVM_Falling_Callback                  build/stm32n6xx_hal_pwr_ex.o
HAL_PWREx_ADCVM_Rising_Callback                   build/stm32n6xx_hal_pwr_ex.o
HAL_PWREx_ConfigPVM                               build/stm32n6xx_hal_pwr_ex.o
HAL_PWREx_ConfigSupply                            build/stm32n6xx_hal_pwr_ex.o
HAL_PWREx_ConfigVDDCOREVM                         build/stm32n6xx_hal_pwr_ex.o
HAL_PWREx_ConfigVddIORange                        build/stm32n6xx_hal_pwr_ex.o
HAL_PWREx_ControlStopModeVoltageScaling           build/stm32n6xx_hal_pwr_ex.o
HAL_PWREx_ControlVoltageScaling                   build/stm32n6xx_hal_pwr_ex.o
HAL_PWREx_DisableBkupRAMRetention                 build/stm32n6xx_hal_pwr_ex.o
HAL_PWREx_DisableMonitoring                       build/stm32n6xx_hal_pwr_ex.o
HAL_PWREx_DisablePullDownOutput                   build/stm32n6xx_hal_pwr_ex.o
HAL_PWREx_DisableSMPSPWM                          build/stm32n6xx_hal_pwr_ex.o
HAL_PWREx_DisableTCMFLXRetention                  build/stm32n6xx_hal_pwr_ex.o
HAL_PWREx_DisableTCMRetention                     build/stm32n6xx_hal_pwr_ex.o
HAL_PWREx_DisableVDDCOREMonitoring                build/stm32n6xx_hal_pwr_ex.o
HAL_PWREx_DisableVddA                             build/stm32n6xx_hal_pwr_ex.o
HAL_PWREx_DisableVddAVMEN                         build/stm32n6xx_hal_pwr_ex.o
HAL_PWREx_DisableVddIO2                           build/stm32n6xx_hal_pwr_ex.o
HAL_PWREx_DisableVddIO2VMEN                       build/stm32n6xx_hal_pwr_ex.o
HAL_PWREx_DisableVddIO3                           build/stm32n6xx_hal_pwr_ex.o
HAL_PWREx_DisableVddIO3VMEN                       build/stm32n6xx_hal_pwr_ex.o
HAL_PWREx_DisableVddIO4                           build/stm32n6xx_hal_pwr_ex.o
HAL_PWREx_DisableVddIO4RangeSTBY                  build/stm32n6xx_hal_pwr_ex.o
HAL_PWREx_DisableVddIO4VMEN                       build/stm32n6xx_hal_pwr_ex.o
HAL_PWREx_DisableVddIO5                           build/stm32n6xx_hal_pwr_ex.o
HAL_PWREx_DisableVddIO5RangeSTBY                  build/stm32n6xx_hal_pwr_ex.o
HAL_PWREx_DisableVddIO5VMEN                       build/stm32n6xx_hal_pwr_ex.o
HAL_PWREx_DisableVddUSB                           build/stm32n6xx_hal_pwr_ex.o
HAL_PWREx_DisableVddUSBVMEN                       build/stm32n6xx_hal_pwr_ex.o
HAL_PWREx_EnableBkupRAMRetention                  build/stm32n6xx_hal_pwr_ex.o
HAL_PWREx_EnableMonitoring                        build/stm32n6xx_hal_pwr_ex.o
HAL_PWREx_EnablePullDownOutput                    build/stm32n6xx_hal_pwr_ex.o
HAL_PWREx_EnableSMPSPWM                           build/stm32n6xx_hal_pwr_ex.o
HAL_PWREx_EnableTCMFLXRetention                   build/stm32n6xx_hal_pwr_ex.o
HAL_PWREx_EnableTCMRetention                      build/stm32n6xx_hal_pwr_ex.o
HAL_PWREx_EnableVDDCOREMonitoring                 build/stm32n6xx_hal_pwr_ex.o
HAL_PWREx_EnableVddA                              build/stm32n6xx_hal_pwr_ex.o
HAL_PWREx_EnableVddAVMEN                          build/stm32n6xx_hal_pwr_ex.o
HAL_PWREx_EnableVddIO2                            build/stm32n6xx_hal_pwr_ex.o
                                                  build/stm32n6xx_hal_msp.o
HAL_PWREx_EnableVddIO2VMEN                        build/stm32n6xx_hal_pwr_ex.o
HAL_PWREx_EnableVddIO3                            build/stm32n6xx_hal_pwr_ex.o
                                                  build/stm32n6xx_hal_msp.o
HAL_PWREx_EnableVddIO3VMEN                        build/stm32n6xx_hal_pwr_ex.o
HAL_PWREx_EnableVddIO4                            build/stm32n6xx_hal_pwr_ex.o
HAL_PWREx_EnableVddIO4RangeSTBY                   build/stm32n6xx_hal_pwr_ex.o
HAL_PWREx_EnableVddIO4VMEN                        build/stm32n6xx_hal_pwr_ex.o
HAL_PWREx_EnableVddIO5                            build/stm32n6xx_hal_pwr_ex.o
HAL_PWREx_EnableVddIO5RangeSTBY                   build/stm32n6xx_hal_pwr_ex.o
HAL_PWREx_EnableVddIO5VMEN                        build/stm32n6xx_hal_pwr_ex.o
HAL_PWREx_EnableVddUSB                            build/stm32n6xx_hal_pwr_ex.o
HAL_PWREx_EnableVddUSBVMEN                        build/stm32n6xx_hal_pwr_ex.o
HAL_PWREx_EnableWakeUpPin                         build/stm32n6xx_hal_pwr_ex.o
HAL_PWREx_GetPulseLow                             build/stm32n6xx_hal_pwr_ex.o
HAL_PWREx_GetStopModeVoltageRange                 build/stm32n6xx_hal_pwr_ex.o
HAL_PWREx_GetSupplyConfig                         build/stm32n6xx_hal_pwr_ex.o
HAL_PWREx_GetTemperatureLevel                     build/stm32n6xx_hal_pwr_ex.o
HAL_PWREx_GetVBATLevel                            build/stm32n6xx_hal_pwr_ex.o
HAL_PWREx_GetVDDCORELevel                         build/stm32n6xx_hal_pwr_ex.o
HAL_PWREx_GetVddIORange                           build/stm32n6xx_hal_pwr_ex.o
HAL_PWREx_GetVoltageRange                         build/stm32n6xx_hal_pwr_ex.o
HAL_PWREx_IO2VM_Falling_Callback                  build/stm32n6xx_hal_pwr_ex.o
HAL_PWREx_IO2VM_Rising_Callback                   build/stm32n6xx_hal_pwr_ex.o
HAL_PWREx_IO3VM_Falling_Callback                  build/stm32n6xx_hal_pwr_ex.o
HAL_PWREx_IO3VM_Rising_Callback                   build/stm32n6xx_hal_pwr_ex.o
HAL_PWREx_IO4VM_Falling_Callback                  build/stm32n6xx_hal_pwr_ex.o
HAL_PWREx_IO4VM_Rising_Callback                   build/stm32n6xx_hal_pwr_ex.o
HAL_PWREx_IO5VM_Falling_Callback                  build/stm32n6xx_hal_pwr_ex.o
HAL_PWREx_IO5VM_Rising_Callback                   build/stm32n6xx_hal_pwr_ex.o
HAL_PWREx_PVD_PVM_IRQHandler                      build/stm32n6xx_hal_pwr_ex.o
HAL_PWREx_SetPulseLow                             build/stm32n6xx_hal_pwr_ex.o
HAL_PWREx_USBVM_Falling_Callback                  build/stm32n6xx_hal_pwr_ex.o
HAL_PWREx_USBVM_Rising_Callback                   build/stm32n6xx_hal_pwr_ex.o
HAL_PWREx_VDDCORE_Falling_Callback                build/stm32n6xx_hal_pwr_ex.o
HAL_PWREx_VDDCORE_Rising_Callback                 build/stm32n6xx_hal_pwr_ex.o
HAL_PWR_ClearWakeupFlag                           build/stm32n6xx_hal_pwr.o
HAL_PWR_ConfigAttributes                          build/stm32n6xx_hal_pwr.o
HAL_PWR_ConfigPVD                                 build/stm32n6xx_hal_pwr.o
HAL_PWR_DeInit                                    build/stm32n6xx_hal_pwr.o
HAL_PWR_DisableBkUpAccess                         build/stm32n6xx_hal_pwr.o
HAL_PWR_DisablePVD                                build/stm32n6xx_hal_pwr.o
HAL_PWR_DisableSEVOnPend                          build/stm32n6xx_hal_pwr.o
HAL_PWR_DisableSleepOnExit                        build/stm32n6xx_hal_pwr.o
HAL_PWR_DisableWakeUpPin                          build/stm32n6xx_hal_pwr.o
HAL_PWR_EnableBkUpAccess                          build/stm32n6xx_hal_pwr.o
HAL_PWR_EnablePVD                                 build/stm32n6xx_hal_pwr.o
HAL_PWR_EnableSEVOnPend                           build/stm32n6xx_hal_pwr.o
HAL_PWR_EnableSleepOnExit                         build/stm32n6xx_hal_pwr.o
HAL_PWR_EnableWakeUpPin                           build/stm32n6xx_hal_pwr.o
HAL_PWR_EnterSLEEPMode                            build/stm32n6xx_hal_pwr.o
HAL_PWR_EnterSTANDBYMode                          build/stm32n6xx_hal_pwr.o
HAL_PWR_EnterSTOPMode                             build/stm32n6xx_hal_pwr.o
HAL_PWR_GetConfigAttributes                       build/stm32n6xx_hal_pwr.o
HAL_PWR_GetWakeupFlag                             build/stm32n6xx_hal_pwr.o
HAL_PWR_PVD_Falling_Callback                      build/stm32n6xx_hal_pwr.o
                                                  build/stm32n6xx_hal_pwr_ex.o
HAL_PWR_PVD_Rising_Callback                       build/stm32n6xx_hal_pwr.o
                                                  build/stm32n6xx_hal_pwr_ex.o
HAL_PWR_WAKEUP_PIN_IRQHandler                     build/stm32n6xx_hal_pwr.o
HAL_PWR_WKUP1_Callback                            build/stm32n6xx_hal_pwr.o
HAL_PWR_WKUP2_Callback                            build/stm32n6xx_hal_pwr.o
HAL_PWR_WKUP3_Callback                            build/stm32n6xx_hal_pwr.o
HAL_PWR_WKUP4_Callback                            build/stm32n6xx_hal_pwr.o
HAL_RCCEx_DisableLSECSS                           build/stm32n6xx_hal_rcc_ex.o
HAL_RCCEx_DisableLSECSS_IT                        build/stm32n6xx_hal_rcc_ex.o
HAL_RCCEx_EnableLSECSS                            build/stm32n6xx_hal_rcc_ex.o
HAL_RCCEx_EnableLSECSS_IT                         build/stm32n6xx_hal_rcc_ex.o
HAL_RCCEx_GetPLL1CLKFreq                          build/stm32n6xx_hal_rcc_ex.o
                                                  build/stm32n6xx_hal_rcc.o
HAL_RCCEx_GetPLL2CLKFreq                          build/stm32n6xx_hal_rcc_ex.o
                                                  build/stm32n6xx_hal_rcc.o
HAL_RCCEx_GetPLL3CLKFreq                          build/stm32n6xx_hal_rcc_ex.o
                                                  build/stm32n6xx_hal_rcc.o
HAL_RCCEx_GetPLL4CLKFreq                          build/stm32n6xx_hal_rcc_ex.o
                                                  build/stm32n6xx_hal_rcc.o
HAL_RCCEx_GetPeriphCLKConfig                      build/stm32n6xx_hal_rcc_ex.o
HAL_RCCEx_GetPeriphCLKFreq                        build/stm32n6xx_hal_rcc_ex.o
HAL_RCCEx_GetTIMGFreq                             build/stm32n6xx_hal_rcc_ex.o
HAL_RCCEx_LSECSS_Callback                         build/stm32n6xx_hal_rcc_ex.o
HAL_RCCEx_LSECSS_IRQHandler                       build/stm32n6xx_hal_rcc_ex.o
HAL_RCCEx_PLLSSCGConfig                           build/stm32n6xx_hal_rcc_ex.o
HAL_RCCEx_PeriphCLKConfig                         build/stm32n6xx_hal_rcc_ex.o
HAL_RCCEx_ReArmLSECSS                             build/stm32n6xx_hal_rcc_ex.o
HAL_RCCEx_WakeUpStopCLKConfig                     build/stm32n6xx_hal_rcc_ex.o
HAL_RCC_CSSCallback                               build/stm32n6xx_hal_rcc.o
HAL_RCC_ClockConfig                               build/stm32n6xx_hal_rcc.o
HAL_RCC_ConfigAttributes                          build/stm32n6xx_hal_rcc.o
HAL_RCC_DeInit                                    build/stm32n6xx_hal_rcc.o
HAL_RCC_EnableCSS                                 build/stm32n6xx_hal_rcc.o
HAL_RCC_GetClockConfig                            build/stm32n6xx_hal_rcc.o
HAL_RCC_GetConfigAttributes                       build/stm32n6xx_hal_rcc.o
HAL_RCC_GetCpuClockFreq                           build/stm32n6xx_hal_rcc.o
HAL_RCC_GetHCLKFreq                               build/stm32n6xx_hal_rcc.o
HAL_RCC_GetNPUClockFreq                           build/stm32n6xx_hal_rcc.o
HAL_RCC_GetNPURAMSClockFreq                       build/stm32n6xx_hal_rcc.o
HAL_RCC_GetOscConfig                              build/stm32n6xx_hal_rcc.o
HAL_RCC_GetPCLK1Freq                              build/stm32n6xx_hal_rcc.o
HAL_RCC_GetPCLK2Freq                              build/stm32n6xx_hal_rcc.o
HAL_RCC_GetPCLK4Freq                              build/stm32n6xx_hal_rcc.o
HAL_RCC_GetPCLK5Freq                              build/stm32n6xx_hal_rcc.o
HAL_RCC_GetSysClockFreq                           build/stm32n6xx_hal_rcc.o
                                                  build/stm32n6xx_hal_rcc_ex.o
HAL_RCC_MCOConfig                                 build/stm32n6xx_hal_rcc.o
HAL_RCC_NMI_IRQHandler                            build/stm32n6xx_hal_rcc.o
HAL_RCC_OscConfig                                 build/stm32n6xx_hal_rcc.o
HAL_RIF_IAC_ClearFlag                             build/stm32n6xx_hal_rif.o
HAL_RIF_IAC_DisableIT                             build/stm32n6xx_hal_rif.o
HAL_RIF_IAC_EnableIT                              build/stm32n6xx_hal_rif.o
HAL_RIF_IAC_GetFlag                               build/stm32n6xx_hal_rif.o
HAL_RIF_ILA_Callback                              build/stm32n6xx_hal_rif.o
HAL_RIF_IRQHandler                                build/stm32n6xx_hal_rif.o
HAL_RIF_RIMC_ConfigMasterAttributes               build/stm32n6xx_hal_rif.o
HAL_RIF_RIMC_GetConfigMasterAttributes            build/stm32n6xx_hal_rif.o
HAL_RIF_RIMC_GetDebugAccessPortCID                build/stm32n6xx_hal_rif.o
HAL_RIF_RIMC_GetLock                              build/stm32n6xx_hal_rif.o
HAL_RIF_RIMC_Lock                                 build/stm32n6xx_hal_rif.o
HAL_RIF_RIMC_SetDebugAccessPortCID                build/stm32n6xx_hal_rif.o
HAL_RIF_RISAF_ConfigBaseRegion                    build/stm32n6xx_hal_rif.o
HAL_RIF_RISAF_ConfigSubRegion                     build/stm32n6xx_hal_rif.o
HAL_RIF_RISAF_ConfigSubRegionDelegation           build/stm32n6xx_hal_rif.o
HAL_RIF_RISAF_GetConfigBaseRegion                 build/stm32n6xx_hal_rif.o
HAL_RIF_RISAF_GetConfigSubRegion                  build/stm32n6xx_hal_rif.o
HAL_RIF_RISAF_GetConfigSubRegionDelegation        build/stm32n6xx_hal_rif.o
HAL_RIF_RISAF_GetIllegalAccess                    build/stm32n6xx_hal_rif.o
HAL_RIF_RISAF_GetLock                             build/stm32n6xx_hal_rif.o
HAL_RIF_RISAF_Lock                                build/stm32n6xx_hal_rif.o
HAL_RIF_RISC_GetLock                              build/stm32n6xx_hal_rif.o
HAL_RIF_RISC_GetSlaveConfigLock                   build/stm32n6xx_hal_rif.o
HAL_RIF_RISC_GetSlaveSecureAttributes             build/stm32n6xx_hal_rif.o
HAL_RIF_RISC_Lock                                 build/stm32n6xx_hal_rif.o
HAL_RIF_RISC_SetSlaveSecureAttributes             build/stm32n6xx_hal_rif.o
HAL_RIF_RISC_SlaveConfigLock                      build/stm32n6xx_hal_rif.o
HAL_ResumeTick                                    build/stm32n6xx_hal.o
HAL_SYSCFG_ConfigTimerBreakInput                  build/stm32n6xx_hal.o
HAL_SYSCFG_ConfigVDDCompensationCell              build/stm32n6xx_hal.o
HAL_SYSCFG_ConfigVDDIOCompensationCell            build/stm32n6xx_hal.o
HAL_SYSCFG_DisableCRYPPotentialTamper             build/stm32n6xx_hal.o
HAL_SYSCFG_DisableCacheExternalMargin             build/stm32n6xx_hal.o
HAL_SYSCFG_DisableDTCMWaiteState                  build/stm32n6xx_hal.o
HAL_SYSCFG_DisableITCMWaiteState                  build/stm32n6xx_hal.o
HAL_SYSCFG_DisableInterleavingCpuRam              build/stm32n6xx_hal.o
HAL_SYSCFG_DisableLockupGenerateNMI               build/stm32n6xx_hal.o
HAL_SYSCFG_DisableLockupWarmResetonRCC            build/stm32n6xx_hal.o
HAL_SYSCFG_DisablePowerOnReset                    build/stm32n6xx_hal.o
HAL_SYSCFG_DisablePullDown                        build/stm32n6xx_hal.o
HAL_SYSCFG_DisableReTimingRXpath                  build/stm32n6xx_hal.o
HAL_SYSCFG_DisableReTimingTXpath                  build/stm32n6xx_hal.o
HAL_SYSCFG_DisableSDMMCEarlyWRRSP                 build/stm32n6xx_hal.o
HAL_SYSCFG_DisableTCMExternalMargin               build/stm32n6xx_hal.o
HAL_SYSCFG_DisableUSBEarlyEarlyWRRESP             build/stm32n6xx_hal.o
HAL_SYSCFG_DisableVDDCompensationCell             build/stm32n6xx_hal.o