Archive member included to satisfy reference by file (symbol)

C:/ST/STM32CubeIDE_2.0.0/STM32CubeIDE/plugins/com.st.stm32cube.ide.mcu.externaltools.gnu-tools-for-stm32.13.3.rel1.win32_1.0.100.202509120712/tools/bin/../lib/gcc/arm-none-eabi/13.3.1/../../../../arm-none-eabi/lib/thumb/v8-m.main+dp/hard\libc_nano.a(libc_a-exit.o)
                              C:/ST/STM32CubeIDE_2.0.0/STM32CubeIDE/plugins/com.st.stm32cube.ide.mcu.externaltools.gnu-tools-for-stm32.13.3.rel1.win32_1.0.100.202509120712/tools/bin/../lib/gcc/arm-none-eabi/13.3.1/../../../../arm-none-eabi/lib/thumb/v8-m.main+dp/hard/crt0.o (exit)
C:/ST/STM32CubeIDE_2.0.0/STM32CubeIDE/plugins/com.st.stm32cube.ide.mcu.externaltools.gnu-tools-for-stm32.13.3.rel1.win32_1.0.100.202509120712/tools/bin/../lib/gcc/arm-none-eabi/13.3.1/../../../../arm-none-eabi/lib/thumb/v8-m.main+dp/hard\libc_nano.a(libc_a-findfp.o)
                              C:/ST/STM32CubeIDE_2.0.0/STM32CubeIDE/plugins/com.st.stm32cube.ide.mcu.externaltools.gnu-tools-for-stm32.13.3.rel1.win32_1.0.100.202509120712/tools/bin/../lib/gcc/arm-none-eabi/13.3.1/../../../../arm-none-eabi/lib/thumb/v8-m.main+dp/hard\libc_nano.a(libc_a-exit.o) (__stdio_exit_handler)
C:/ST/STM32CubeIDE_2.0.0/STM32CubeIDE/plugins/com.st.stm32cube.ide.mcu.externaltools.gnu-tools-for-stm32.13.3.rel1.win32_1.0.100.202509120712/tools/bin/../lib/gcc/arm-none-eabi/13.3.1/../../../../arm-none-eabi/lib/thumb/v8-m.main+dp/hard\libc_nano.a(libc_a-fwalk.o)
                              C:/ST/STM32CubeIDE_2.0.0/STM32CubeIDE/plugins/com.st.stm32cube.ide.mcu.externaltools.gnu-tools-for-stm32.13.3.rel1.win32_1.0.100.202509120712/tools/bin/../lib/gcc/arm-none-eabi/13.3.1/../../../../arm-none-eabi/lib/thumb/v8-m.main+dp/hard\libc_nano.a(libc_a-findfp.o) (_fwalk_sglue)
C:/ST/STM32CubeIDE_2.0.0/STM32CubeIDE/plugins/com.st.stm32cube.ide.mcu.externaltools.gnu-tools-for-stm32.13.3.rel1.win32_1.0.100.202509120712/tools/bin/../lib/gcc/arm-none-eabi/13.3.1/../../../../arm-none-eabi/lib/thumb/v8-m.main+dp/hard\libc_nano.a(libc_a-stdio.o)
                              C:/ST/STM32CubeIDE_2.0.0/STM32CubeIDE/plugins/com.st.stm32cube.ide.mcu.externaltools.gnu-tools-for-stm32.13.3.rel1.win32_1.0.100.202509120712/tools/bin/../lib/gcc/arm-none-eabi/13.3.1/../../../../arm-none-eabi/lib/thumb/v8-m.main+dp/hard\libc_nano.a(libc_a-findfp.o) (__sread)
C:/ST/STM32CubeIDE_2.0.0/STM32CubeIDE/plugins/com.st.stm32cube.ide.mcu.externaltools.gnu-tools-for-stm32.13.3.rel1.win32_1.0.100.202509120712/tools/bin/../lib/gcc/arm-none-eabi/13.3.1/../../../../arm-none-eabi/lib/thumb/v8-m.main+dp/hard\libc_nano.a(libc_a-memset.o)
                              C:/ST/STM32CubeIDE_2.0.0/STM32CubeIDE/plugins/com.st.stm32cube.ide.mcu.externaltools.gnu-tools-for-stm32.13.3.rel1.win32_1.0.100.202509120712/tools/bin/../lib/gcc/arm-none-eabi/13.3.1/../../../../arm-none-eabi/lib/thumb/v8-m.main+dp/hard/crt0.o (memset)
C:/ST/STM32CubeIDE_2.0.0/STM32CubeIDE/plugins/com.st.stm32cube.ide.mcu.externaltools.gnu-tools-for-stm32.13.3.rel1.win32_1.0.100.202509120712/tools/bin/../lib/gcc/arm-none-eabi/13.3.1/../../../../arm-none-eabi/lib/thumb/v8-m.main+dp/hard\libc_nano.a(libc_a-closer.o)
                              C:/ST/STM32CubeIDE_2.0.0/STM32CubeIDE/plugins/com.st.stm32cube.ide.mcu.externaltools.gnu-tools-for-stm32.13.3.rel1.win32_1.0.100.202509120712/tools/bin/../lib/gcc/arm-none-eabi/13.3.1/../../../../arm-none-eabi/lib/thumb/v8-m.main+dp/hard\libc_nano.a(libc_a-stdio.o) (_close_r)
C:/ST/STM32CubeIDE_2.0.0/STM32CubeIDE/plugins/com.st.stm32cube.ide.mcu.externaltools.gnu-tools-for-stm32.13.3.rel1.win32_1.0.100.202509120712/tools/bin/../lib/gcc/arm-none-eabi/13.3.1/../../../../arm-none-eabi/lib/thumb/v8-m.main+dp/hard\libc_nano.a(libc_a-reent.o)
                              C:/ST/STM32CubeIDE_2.0.0/STM32CubeIDE/plugins/com.st.stm32cube.ide.mcu.externaltools.gnu-tools-for-stm32.13.3.rel1.win32_1.0.100.202509120712/tools/bin/../lib/gcc/arm-none-eabi/13.3.1/../../../../arm-none-eabi/lib/thumb/v8-m.main+dp/hard\libc_nano.a(libc_a-closer.o) (errno)
C:/ST/STM32CubeIDE_2.0.0/STM32CubeIDE/plugins/com.st.stm32cube.ide.mcu.externaltools.gnu-tools-for-stm32.13.3.rel1.win32_1.0.100.202509120712/tools/bin/../lib/gcc/arm-none-eabi/13.3.1/../../../../arm-none-eabi/lib/thumb/v8-m.main+dp/hard\libc_nano.a(libc_a-impure.o)
                              C:/ST/STM32CubeIDE_2.0.0/STM32CubeIDE/plugins/com.st.stm32cube.ide.mcu.externaltools.gnu-tools-for-stm32.13.3.rel1.win32_1.0.100.202509120712/tools/bin/../lib/gcc/arm-none-eabi/13.3.1/../../../../arm-none-eabi/lib/thumb/v8-m.main+dp/hard\libc_nano.a(libc_a-reent.o) (_impure_ptr)
C:/ST/STM32CubeIDE_2.0.0/STM32CubeIDE/plugins/com.st.stm32cube.ide.mcu.externaltools.gnu-tools-for-stm32.13.3.rel1.win32_1.0.100.202509120712/tools/bin/../lib/gcc/arm-none-eabi/13.3.1/../../../../arm-none-eabi/lib/thumb/v8-m.main+dp/hard\libc_nano.a(libc_a-lseekr.o)
[...]
Memory Configuration

Name             Origin             Length             Attributes
ROM              0x34180400         0x0003fc00         xrw
RAM              0x341c0000         0x00040000         xrw
*default*        0x00000000         0xffffffff

Linker script and memory map

LOAD C:/ST/STM32CubeIDE_2.0.0/STM32CubeIDE/plugins/com.st.stm32cube.ide.mcu.externaltools.gnu-tools-for-stm32.13.3.rel1.win32_1.0.100.202509120712/tools/bin/../lib/gcc/arm-none-eabi/13.3.1/thumb/v8-m.main+dp/hard/crti.o
LOAD C:/ST/STM32CubeIDE_2.0.0/STM32CubeIDE/plugins/com.st.stm32cube.ide.mcu.externaltools.gnu-tools-for-stm32.13.3.rel1.win32_1.0.100.202509120712/tools/bin/../lib/gcc/arm-none-eabi/13.3.1/thumb/v8-m.main+dp/hard/crtbegin.o
LOAD C:/ST/STM32CubeIDE_2.0.0/STM32CubeIDE/plugins/com.st.stm32cube.ide.mcu.externaltools.gnu-tools-for-stm32.13.3.rel1.win32_1.0.100.202509120712/tools/bin/../lib/gcc/arm-none-eabi/13.3.1/../../../../arm-none-eabi/lib/thumb/v8-m.main+dp/hard/crt0.o
LOAD build/main.o
LOAD build/extmem_manager.o
LOAD build/stm32n6xx_it.o
LOAD build/stm32n6xx_hal_msp.o
LOAD build/stm32n6xx_hal_cortex.o
LOAD build/stm32n6xx_hal_rcc.o
LOAD build/stm32n6xx_hal_rcc_ex.o
LOAD build/stm32n6xx_hal_gpio.o
LOAD build/stm32n6xx_hal_dma.o
LOAD build/stm32n6xx_hal_dma_ex.o
LOAD build/stm32n6xx_hal_pwr.o
LOAD build/stm32n6xx_hal_pwr_ex.o
LOAD build/stm32n6xx_hal.o
LOAD build/stm32n6xx_hal_exti.o
LOAD build/stm32n6xx_hal_xspi.o
LOAD build/system_stm32n6xx_fsbl.o
LOAD build/stm32_extmem.o
LOAD build/stm32_boot_lrun.o
LOAD build/stm32_sal_xspi.o
LOAD build/stm32_sal_sd.o
LOAD build/stm32_sfdp_data.o
LOAD build/stm32_sfdp_driver.o
LOAD build/stm32_psram_driver.o
LOAD build/stm32_sdcard_driver.o
LOAD build/stm32_user_driver.o
LOAD build/sysmem.o
LOAD build/syscalls.o
LOAD build/startup_stm32n657xx_fsbl.o
LOAD C:/ST/STM32CubeIDE_2.0.0/STM32CubeIDE/plugins/com.st.stm32cube.ide.mcu.externaltools.gnu-tools-for-stm32.13.3.rel1.win32_1.0.100.202509120712/tools/bin/../lib/gcc/arm-none-eabi/13.3.1/../../../../arm-none-eabi/lib/thumb/v8-m.main+dp/hard\libc_nano.a
LOAD C:/ST/STM32CubeIDE_2.0.0/STM32CubeIDE/plugins/com.st.stm32cube.ide.mcu.externaltools.gnu-tools-for-stm32.13.3.rel1.win32_1.0.100.202509120712/tools/bin/../lib/gcc/arm-none-eabi/13.3.1/../../../../arm-none-eabi/lib/thumb/v8-m.main+dp/hard\libm.a
LOAD C:/ST/STM32CubeIDE_2.0.0/STM32CubeIDE/plugins/com.st.stm32cube.ide.mcu.externaltools.gnu-tools-for-stm32.13.3.rel1.win32_1.0.100.202509120712/tools/bin/../lib/gcc/arm-none-eabi/13.3.1/../../../../arm-none-eabi/lib/thumb/v8-m.main+dp/hard\libnosys.a
START GROUP
LOAD C:/ST/STM32CubeIDE_2.0.0/STM32CubeIDE/plugins/com.st.stm32cube.ide.mcu.externaltools.gnu-tools-for-stm32.13.3.rel1.win32_1.0.100.202509120712/tools/bin/../lib/gcc/arm-none-eabi/13.3.1/thumb/v8-m.main+dp/hard\libgcc.a
LOAD C:/ST/STM32CubeIDE_2.0.0/STM32CubeIDE/plugins/com.st.stm32cube.ide.mcu.externaltools.gnu-tools-for-stm32.13.3.rel1.win32_1.0.100.202509120712/tools/bin/../lib/gcc/arm-none-eabi/13.3.1/../../../../arm-none-eabi/lib/thumb/v8-m.main+dp/hard\libc_nano.a
END GROUP
START GROUP
LOAD C:/ST/STM32CubeIDE_2.0.0/STM32CubeIDE/plugins/com.st.stm32cube.ide.mcu.externaltools.gnu-tools-for-stm32.13.3.rel1.win32_1.0.100.202509120712/tools/bin/../lib/gcc/arm-none-eabi/13.3.1/thumb/v8-m.main+dp/hard\libgcc.a
LOAD C:/ST/STM32CubeIDE_2.0.0/STM32CubeIDE/plugins/com.st.stm32cube.ide.mcu.externaltools.gnu-tools-for-stm32.13.3.rel1.win32_1.0.100.202509120712/tools/bin/../lib/gcc/arm-none-eabi/13.3.1/../../../../arm-none-eabi/lib/thumb/v8-m.main+dp/hard\libc_nano.a
END GROUP
LOAD C:/ST/STM32CubeIDE_2.0.0/STM32CubeIDE/plugins/com.st.stm32cube.ide.mcu.externaltools.gnu-tools-for-stm32.13.3.rel1.win32_1.0.100.202509120712/tools/bin/../lib/gcc/arm-none-eabi/13.3.1/thumb/v8-m.main+dp/hard/crtend.o
LOAD C:/ST/STM32CubeIDE_2.0.0/STM32CubeIDE/plugins/com.st.stm32cube.ide.mcu.externaltools.gnu-tools-for-stm32.13.3.rel1.win32_1.0.100.202509120712/tools/bin/../lib/gcc/arm-none-eabi/13.3.1/thumb/v8-m.main+dp/hard/crtn.o
                0x34200000                        _estack = (ORIGIN (RAM) + LENGTH (RAM))
                0x341ff800                        _sstack = (_estack - _Min_Stack_Size)
                0x00000200                        _Min_Heap_Size = 0x200
                0x00000800                        _Min_Stack_Size = 0x800

.isr_vector     0x34180400      0x34c
                0x34180400                        . = ALIGN (0x4)
 *(.isr_vector)
 .isr_vector    0x34180400      0x34c build/startup_stm32n657xx_fsbl.o
                0x34180400                g_pfnVectors
                0x3418074c                        . = ALIGN (0x4)

.text           0x3418074c     0x94a8
                0x3418074c                        . = ALIGN (0x4)
 *(.text)
 .text          0x3418074c       0x40 C:/ST/STM32CubeIDE_2.0.0/STM32CubeIDE/plugins/com.st.stm32cube.ide.mcu.externaltools.gnu-tools-for-stm32.13.3.rel1.win32_1.0.100.202509120712/tools/bin/../lib/gcc/arm-none-eabi/13.3.1/thumb/v8-m.main+dp/hard/crtbegin.o
 *(.text*)
 .text.MX_GPDMA1_Init
                0x3418078c       0x1c build/main.o
 .text.MX_HPDMA1_Init
                0x341807a8       0x1c build/main.o
 .text.MX_GPIO_Init
                0x341807c4       0x58 build/main.o
 .text.MPU_Config
                0x3418081c       0xd8 build/main.o
 .text.Error_Handler
                0x341808f4        0x4 build/main.o
                0x341808f4                Error_Handler
 .text.MX_XSPI2_Init
                0x341808f8       0x74 build/main.o
 .text.MX_XSPI1_Init
                0x3418096c       0x74 build/main.o
 .text.SystemClock_Config
                0x341809e0      0x130 build/main.o
                0x341809e0                SystemClock_Config
 .text.main     0x34180b10       0xc4 build/main.o
                0x34180b10                main
 .text.MX_EXTMEM_MANAGER_Init
                0x34180bd4       0xa8 build/extmem_manager.o
                0x34180bd4                MX_EXTMEM_MANAGER_Init
 .text.NMI_Handler
                0x34180c7c        0x2 build/stm32n6xx_it.o
                0x34180c7c                NMI_Handler
 .text.HardFault_Handler
                0x34180c7e        0x2 build/stm32n6xx_it.o
                0x34180c7e                HardFault_Handler
 .text.MemManage_Handler
                0x34180c80        0x2 build/stm32n6xx_it.o
                0x34180c80                MemManage_Handler
 .text.BusFault_Handler
                0x34180c82        0x2 build/stm32n6xx_it.o
                0x34180c82                BusFault_Handler
 .text.UsageFault_Handler
                0x34180c84        0x2 build/stm32n6xx_it.o
                0x34180c84                UsageFault_Handler
 .text.SecureFault_Handler
                0x34180c86        0x2 build/stm32n6xx_it.o
                0x34180c86                SecureFault_Handler
 .text.SVC_Handler
                0x34180c88        0x2 build/stm32n6xx_it.o
                0x34180c88                SVC_Handler
 .text.DebugMon_Handler
                0x34180c8a        0x2 build/stm32n6xx_it.o
                0x34180c8a                DebugMon_Handler
 .text.PendSV_Handler
                0x34180c8c        0x2 build/stm32n6xx_it.o
                0x34180c8c                PendSV_Handler
 .text.SysTick_Handler
                0x34180c8e        0x8 build/stm32n6xx_it.o
                0x34180c8e                SysTick_Handler
 .text.HAL_MspInit
                0x34180c96       0x14 build/stm32n6xx_hal_msp.o
                0x34180c96                HAL_MspInit
 *fill*         0x34180caa        0x2 
 .text.HAL_XSPI_MspInit
                0x34180cac      0x17c build/stm32n6xx_hal_msp.o
                0x34180cac                HAL_XSPI_MspInit
 .text.__NVIC_SetPriority
                0x34180e28       0x28 build/stm32n6xx_hal_cortex.o
 .text.NVIC_EncodePriority
                0x34180e50       0x3e build/stm32n6xx_hal_cortex.o
 .text.MPU_ConfigRegion
                0x34180e8e       0x3e build/stm32n6xx_hal_cortex.o
 .text.MPU_ConfigMemoryAttributes
                0x34180ecc       0x2c build/stm32n6xx_hal_cortex.o
 .text.HAL_NVIC_SetPriorityGrouping
                0x34180ef8       0x24 build/stm32n6xx_hal_cortex.o
                0x34180ef8                HAL_NVIC_SetPriorityGrouping
 .text.HAL_NVIC_SetPriority
                0x34180f1c       0x20 build/stm32n6xx_hal_cortex.o
                0x34180f1c                HAL_NVIC_SetPriority
 .text.HAL_SYSTICK_Config
                0x34180f3c       0x28 build/stm32n6xx_hal_cortex.o
                0x34180f3c                HAL_SYSTICK_Config
 .text.HAL_MPU_Enable
                0x34180f64       0x24 build/stm32n6xx_hal_cortex.o
                0x34180f64                HAL_MPU_Enable
 .text.HAL_MPU_Disable
                0x34180f88       0x28 build/stm32n6xx_hal_cortex.o
                0x34180f88                HAL_MPU_Disable
 .text.HAL_MPU_ConfigRegion
                0x34180fb0       0x10 build/stm32n6xx_hal_cortex.o
                0x34180fb0                HAL_MPU_ConfigRegion
 .text.HAL_MPU_ConfigMemoryAttributes
                0x34180fc0       0x10 build/stm32n6xx_hal_cortex.o
                0x34180fc0                HAL_MPU_ConfigMemoryAttributes
 .text.RCC_PLL_IsNewConfig
                0x34180fd0       0x9c build/stm32n6xx_hal_rcc.o
 .text.RCC_PLL_Source_IsReady
                0x3418106c       0x44 build/stm32n6xx_hal_rcc.o
 .text.RCC_IC_CheckPLLSources
                0x341810b0      0x120 build/stm32n6xx_hal_rcc.o
 .text.RCC_PLL_Config
                0x341811d0      0x1ac build/stm32n6xx_hal_rcc.o
 .text.RCC_PLL_Enable
                0x3418137c       0x34 build/stm32n6xx_hal_rcc.o
 .text.RCC_GetSysClockFreq
                0x341813b0       0xa8 build/stm32n6xx_hal_rcc.o
 .text.HAL_RCC_OscConfig
                0x34181458      0x714 build/stm32n6xx_hal_rcc.o
                0x34181458                HAL_RCC_OscConfig
 .text.HAL_RCC_GetCpuClockFreq
                0x34181b6c       0xbc build/stm32n6xx_hal_rcc.o
                0x34181b6c                HAL_RCC_GetCpuClockFreq
 .text.HAL_RCC_ClockConfig
                0x34181c28      0x330 build/stm32n6xx_hal_rcc.o
                0x34181c28                HAL_RCC_ClockConfig
 .text.HAL_RCC_GetSysClockFreq
                0x34181f58       0x20 build/stm32n6xx_hal_rcc.o
                0x34181f58                HAL_RCC_GetSysClockFreq
 .text.HAL_RCC_GetClockConfig
                0x34181f78       0x84 build/stm32n6xx_hal_rcc.o
                0x34181f78                HAL_RCC_GetClockConfig
 .text.LL_RCC_SetClockSource
                0x34181ffc       0x30 build/stm32n6xx_hal_rcc_ex.o
 .text.LL_RCC_GetClockSource
                0x3418202c       0x1c build/stm32n6xx_hal_rcc_ex.o
 .text.RCCEx_GetHCLKFreq
                0x34182048       0x10 build/stm32n6xx_hal_rcc_ex.o
 .text.RCCEx_GetPCLK1Freq
                0x34182058       0x10 build/stm32n6xx_hal_rcc_ex.o
 .text.RCCEx_GetPCLK2Freq
                0x34182068       0x10 build/stm32n6xx_hal_rcc_ex.o
 .text.RCCEx_GetPCLK4Freq
                0x34182078       0x10 build/stm32n6xx_hal_rcc_ex.o
 .text.RCCEx_GetPCLK5Freq
                0x34182088       0x10 build/stm32n6xx_hal_rcc_ex.o
 .text.RCCEx_GetPLLSourceFreq
                0x34182098       0x7c build/stm32n6xx_hal_rcc_ex.o
 .text.RCCEx_CalcPLLFreq
                0x34182114       0x5c build/stm32n6xx_hal_rcc_ex.o
 .text.RCCEx_GetRTCCLKFreq
                0x34182170       0x68 build/stm32n6xx_hal_rcc_ex.o
 .text.HAL_RCCEx_PeriphCLKConfig
                0x341821d8     0x1ac0 build/stm32n6xx_hal_rcc_ex.o
                0x341821d8                HAL_RCCEx_PeriphCLKConfig
 .text.HAL_RCCEx_GetPLL1CLKFreq
                0x34183c98       0x90 build/stm32n6xx_hal_rcc_ex.o
                0x34183c98                HAL_RCCEx_GetPLL1CLKFreq
 .text.HAL_RCCEx_GetPLL2CLKFreq
                0x34183d28       0x90 build/stm32n6xx_hal_rcc_ex.o
                0x34183d28                HAL_RCCEx_GetPLL2CLKFreq
 .text.HAL_RCCEx_GetPLL3CLKFreq
                0x34183db8       0x90 build/stm32n6xx_hal_rcc_ex.o
                0x34183db8                HAL_RCCEx_GetPLL3CLKFreq
 .text.HAL_RCCEx_GetPLL4CLKFreq
                0x34183e48       0x90 build/stm32n6xx_hal_rcc_ex.o
                0x34183e48                HAL_RCCEx_GetPLL4CLKFreq
 .text.RCCEx_GetCSICLKFreq
                0x34183ed8       0x6c build/stm32n6xx_hal_rcc_ex.o
 .text.RCCEx_GetCLKPCLKFreq
                0x34183f44      0x26c build/stm32n6xx_hal_rcc_ex.o
 .text.RCCEx_GetADCCLKFreq
                0x341841b0      0x174 build/stm32n6xx_hal_rcc_ex.o
 .text.RCCEx_GetADFCLKFreq
                0x34184324      0x144 build/stm32n6xx_hal_rcc_ex.o
 .text.RCCEx_GetDCMIPPCLKFreq
                0x34184468       0xc4 build/stm32n6xx_hal_rcc_ex.o
 .text.RCCEx_GetETH1CLKFreq
                0x3418452c       0xb8 build/stm32n6xx_hal_rcc_ex.o
 .text.RCCEx_GetETH1PTPCLKFreq
                0x341845e4       0xb8 build/stm32n6xx_hal_rcc_ex.o
 .text.RCCEx_GetFDCANCLKFreq
                0x3418469c       0xac build/stm32n6xx_hal_rcc_ex.o
 .text.RCCEx_GetFMCCLKFreq
                0x34184748      0x104 build/stm32n6xx_hal_rcc_ex.o
 .text.RCCEx_GetI2CCLKFreq
                0x3418484c      0x21c build/stm32n6xx_hal_rcc_ex.o
 .text.RCCEx_GetI3CCLKFreq
                0x34184a68      0x198 build/stm32n6xx_hal_rcc_ex.o
 .text.RCCEx_GetLPTIMCLKFreq
                0x34184c00      0x20c build/stm32n6xx_hal_rcc_ex.o
 .text.RCCEx_GetLPUARTCLKFreq
                0x34184e0c      0x160 build/stm32n6xx_hal_rcc_ex.o
 .text.RCCEx_GetLTDCCLKFreq
                0x34184f6c       0xc4 build/stm32n6xx_hal_rcc_ex.o
 .text.RCCEx_GetMDFCLKFreq
                0x34185030      0x174 build/stm32n6xx_hal_rcc_ex.o
 .text.RCCEx_GetPSSICLKFreq
                0x341851a4       0xb8 build/stm32n6xx_hal_rcc_ex.o
 .text.RCCEx_GetSDMMCCLKFreq
                0x3418525c      0x13c build/stm32n6xx_hal_rcc_ex.o
 .text.RCCEx_GetSPDIFRXCLKFreq
                0x34185398      0x138 build/stm32n6xx_hal_rcc_ex.o
 .text.RCCEx_GetSAICLKFreq
                0x341854d0      0x1d4 build/stm32n6xx_hal_rcc_ex.o
 .text.RCCEx_GetSPICLKFreq
                0x341856a4      0x3ac build/stm32n6xx_hal_rcc_ex.o
 .text.RCCEx_GetUARTCLKFreq
                0x34185a50      0x2e4 build/stm32n6xx_hal_rcc_ex.o
 .text.RCCEx_GetUSARTCLKFreq
                0x34185d34      0x2e0 build/stm32n6xx_hal_rcc_ex.o
 .text.RCCEx_GetOTGPHYCLKFreq
                0x34186014       0xfc build/stm32n6xx_hal_rcc_ex.o
 .text.RCCEx_GetOTGPHYCKREFCLKFreq
                0x34186110       0x74 build/stm32n6xx_hal_rcc_ex.o
 .text.RCCEx_GetXSPICLKFreq
                0x34186184      0x164 build/stm32n6xx_hal_rcc_ex.o
 .text.HAL_RCCEx_GetPeriphCLKFreq
                0x341862e8      0x5d0 build/stm32n6xx_hal_rcc_ex.o
                0x341862e8                HAL_RCCEx_GetPeriphCLKFreq
 .text.HAL_GPIO_Init
                0x341868b8      0x214 build/stm32n6xx_hal_gpio.o
                0x341868b8                HAL_GPIO_Init
 .text.HAL_DMA_Abort
                0x34186acc       0xac build/stm32n6xx_hal_dma.o
                0x34186acc                HAL_DMA_Abort
 .text.HAL_PWREx_ConfigSupply
                0x34186b78       0x38 build/stm32n6xx_hal_pwr_ex.o
                0x34186b78                HAL_PWREx_ConfigSupply
 .text.HAL_PWREx_ControlVoltageScaling
                0x34186bb0       0x38 build/stm32n6xx_hal_pwr_ex.o
                0x34186bb0                HAL_PWREx_ControlVoltageScaling
 .text.HAL_PWREx_EnableVddIO2
                0x34186be8       0x10 build/stm32n6xx_hal_pwr_ex.o
                0x34186be8                HAL_PWREx_EnableVddIO2
 .text.HAL_PWREx_EnableVddIO3
                0x34186bf8       0x10 build/stm32n6xx_hal_pwr_ex.o
                0x34186bf8                HAL_PWREx_EnableVddIO3
 .text.HAL_PWREx_EnableVddIO4
                0x34186c08       0x10 build/stm32n6xx_hal_pwr_ex.o
                0x34186c08                HAL_PWREx_EnableVddIO4
 .text.HAL_PWREx_EnableVddIO5
                0x34186c18       0x10 build/stm32n6xx_hal_pwr_ex.o
                0x34186c18                HAL_PWREx_EnableVddIO5
 .text.HAL_InitTick
                0x34186c28       0x50 build/stm32n6xx_hal.o
                0x34186c28                HAL_InitTick
 .text.HAL_Init
                0x34186c78       0x22 build/stm32n6xx_hal.o
                0x34186c78                HAL_Init
 *fill*         0x34186c9a        0x2 
 .text.HAL_IncTick
                0x34186c9c       0x18 build/stm32n6xx_hal.o
                0x34186c9c                HAL_IncTick
 .text.HAL_GetTick
                0x34186cb4        0xc build/stm32n6xx_hal.o
                0x34186cb4                HAL_GetTick
 .text.HAL_Delay
                0x34186cc0       0x28 build/stm32n6xx_hal.o
                0x34186cc0                HAL_Delay
 .text.HAL_SuspendTick
                0x34186ce8        0xe build/stm32n6xx_hal.o
                0x34186ce8                HAL_SuspendTick
 *fill*         0x34186cf6        0x2 
 .text.XSPI_ConfigCmd
                0x34186cf8      0x1dc build/stm32n6xx_hal_xspi.o
 .text.XSPIM_GetConfig
                0x34186ed4       0x90 build/stm32n6xx_hal_xspi.o
 .text.XSPI_WaitFlagStateUntilTimeout
                0x34186f64       0x52 build/stm32n6xx_hal_xspi.o
 .text.HAL_XSPI_Command
                0x34186fb6       0xc6 build/stm32n6xx_hal_xspi.o
                0x34186fb6                HAL_XSPI_Command
 .text.HAL_XSPI_Transmit
                0x3418707c       0x9a build/stm32n6xx_hal_xspi.o
                0x3418707c                HAL_XSPI_Transmit
 .text.HAL_XSPI_Receive
                0x34187116       0xc6 build/stm32n6xx_hal_xspi.o
                0x34187116                HAL_XSPI_Receive
 .text.HAL_XSPI_AutoPolling
                0x341871dc       0xbe build/stm32n6xx_hal_xspi.o
                0x341871dc                HAL_XSPI_AutoPolling
 .text.HAL_XSPI_MemoryMapped
                0x3418729a       0x92 build/stm32n6xx_hal_xspi.o
                0x3418729a                HAL_XSPI_MemoryMapped
 .text.HAL_XSPI_Abort
                0x3418732c       0xa6 build/stm32n6xx_hal_xspi.o
                0x3418732c                HAL_XSPI_Abort
 .text.HAL_XSPI_SetTimeout
                0x341873d2        0x6 build/stm32n6xx_hal_xspi.o
                0x341873d2                HAL_XSPI_SetTimeout
 .text.HAL_XSPI_Init
                0x341873d8      0x178 build/stm32n6xx_hal_xspi.o
                0x341873d8                HAL_XSPI_Init
 .text.HAL_XSPIM_Config
                0x34187550      0x1bc build/stm32n6xx_hal_xspi.o
                0x34187550                HAL_XSPIM_Config
 .text.SystemInit
                0x3418770c      0x1d8 build/system_stm32n6xx_fsbl.o
                0x3418770c                SystemInit
 .text.SystemCoreClockUpdate
                0x341878e4      0x234 build/system_stm32n6xx_fsbl.o
                0x341878e4                SystemCoreClockUpdate
 .text.SECURE_SystemCoreClockUpdate
                0x34187b18       0x24 build/system_stm32n6xx_fsbl.o
                0x34187b18                __acle_se_SECURE_SystemCoreClockUpdate
 .text.EXTMEM_Init
                0x34187b3c       0x70 build/stm32_extmem.o
                0x34187b3c                EXTMEM_Init
 .text.EXTMEM_Read
                0x34187bac       0x4c build/stm32_extmem.o
                0x34187bac                EXTMEM_Read
 .text.EXTMEM_MemoryMappedMode
                0x34187bf8       0x9c build/stm32_extmem.o
                0x34187bf8                EXTMEM_MemoryMappedMode
 .text.EXTMEM_GetMapAddress
                0x34187c94       0x74 build/stm32_extmem.o
                0x34187c94                EXTMEM_GetMapAddress
 .text.MapMemory
                0x34187d08       0x3e build/stm32_boot_lrun.o
                0x34187d08                MapMemory
 .text.BOOT_GetApplicationSize
                0x34187d46        0x6 build/stm32_boot_lrun.o
                0x34187d46                BOOT_GetApplicationSize
 .text.CopyApplication
                0x34187d4c       0x5c build/stm32_boot_lrun.o
                0x34187d4c                CopyApplication
 .text.BOOT_GetApplicationVectorTable
                0x34187da8        0x8 build/stm32_boot_lrun.o
                0x34187da8                BOOT_GetApplicationVectorTable
 .text.JumpToApplication
                0x34187db0       0xcc build/stm32_boot_lrun.o
                0x34187db0                JumpToApplication
 .text.BOOT_Application
                0x34187e7c       0x18 build/stm32_boot_lrun.o
                0x34187e7c                BOOT_Application
 .text.SAL_XSPI_SetClock
                0x34187e94       0x3e build/stm32_sal_xspi.o
                0x34187e94                SAL_XSPI_SetClock
 .text.SAL_XSPI_Init
                0x34187ed2       0x4e build/stm32_sal_xspi.o
                0x34187ed2                SAL_XSPI_Init
 .text.SAL_XSPI_MemoryConfig
                0x34187f20      0x202 build/stm32_sal_xspi.o
                0x34187f20                SAL_XSPI_MemoryConfig
 .text.SAL_XSPI_DisableMapMode
                0x34188122        0xe build/stm32_sal_xspi.o
                0x34188122                SAL_XSPI_DisableMapMode
 .text.SAL_XSPI_UpdateMemoryType
                0x34188130       0x32 build/stm32_sal_xspi.o
                0x34188130                SAL_XSPI_UpdateMemoryType
 .text.SAL_XSPI_Abort
                0x34188162        0xa build/stm32_sal_xspi.o
                0x34188162                SAL_XSPI_Abort
 .text.XSPI_FormatCommand
                0x3418816c       0x1e build/stm32_sal_xspi.o
                0x3418816c                XSPI_FormatCommand
 .text.SAL_XSPI_GetSFDP
                0x3418818a       0x82 build/stm32_sal_xspi.o
                0x3418818a                SAL_XSPI_GetSFDP
 .text.SAL_XSPI_GetId
                0x3418820c       0xba build/stm32_sal_xspi.o
                0x3418820c                SAL_XSPI_GetId
 .text.SAL_XSPI_CommandSendData
                0x341882c6       0x5e build/stm32_sal_xspi.o
                0x341882c6                SAL_XSPI_CommandSendData
 .text.SAL_XSPI_SendReadCommand
                0x34188324       0x5e build/stm32_sal_xspi.o
                0x34188324                SAL_XSPI_SendReadCommand
 .text.SAL_XSPI_CommandSendReadAddress
                0x34188382       0x90 build/stm32_sal_xspi.o
                0x34188382                SAL_XSPI_CommandSendReadAddress
 .text.SAL_XSPI_CheckStatusRegister
                0x34188412       0xae build/stm32_sal_xspi.o
                0x34188412                SAL_XSPI_CheckStatusRegister
 .text.SAL_XSPI_ConfigureWrappMode
                0x341884c0       0x44 build/stm32_sal_xspi.o
                0x341884c0                SAL_XSPI_ConfigureWrappMode
 .text.SAL_XSPI_EnableMapMode
                0x34188504       0x8e build/stm32_sal_xspi.o
                0x34188504                SAL_XSPI_EnableMapMode
 .text.XSPI_Transmit
                0x34188592        0xc build/stm32_sal_xspi.o
                0x34188592                XSPI_Transmit
 .text.SAL_XSPI_Write
                0x3418859e       0x5a build/stm32_sal_xspi.o
                0x3418859e                SAL_XSPI_Write
 .text.XSPI_Receive
                0x341885f8        0xc build/stm32_sal_xspi.o
                0x341885f8                XSPI_Receive
 .text.SAL_XSPI_Read
                0x34188604       0x8c build/stm32_sal_xspi.o
                0x34188604                SAL_XSPI_Read
 .text.driver_check_FlagBUSY
                0x34188690       0x4a build/stm32_sfdp_data.o
                0x34188690                driver_check_FlagBUSY
 *fill*         0x341886da        0x2 
 .text.sfdp_getfrequencevalue
                0x341886dc       0x44 build/stm32_sfdp_data.o
                0x341886dc                sfdp_getfrequencevalue
 .text.sfdp_get_paraminfo
                0x34188720      0x19c build/stm32_sfdp_data.o
                0x34188720                sfdp_get_paraminfo
 .text.SFDP_CollectData
                0x341888bc      0x100 build/stm32_sfdp_data.o
                0x341888bc                SFDP_CollectData
 .text.SFDP_MemoryReset
                0x341889bc       0xe4 build/stm32_sfdp_data.o
                0x341889bc                SFDP_MemoryReset
 .text.sfdp_enter_octal_mode
                0x34188aa0      0x184 build/stm32_sfdp_data.o
                0x34188aa0                sfdp_enter_octal_mode
 .text.sfdp_set_dummycycle
                0x34188c24      0x134 build/stm32_sfdp_data.o
                0x34188c24                sfdp_set_dummycycle
 .text.JEDEC_Basic_ManageQuadEnableRequirement
                0x34188d58       0xf8 build/stm32_sfdp_data.o
                0x34188d58                JEDEC_Basic_ManageQuadEnableRequirement
 .text.JEDEC_Basic_Manage4S4S4SEnableSequence
                0x34188e50       0x4c build/stm32_sfdp_data.o
                0x34188e50                JEDEC_Basic_Manage4S4S4SEnableSequence
 .text.SFDP_BuildGenericDriver
                0x34188e9c      0x890 build/stm32_sfdp_data.o
                0x34188e9c                SFDP_BuildGenericDriver
 .text.CheckSFDP_Signature
                0x3418972c       0x38 build/stm32_sfdp_data.o
                0x3418972c                CheckSFDP_Signature
 .text.SFDP_ReadHeader
                0x34189764       0x44 build/stm32_sfdp_data.o
                0x34189764                SFDP_ReadHeader
 .text.SFDP_GetHeader
                0x341897a8       0x80 build/stm32_sfdp_data.o
                0x341897a8                SFDP_GetHeader
 .text.EXTMEM_DRIVER_NOR_SFDP_Init
                0x34189828       0xf4 build/stm32_sfdp_driver.o
                0x34189828                EXTMEM_DRIVER_NOR_SFDP_Init
 .text.EXTMEM_DRIVER_NOR_SFDP_Read
                0x3418991c       0x3e build/stm32_sfdp_driver.o
                0x3418991c                EXTMEM_DRIVER_NOR_SFDP_Read
 .text.EXTMEM_DRIVER_NOR_SFDP_Enable_MemoryMappedMode
                0x3418995a       0x28 build/stm32_sfdp_driver.o
                0x3418995a                EXTMEM_DRIVER_NOR_SFDP_Enable_MemoryMappedMode
 .text.EXTMEM_DRIVER_NOR_SFDP_Disable_MemoryMappedMode
                0x34189982       0x12 build/stm32_sfdp_driver.o
                0x34189982                EXTMEM_DRIVER_NOR_SFDP_Disable_MemoryMappedMode
 .text.EXTMEM_DRIVER_PSRAM_Enable_MemoryMappedMode
                0x34189994       0x42 build/stm32_psram_driver.o
                0x34189994                EXTMEM_DRIVER_PSRAM_Enable_MemoryMappedMode
 .text.EXTMEM_DRIVER_PSRAM_Disable_MemoryMappedMode
                0x341899d6       0x10 build/stm32_psram_driver.o
                0x341899d6                EXTMEM_DRIVER_PSRAM_Disable_MemoryMappedMode
 .text.PSRAM_ExecuteCommand
                0x341899e6       0x74 build/stm32_psram_driver.o
                0x341899e6                PSRAM_ExecuteCommand
 .text.EXTMEM_DRIVER_PSRAM_Init
                0x34189a5a       0xae build/stm32_psram_driver.o
                0x34189a5a                EXTMEM_DRIVER_PSRAM_Init
 .text.Reset_Handler
                0x34189b08       0x5c build/startup_stm32n657xx_fsbl.o
                0x34189b08                Reset_Handler
 .text.Default_Handler
                0x34189b64        0x2 build/startup_stm32n657xx_fsbl.o
                0x34189b64                HPDMA1_Channel13_IRQHandler
                0x34189b64                EXTI2_IRQHandler
                0x34189b64                MCE2_IRQHandler
                0x34189b64                TIM8_CC_IRQHandler
                0x34189b64                USB2_OTG_HS_IRQHandler
                0x34189b64                SAI1_A_IRQHandler
                0x34189b64                EXTI5_IRQHandler
                0x34189b64                I3C1_ER_IRQHandler
                0x34189b64                UART8_IRQHandler
                0x34189b64                CTI_INT0_IRQHandler
                0x34189b64                SPI4_IRQHandler
                0x34189b64                LTDC_LO_IRQHandler
                0x34189b64                NPU2_IRQHandler
                0x34189b64                FDCAN3_IT0_IRQHandler
                0x34189b64                EXTI13_IRQHandler
                0x34189b64                TIM1_CC_IRQHandler
                0x34189b64                XSPI1_IRQHandler
                0x34189b64                TIM10_IRQHandler
                0x34189b64                JPEG_IRQHandler
                0x34189b64                TAMP_IRQHandler
                0x34189b64                CACHE_ECC_IRQHandler
                0x34189b64                TIM6_IRQHandler
                0x34189b64                CSI_IRQHandler
                0x34189b64                EXTI12_IRQHandler
                0x34189b64                GFXTIM_IRQHandler
                0x34189b64                EXTI3_IRQHandler
                0x34189b64                LPTIM4_IRQHandler
                0x34189b64                GPDMA1_Channel5_IRQHandler
                0x34189b64                EXTI8_IRQHandler
                0x34189b64                LPTIM2_IRQHandler
                0x34189b64                GFXMMU_IRQHandler
                0x34189b64                LTDC_LO_ERR_IRQHandler
                0x34189b64                I2C3_ER_IRQHandler
                0x34189b64                RIFSC_TAMPER_IRQHandler
                0x34189b64                USART10_IRQHandler
                0x34189b64                MDF1_FLT2_IRQHandler
                0x34189b64                LPTIM3_IRQHandler
                0x34189b64                SAI2_A_IRQHandler
                0x34189b64                EXTI0_IRQHandler
                0x34189b64                HPDMA1_Channel9_IRQHandler
                0x34189b64                I2C2_EV_IRQHandler
                0x34189b64                GPU2D_IRQHandler
                0x34189b64                FPU_IRQHandler
                0x34189b64                GPDMA1_Channel3_IRQHandler
                0x34189b64                GPDMA1_Channel7_IRQHandler
                0x34189b64                MDF1_FLT4_IRQHandler
                0x34189b64                FDCAN1_IT1_IRQHandler
                0x34189b64                HPDMA1_Channel3_IRQHandler
                0x34189b64                ADC1_2_IRQHandler
                0x34189b64                GPDMA1_Channel9_IRQHandler
                0x34189b64                SPI1_IRQHandler
                0x34189b64                CACHEAXI_IRQHandler
                0x34189b64                SAI1_B_IRQHandler
                0x34189b64                GPDMA1_Channel2_IRQHandler
                0x34189b64                PAHB_ERR_IRQHandler
                0x34189b64                TIM8_UP_IRQHandler
                0x34189b64                RCC_S_IRQHandler
                0x34189b64                MDF1_FLT1_IRQHandler
                0x34189b64                LTDC_UP_IRQHandler
                0x34189b64                LOCKUP_IRQHandler
                0x34189b64                PKA_IRQHandler
                0x34189b64                USART6_IRQHandler
                0x34189b64                HPDMA1_Channel2_IRQHandler
                0x34189b64                MDF1_FLT5_IRQHandler
                0x34189b64                MCE4_IRQHandler
                0x34189b64                I3C2_ER_IRQHandler
                0x34189b64                EXTI15_IRQHandler
                0x34189b64                TIM17_IRQHandler
                0x34189b64                USART3_IRQHandler
                0x34189b64                HPDMA1_Channel6_IRQHandler
                0x34189b64                CRYP_IRQHandler
                0x34189b64                RTC_IRQHandler
                0x34189b64                XSPI2_IRQHandler
                0x34189b64                EXTI9_IRQHandler
                0x34189b64                IAC_IRQHandler
                0x34189b64                HPDMA1_Channel0_IRQHandler
                0x34189b64                LPTIM5_IRQHandler
                0x34189b64                HPDMA1_Channel1_IRQHandler
                0x34189b64                UART5_IRQHandler
                0x34189b64                TIM4_IRQHandler
                0x34189b64                NPU3_IRQHandler
                0x34189b64                I3C2_EV_IRQHandler
                0x34189b64                I2C1_EV_IRQHandler
                0x34189b64                FDCAN_CU_IRQHandler
                0x34189b64                GPDMA1_Channel12_IRQHandler
                0x34189b64                HPDMA1_Channel7_IRQHandler
                0x34189b64                GPDMA1_Channel1_IRQHandler
                0x34189b64                TIM16_IRQHandler
                0x34189b64                GPDMA1_Channel15_IRQHandler
                0x34189b64                UART4_IRQHandler
                0x34189b64                TCM_ECC_IRQHandler
                0x34189b64                TIM3_IRQHandler
                0x34189b64                RCC_IRQHandler
                0x34189b64                UART9_IRQHandler
                0x34189b64                NPU1_IRQHandler
                0x34189b64                SAI2_B_IRQHandler
                0x34189b64                Default_Handler
                0x34189b64                GPDMA1_Channel8_IRQHandler
                0x34189b64                HPDMA1_Channel8_IRQHandler
                0x34189b64                TIM18_IRQHandler
                0x34189b64                TIM14_IRQHandler
                0x34189b64                TIM13_IRQHandler
                0x34189b64                CTI_INT1_IRQHandler
                0x34189b64                GPDMA1_Channel11_IRQHandler
                0x34189b64                GPU2D_ER_IRQHandler
                0x34189b64                SPI5_IRQHandler
                0x34189b64                TIM12_IRQHandler
                0x34189b64                TIM7_IRQHandler
                0x34189b64                FDCAN3_IT1_IRQHandler
                0x34189b64                HPDMA1_Channel10_IRQHandler
                0x34189b64                SDMMC1_IRQHandler
                0x34189b64                SAES_IRQHandler
                0x34189b64                TIM5_IRQHandler
                0x34189b64                UCPD1_IRQHandler
                0x34189b64                GPDMA1_Channel0_IRQHandler
                0x34189b64                I3C1_EV_IRQHandler
                0x34189b64                HPDMA1_Channel5_IRQHandler
                0x34189b64                TIM15_IRQHandler
                0x34189b64                I2C3_EV_IRQHandler
                0x34189b64                HPDMA1_Channel4_IRQHandler
                0x34189b64                HPDMA1_Channel15_IRQHandler
                0x34189b64                TIM9_IRQHandler
                0x34189b64                ETH1_IRQHandler
                0x34189b64                USB1_OTG_HS_IRQHandler
                0x34189b64                PVD_PVM_IRQHandler
                0x34189b64                SPI2_IRQHandler
                0x34189b64                TIM1_TRG_CCU_IRQHandler
                0x34189b64                HPDMA1_Channel11_IRQHandler
                0x34189b64                EXTI14_IRQHandler
                0x34189b64                EXTI11_IRQHandler
                0x34189b64                VENC_IRQHandler
                0x34189b64                GPDMA1_Channel14_IRQHandler
                0x34189b64                EXTI4_IRQHandler
                0x34189b64                RTC_S_IRQHandler
                0x34189b64                GPDMA1_Channel13_IRQHandler
                0x34189b64                RNG_IRQHandler
                0x34189b64                XSPI3_IRQHandler
                0x34189b64                FDCAN2_IT1_IRQHandler
                0x34189b64                TIM1_UP_IRQHandler
                0x34189b64                NPU0_IRQHandler
                0x34189b64                BCK_ECC_IRQHandler
                0x34189b64                WWDG_IRQHandler
                0x34189b64                SPI6_IRQHandler
                0x34189b64                MDIOS_IRQHandler
                0x34189b64                I2C4_EV_IRQHandler
                0x34189b64                FDCAN2_IT0_IRQHandler
                0x34189b64                IWDG_IRQHandler
                0x34189b64                HPDMA1_Channel14_IRQHandler
                0x34189b64                LPUART1_IRQHandler
                0x34189b64                FDCAN1_IT0_IRQHandler
                0x34189b64                MDF1_FLT0_IRQHandler
                0x34189b64                TIM2_IRQHandler
                0x34189b64                MCE3_IRQHandler
                0x34189b64                GPDMA1_Channel4_IRQHandler
                0x34189b64                EXTI7_IRQHandler
                0x34189b64                DMA2D_IRQHandler
                0x34189b64                TIM1_BRK_IRQHandler
                0x34189b64                EXTI1_IRQHandler
                0x34189b64                SDMMC2_IRQHandler
                0x34189b64                TIM11_IRQHandler
                0x34189b64                LTDC_UP_ERR_IRQHandler
                0x34189b64                UART7_IRQHandler
                0x34189b64                DTS_IRQHandler
                0x34189b64                MDF1_FLT3_IRQHandler
                0x34189b64                USART2_IRQHandler
                0x34189b64                GPDMA1_Channel6_IRQHandler
                0x34189b64                ADF1_FLT0_IRQHandler
                0x34189b64                I2C2_ER_IRQHandler
                0x34189b64                MCE1_IRQHandler
                0x34189b64                SPDIFRX_IRQHandler
                0x34189b64                TIM8_BRK_IRQHandler
                0x34189b64                HPDMA1_Channel12_IRQHandler
                0x34189b64                USART1_IRQHandler
                0x34189b64                EXTI10_IRQHandler
                0x34189b64                SPI3_IRQHandler
                0x34189b64                WAKEUP_PIN_IRQHandler
                0x34189b64                DCMIPP_IRQHandler
                0x34189b64                I2C1_ER_IRQHandler
                0x34189b64                FMC_IRQHandler
                0x34189b64                EXTI6_IRQHandler
                0x34189b64                LPTIM1_IRQHandler
                0x34189b64                DCMI_PSSI_IRQHandler
                0x34189b64                TIM8_TRG_CCU_IRQHandler
                0x34189b64                I2C4_ER_IRQHandler
                0x34189b64                GPDMA1_Channel10_IRQHandler
                0x34189b64                ICACHE_IRQHandler
                0x34189b64                HASH_IRQHandler
 .text.memset   0x34189b66       0x10 C:/ST/STM32CubeIDE_2.0.0/STM32CubeIDE/plugins/com.st.stm32cube.ide.mcu.externaltools.gnu-tools-for-stm32.13.3.rel1.win32_1.0.100.202509120712/tools/bin/../lib/gcc/arm-none-eabi/13.3.1/../../../../arm-none-eabi/lib/thumb/v8-m.main+dp/hard\libc_nano.a(libc_a-memset.o)
                0x34189b66                memset
 *fill*         0x34189b76        0x2 
 .text.__libc_init_array
                0x34189b78       0x48 C:/ST/STM32CubeIDE_2.0.0/STM32CubeIDE/plugins/com.st.stm32cube.ide.mcu.externaltools.gnu-tools-for-stm32.13.3.rel1.win32_1.0.100.202509120712/tools/bin/../lib/gcc/arm-none-eabi/13.3.1/../../../../arm-none-eabi/lib/thumb/v8-m.main+dp/hard\libc_nano.a(libc_a-init.o)
                0x34189b78                __libc_init_array
 .text.memcpy   0x34189bc0       0x1a C:/ST/STM32CubeIDE_2.0.0/STM32CubeIDE/plugins/com.st.stm32cube.ide.mcu.externaltools.gnu-tools-for-stm32.13.3.rel1.win32_1.0.100.202509120712/tools/bin/../lib/gcc/arm-none-eabi/13.3.1/../../../../arm-none-eabi/lib/thumb/v8-m.main+dp/hard\libc_nano.a(libc_a-memcpy-stub.o)
                0x34189bc0                memcpy
 *(.glue_7)
 .glue_7        0x34189bda        0x0 linker stubs
 *(.glue_7t)
 .glue_7t       0x34189bda        0x0 linker stubs
 *(.eh_frame)
 *fill*         0x34189bda        0x2 
 .eh_frame      0x34189bdc        0x0 C:/ST/STM32CubeIDE_2.0.0/STM32CubeIDE/plugins/com.st.stm32cube.ide.mcu.externaltools.gnu-tools-for-stm32.13.3.rel1.win32_1.0.100.202509120712/tools/bin/../lib/gcc/arm-none-eabi/13.3.1/thumb/v8-m.main+dp/hard/crtbegin.o
 *(.RamFunc)
 *(.RamFunc*)
 *(.init)
 .init          0x34189bdc        0x4 C:/ST/STM32CubeIDE_2.0.0/STM32CubeIDE/plugins/com.st.stm32cube.ide.mcu.externaltools.gnu-tools-for-stm32.13.3.rel1.win32_1.0.100.202509120712/tools/bin/../lib/gcc/arm-none-eabi/13.3.1/thumb/v8-m.main+dp/hard/crti.o
                0x34189bdc                _init
 .init          0x34189be0        0x8 C:/ST/STM32CubeIDE_2.0.0/STM32CubeIDE/plugins/com.st.stm32cube.ide.mcu.externaltools.gnu-tools-for-stm32.13.3.rel1.win32_1.0.100.202509120712/tools/bin/../lib/gcc/arm-none-eabi/13.3.1/thumb/v8-m.main+dp/hard/crtn.o
 *(.fini)
 .fini          0x34189be8        0x4 C:/ST/STM32CubeIDE_2.0.0/STM32CubeIDE/plugins/com.st.stm32cube.ide.mcu.externaltools.gnu-tools-for-stm32.13.3.rel1.win32_1.0.100.202509120712/tools/bin/../lib/gcc/arm-none-eabi/13.3.1/thumb/v8-m.main+dp/hard/crti.o
                0x34189be8                _fini
 .fini          0x34189bec        0x8 C:/ST/STM32CubeIDE_2.0.0/STM32CubeIDE/plugins/com.st.stm32cube.ide.mcu.externaltools.gnu-tools-for-stm32.13.3.rel1.win32_1.0.100.202509120712/tools/bin/../lib/gcc/arm-none-eabi/13.3.1/thumb/v8-m.main+dp/hard/crtn.o
                0x34189bf4                        . = ALIGN (0x4)
                0x34189bf4                        _etext = .

.vfp11_veneer   0x34189bf4        0x0
 .vfp11_veneer  0x34189bf4        0x0 linker stubs

.v4_bx          0x34189bf4        0x0
 .v4_bx         0x34189bf4        0x0 linker stubs

.iplt           0x34189bf4        0x0
 .iplt          0x34189bf4        0x0 C:/ST/STM32CubeIDE_2.0.0/STM32CubeIDE/plugins/com.st.stm32cube.ide.mcu.externaltools.gnu-tools-for-stm32.13.3.rel1.win32_1.0.100.202509120712/tools/bin/../lib/gcc/arm-none-eabi/13.3.1/thumb/v8-m.main+dp/hard/crtbegin.o

.rodata         0x34189bf4       0x44
                0x34189bf4                        . = ALIGN (0x4)
 *(.rodata)
 .rodata        0x34189bf4       0x2c build/stm32_sfdp_data.o
 *(.rodata*)
 .rodata.chip_erase_unit.0
                0x34189c20       0x10 build/stm32_sfdp_data.o
 .rodata.block_erase_unit.1
                0x34189c30        0x8 build/stm32_sfdp_data.o
                0x34189c38                        . = ALIGN (0x4)

.ARM.extab      0x34189c38        0x0
                0x34189c38                        . = ALIGN (0x4)
 *(.ARM.extab* .gnu.linkonce.armextab.*)
                0x34189c38                        . = ALIGN (0x4)

.ARM            0x34189c38        0x0
                0x34189c38                        . = ALIGN (0x4)
                0x34189c38                        __exidx_start = .
 *(.ARM.exidx*)
                0x34189c38                        __exidx_end = .
                0x34189c38                        . = ALIGN (0x4)

.preinit_array  0x34189c38        0x0
                0x34189c38                        . = ALIGN (0x4)
                0x34189c38                        PROVIDE (__preinit_array_start = .)
 *(.preinit_array*)
                0x34189c38                        PROVIDE (__preinit_array_end = .)
                0x34189c38                        . = ALIGN (0x4)

.init_array     0x34189c38        0x4
                0x34189c38                        . = ALIGN (0x4)
                0x34189c38                        PROVIDE (__init_array_start = .)
 *(SORT_BY_NAME(.init_array.*))
 *(.init_array*)
 .init_array    0x34189c38        0x4 C:/ST/STM32CubeIDE_2.0.0/STM32CubeIDE/plugins/com.st.stm32cube.ide.mcu.externaltools.gnu-tools-for-stm32.13.3.rel1.win32_1.0.100.202509120712/tools/bin/../lib/gcc/arm-none-eabi/13.3.1/thumb/v8-m.main+dp/hard/crtbegin.o
                0x34189c3c                        PROVIDE (__init_array_end = .)
                0x34189c3c                        . = ALIGN (0x4)

.fini_array     0x34189c3c        0x4
                0x34189c3c                        . = ALIGN (0x4)
                [!provide]                        PROVIDE (__fini_array_start = .)
 *(SORT_BY_NAME(.fini_array.*))
 *(.fini_array*)
 .fini_array    0x34189c3c        0x4 C:/ST/STM32CubeIDE_2.0.0/STM32CubeIDE/plugins/com.st.stm32cube.ide.mcu.externaltools.gnu-tools-for-stm32.13.3.rel1.win32_1.0.100.202509120712/tools/bin/../lib/gcc/arm-none-eabi/13.3.1/thumb/v8-m.main+dp/hard/crtbegin.o
                [!provide]                        PROVIDE (__fini_array_end = .)
                0x34189c40                        . = ALIGN (0x4)

.rel.dyn        0x34189c40        0x0
 .rel.iplt      0x34189c40        0x0 C:/ST/STM32CubeIDE_2.0.0/STM32CubeIDE/plugins/com.st.stm32cube.ide.mcu.externaltools.gnu-tools-for-stm32.13.3.rel1.win32_1.0.100.202509120712/tools/bin/../lib/gcc/arm-none-eabi/13.3.1/thumb/v8-m.main+dp/hard/crtbegin.o

.gnu.sgstubs    0x34189c40       0x20
                0x34189c40                        _sNSCVeneer = .
 *(.gnu.sgstubs*)
                0x34189c40                        . = ALIGN (0x20)
 FILL mask 0x00
 .gnu.sgstubs.__stub
                0x34189c40        0x8 linker stubs
                0x34189c40                SECURE_SystemCoreClockUpdate
                0x34189c60                        _eNSCVeneer = .
                0x34189c60                        _sidata = LOADADDR (.data)

.data           0x341c0000        0xc load address 0x34189c60
                0x341c0000                        . = ALIGN (0x4)
                0x341c0000                        _sdata = .
 *(.data)
 *(.data*)
 .data.uwTickFreq
                0x341c0000        0x1 build/stm32n6xx_hal.o
                0x341c0000                uwTickFreq
 *fill*         0x341c0001        0x3 
 .data.uwTickPrio
                0x341c0004        0x4 build/stm32n6xx_hal.o
                0x341c0004                uwTickPrio
 .data.SystemCoreClock
                0x341c0008        0x4 build/system_stm32n6xx_fsbl.o
                0x341c0008                SystemCoreClock
                0x341c000c                        . = ALIGN (0x4)

.igot.plt       0x341c000c        0x0 load address 0x34189c6c
 .igot.plt      0x341c000c        0x0 C:/ST/STM32CubeIDE_2.0.0/STM32CubeIDE/plugins/com.st.stm32cube.ide.mcu.externaltools.gnu-tools-for-stm32.13.3.rel1.win32_1.0.100.202509120712/tools/bin/../lib/gcc/arm-none-eabi/13.3.1/thumb/v8-m.main+dp/hard/crtbegin.o

.tdata          0x341c000c        0x0 load address 0x34189c6c
 *(.tdata .tdata.* .gnu.linkonce.td.*)
                0x341c000c                        . = ALIGN (0x4)
                0x341c000c                        _edata = .
                [!provide]                        PROVIDE (__data_end = .)
                [!provide]                        PROVIDE (__tdata_end = .)
                [!provide]                        PROVIDE (__tdata_start = ADDR (.tdata))
                [!provide]                        PROVIDE (__tdata_size = (__tdata_end - __tdata_start))
                [!provide]                        PROVIDE (__data_start = ADDR (.data))
                [!provide]                        PROVIDE (__data_size = (__data_end - __data_start))
                [!provide]                        PROVIDE (__tdata_source = LOADADDR (.tdata))
                [!provide]                        PROVIDE (__tdata_source_end = (LOADADDR (.tdata) + SIZEOF (.tdata)))
                [!provide]                        PROVIDE (__tdata_source_size = (__tdata_source_end - __tdata_source))
                [!provide]                        PROVIDE (__data_source = LOADADDR (.data))
                [!provide]                        PROVIDE (__data_source_end = __tdata_source_end)
                [!provide]                        PROVIDE (__data_source_size = (__data_source_end - __data_source))

.noncacheable   0x341c000c        0x4 load address 0x34189c6c
                0x341c0010                        . = ALIGN (0x8)
 *fill*         0x341c000c        0x4 
                0x341c0010                        __snoncacheable = .
 *(.noncacheable)
                0x341c0010                        . = ALIGN (0x8)
                0x341c0010                        __enoncacheable = .

.tbss           0x341c0010        0x0 load address 0x34189c6c
                0x341c0010                        _sbss = .
                0x341c0010                        __bss_start__ = _sbss
 *(.tbss .tbss.*)
                0x341c0010                        . = ALIGN (0x4)
                [!provide]                        PROVIDE (__tbss_end = .)
                [!provide]                        PROVIDE (__tbss_start = ADDR (.tbss))
                [!provide]                        PROVIDE (__tbss_size = (__tbss_end - __tbss_start))
                [!provide]                        PROVIDE (__tbss_offset = (ADDR (.tbss) - ADDR (.tdata)))
                [!provide]                        PROVIDE (__tls_base = __tdata_start)
                [!provide]                        PROVIDE (__tls_end = __tbss_end)
                [!provide]                        PROVIDE (__tls_size = (__tls_end - __tls_base))
                [!provide]                        PROVIDE (__tls_align = MAX (ALIGNOF (.tdata), ALIGNOF (.tbss)))
                [!provide]                        PROVIDE (__tls_size_align = (((__tls_size + __tls_align) - 0x1) & ~ ((__tls_align - 0x1))))
                [!provide]                        PROVIDE (__arm32_tls_tcb_offset = MAX (0x8, __tls_align))
                [!provide]                        PROVIDE (__arm64_tls_tcb_offset = MAX (0x10, __tls_align))

.bss            0x341c0010      0x3d0 load address 0x34189c6c
 *(.bss)
 .bss           0x341c0010       0x1c C:/ST/STM32CubeIDE_2.0.0/STM32CubeIDE/plugins/com.st.stm32cube.ide.mcu.externaltools.gnu-tools-for-stm32.13.3.rel1.win32_1.0.100.202509120712/tools/bin/../lib/gcc/arm-none-eabi/13.3.1/thumb/v8-m.main+dp/hard/crtbegin.o
 *(.bss*)
 .bss.hxspi2    0x341c002c       0x64 build/main.o
                0x341c002c                hxspi2
 .bss.hxspi1    0x341c0090       0x64 build/main.o
                0x341c0090                hxspi1
 .bss.HAL_RCC_XSPIM_CLK_ENABLED
                0x341c00f4        0x4 build/stm32n6xx_hal_msp.o
 .bss.uwTick    0x341c00f8        0x4 build/stm32n6xx_hal.o
                0x341c00f8                uwTick
 .bss.extmem_list_config
                0x341c00fc      0x158 build/stm32_extmem.o
                0x341c00fc                extmem_list_config
 .bss.JumpToApp.0
                0x341c0254        0x4 build/stm32_boot_lrun.o
 .bss.JEDEC_OctalDdr
                0x341c0258       0x20 build/stm32_sfdp_data.o
 .bss.JEDEC_SCCR_Map
                0x341c0278       0x70 build/stm32_sfdp_data.o
 .bss.JEDEC_XSPI10
                0x341c02e8       0x18 build/stm32_sfdp_data.o
 .bss.JEDEC_Address4Bytes
                0x341c0300        0x8 build/stm32_sfdp_data.o
 .bss.JEDEC_Basic
                0x341c0308       0x60 build/stm32_sfdp_data.o
 .bss.sfdp_param_info
                0x341c0368       0x78 build/stm32_sfdp_data.o
 *(COMMON)
                0x341c03e0                        . = ALIGN (0x4)
                0x341c03e0                        _ebss = .
                0x341c03e0                        __bss_end__ = _ebss
                [!provide]                        PROVIDE (__bss_end = .)
                [!provide]                        PROVIDE (__non_tls_bss_start = ADDR (.bss))
                [!provide]                        PROVIDE (__bss_start = __tbss_start)
                [!provide]                        PROVIDE (__bss_size = (__bss_end - __bss_start))

._user_heap_stack
                0x341c03e0      0xa00 load address 0x34189c6c
                0x341c03e0                        . = ALIGN (0x8)
                [!provide]                        PROVIDE (end = .)
                0x341c03e0                        PROVIDE (_end = .)
                0x341c05e0                        . = (. + _Min_Heap_Size)
 *fill*         0x341c03e0      0x200 
                0x341c0de0                        . = (. + _Min_Stack_Size)
 *fill*         0x341c05e0      0x800 
                0x341c0de0                        . = ALIGN (0x8)

/DISCARD/
 libc.a:*(*)
 libm.a:*(*)
 libgcc.a:*(*)

.ARM.attributes
                0x00000000       0x3a
 *(.ARM.attributes)
 .ARM.attributes
                0x00000000       0x24 C:/ST/STM32CubeIDE_2.0.0/STM32CubeIDE/plugins/com.st.stm32cube.ide.mcu.externaltools.gnu-tools-for-stm32.13.3.rel1.win32_1.0.100.202509120712/tools/bin/../lib/gcc/arm-none-eabi/13.3.1/thumb/v8-m.main+dp/hard/crti.o
 .ARM.attributes
                0x00000024       0x36 C:/ST/STM32CubeIDE_2.0.0/STM32CubeIDE/plugins/com.st.stm32cube.ide.mcu.externaltools.gnu-tools-for-stm32.13.3.rel1.win32_1.0.100.202509120712/tools/bin/../lib/gcc/arm-none-eabi/13.3.1/thumb/v8-m.main+dp/hard/crtbegin.o
 .ARM.attributes
                0x0000005a       0x3e build/main.o
 .ARM.attributes
                0x00000098       0x3e build/extmem_manager.o
 .ARM.attributes
                0x000000d6       0x3e build/stm32n6xx_it.o
 .ARM.attributes
                0x00000114       0x3e build/stm32n6xx_hal_msp.o
 .ARM.attributes
                0x00000152       0x3e build/stm32n6xx_hal_cortex.o
 .ARM.attributes
                0x00000190       0x3e build/stm32n6xx_hal_rcc.o
 .ARM.attributes
                0x000001ce       0x3e build/stm32n6xx_hal_rcc_ex.o
 .ARM.attributes
                0x0000020c       0x3e build/stm32n6xx_hal_gpio.o
 .ARM.attributes
                0x0000024a       0x3e build/stm32n6xx_hal_dma.o
 .ARM.attributes
                0x00000288       0x3e build/stm32n6xx_hal_pwr_ex.o
 .ARM.attributes
                0x000002c6       0x3e build/stm32n6xx_hal.o
 .ARM.attributes
                0x00000304       0x3e build/stm32n6xx_hal_xspi.o
 .ARM.attributes
                0x00000342       0x3e build/system_stm32n6xx_fsbl.o
 .ARM.attributes
                0x00000380       0x3e build/stm32_extmem.o
 .ARM.attributes
                0x000003be       0x3e build/stm32_boot_lrun.o
 .ARM.attributes
                0x000003fc       0x3e build/stm32_sal_xspi.o
 .ARM.attributes
                0x0000043a       0x3e build/stm32_sfdp_data.o
 .ARM.attributes
                0x00000478       0x3e build/stm32_sfdp_driver.o
 .ARM.attributes
                0x000004b6       0x3e build/stm32_psram_driver.o
 .ARM.attributes
                0x000004f4       0x22 build/startup_stm32n657xx_fsbl.o
 .ARM.attributes
                0x00000516       0x36 C:/ST/STM32CubeIDE_2.0.0/STM32CubeIDE/plugins/com.st.stm32cube.ide.mcu.externaltools.gnu-tools-for-stm32.13.3.rel1.win32_1.0.100.202509120712/tools/bin/../lib/gcc/arm-none-eabi/13.3.1/../../../../arm-none-eabi/lib/thumb/v8-m.main+dp/hard\libc_nano.a(libc_a-memset.o)
 .ARM.attributes
                0x0000054c       0x36 C:/ST/STM32CubeIDE_2.0.0/STM32CubeIDE/plugins/com.st.stm32cube.ide.mcu.externaltools.gnu-tools-for-stm32.13.3.rel1.win32_1.0.100.202509120712/tools/bin/../lib/gcc/arm-none-eabi/13.3.1/../../../../arm-none-eabi/lib/thumb/v8-m.main+dp/hard\libc_nano.a(libc_a-init.o)
 .ARM.attributes
                0x00000582       0x36 C:/ST/STM32CubeIDE_2.0.0/STM32CubeIDE/plugins/com.st.stm32cube.ide.mcu.externaltools.gnu-tools-for-stm32.13.3.rel1.win32_1.0.100.202509120712/tools/bin/../lib/gcc/arm-none-eabi/13.3.1/../../../../arm-none-eabi/lib/thumb/v8-m.main+dp/hard\libc_nano.a(libc_a-memcpy-stub.o)
 .ARM.attributes
                0x000005b8       0x24 C:/ST/STM32CubeIDE_2.0.0/STM32CubeIDE/plugins/com.st.stm32cube.ide.mcu.externaltools.gnu-tools-for-stm32.13.3.rel1.win32_1.0.100.202509120712/tools/bin/../lib/gcc/arm-none-eabi/13.3.1/thumb/v8-m.main+dp/hard/crtn.o
OUTPUT(build/resetLoadAndRun_FSBL.elf elf32-littlearm)
LOAD linker stubs

.debug_info     0x00000000    0x2dff7
 .debug_info    0x00000000     0x3560 build/main.o
 .debug_info    0x00003560     0x141a build/extmem_manager.o
 .debug_info    0x0000497a      0x183 build/stm32n6xx_it.o
 .debug_info    0x00004afd     0x2a64 build/stm32n6xx_hal_msp.o
 .debug_info    0x00007561     0x1a64 build/stm32n6xx_hal_cortex.o
 .debug_info    0x00008fc5     0x372b build/stm32n6xx_hal_rcc.o
 .debug_info    0x0000c6f0     0x8927 build/stm32n6xx_hal_rcc_ex.o
 .debug_info    0x00015017      0xd97 build/stm32n6xx_hal_gpio.o
 .debug_info    0x00015dae      0xf50 build/stm32n6xx_hal_dma.o
 .debug_info    0x00016cfe     0x1119 build/stm32n6xx_hal_pwr_ex.o
 .debug_info    0x00017e17     0x30c7 build/stm32n6xx_hal.o
 .debug_info    0x0001aede     0x3c21 build/stm32n6xx_hal_xspi.o
 .debug_info    0x0001eaff     0x20a5 build/system_stm32n6xx_fsbl.o
 .debug_info    0x00020ba4     0x1ccd build/stm32_extmem.o
 .debug_info    0x00022871      0xb1a build/stm32_boot_lrun.o
 .debug_info    0x0002338b     0x2107 build/stm32_sal_xspi.o
 .debug_info    0x00025492     0x502a build/stm32_sfdp_data.o
 .debug_info    0x0002a4bc     0x262f build/stm32_sfdp_driver.o
 .debug_info    0x0002caeb     0x14dc build/stm32_psram_driver.o
 .debug_info    0x0002dfc7       0x30 build/startup_stm32n657xx_fsbl.o

.debug_abbrev   0x00000000     0x3453
 .debug_abbrev  0x00000000      0x3dc build/main.o
 .debug_abbrev  0x000003dc      0x1de build/extmem_manager.o
 .debug_abbrev  0x000005ba       0x80 build/stm32n6xx_it.o
 .debug_abbrev  0x0000063a      0x27b build/stm32n6xx_hal_msp.o
 .debug_abbrev  0x000008b5      0x3e3 build/stm32n6xx_hal_cortex.o
 .debug_abbrev  0x00000c98      0x40d build/stm32n6xx_hal_rcc.o
 .debug_abbrev  0x000010a5      0x3cd build/stm32n6xx_hal_rcc_ex.o
 .debug_abbrev  0x00001472      0x2b0 build/stm32n6xx_hal_gpio.o
 .debug_abbrev  0x00001722      0x21a build/stm32n6xx_hal_dma.o
 .debug_abbrev  0x0000193c      0x2a7 build/stm32n6xx_hal_pwr_ex.o
 .debug_abbrev  0x00001be3      0x2d4 build/stm32n6xx_hal.o
 .debug_abbrev  0x00001eb7      0x322 build/stm32n6xx_hal_xspi.o
 .debug_abbrev  0x000021d9      0x1a6 build/system_stm32n6xx_fsbl.o
 .debug_abbrev  0x0000237f      0x295 build/stm32_extmem.o
 .debug_abbrev  0x00002614      0x2f5 build/stm32_boot_lrun.o
 .debug_abbrev  0x00002909      0x298 build/stm32_sal_xspi.o
 .debug_abbrev  0x00002ba1      0x2e0 build/stm32_sfdp_data.o
 .debug_abbrev  0x00002e81      0x3c0 build/stm32_sfdp_driver.o
 .debug_abbrev  0x00003241      0x1f5 build/stm32_psram_driver.o
 .debug_abbrev  0x00003436       0x1d build/startup_stm32n657xx_fsbl.o

.debug_loc      0x00000000    0x135ed
 .debug_loc     0x00000000      0x30c build/main.o
 .debug_loc     0x0000030c       0x20 build/extmem_manager.o
 .debug_loc     0x0000032c       0x20 build/stm32n6xx_it.o
 .debug_loc     0x0000034c      0x265 build/stm32n6xx_hal_msp.o
 .debug_loc     0x000005b1      0xb38 build/stm32n6xx_hal_cortex.o
 .debug_loc     0x000010e9     0x1d7e build/stm32n6xx_hal_rcc.o
 .debug_loc     0x00002e67     0x5c32 build/stm32n6xx_hal_rcc_ex.o
 .debug_loc     0x00008a99      0x9e1 build/stm32n6xx_hal_gpio.o
 .debug_loc     0x0000947a      0xeaf build/stm32n6xx_hal_dma.o
 .debug_loc     0x0000a329      0x698 build/stm32n6xx_hal_pwr_ex.o
 .debug_loc     0x0000a9c1     0x106b build/stm32n6xx_hal.o
 .debug_loc     0x0000ba2c     0x2519 build/stm32n6xx_hal_xspi.o
 .debug_loc     0x0000df45      0x600 build/system_stm32n6xx_fsbl.o
 .debug_loc     0x0000e545     0x1237 build/stm32_extmem.o
 .debug_loc     0x0000f77c      0x2de build/stm32_boot_lrun.o
 .debug_loc     0x0000fa5a     0x150d build/stm32_sal_xspi.o
 .debug_loc     0x00010f67     0x123a build/stm32_sfdp_data.o
 .debug_loc     0x000121a1      0xfea build/stm32_sfdp_driver.o
 .debug_loc     0x0001318b      0x462 build/stm32_psram_driver.o

.debug_aranges  0x00000000     0x1130
 .debug_aranges
                0x00000000       0x60 build/main.o
 .debug_aranges
                0x00000060       0x20 build/extmem_manager.o
 .debug_aranges
                0x00000080       0x68 build/stm32n6xx_it.o
 .debug_aranges
                0x000000e8       0x30 build/stm32n6xx_hal_msp.o
 .debug_aranges
                0x00000118      0x140 build/stm32n6xx_hal_cortex.o
 .debug_aranges
                0x00000258       0xf8 build/stm32n6xx_hal_rcc.o
 .debug_aranges
                0x00000350      0x1b8 build/stm32n6xx_hal_rcc_ex.o
 .debug_aranges
                0x00000508       0xa8 build/stm32n6xx_hal_gpio.o
 .debug_aranges
                0x000005b0       0xb8 build/stm32n6xx_hal_dma.o
 .debug_aranges
                0x00000668      0x260 build/stm32n6xx_hal_pwr_ex.o
 .debug_aranges
                0x000008c8      0x3d0 build/stm32n6xx_hal.o
 .debug_aranges
                0x00000c98      0x1a0 build/stm32n6xx_hal_xspi.o
 .debug_aranges
                0x00000e38       0x30 build/system_stm32n6xx_fsbl.o
 .debug_aranges
                0x00000e68       0x68 build/stm32_extmem.o
 .debug_aranges
                0x00000ed0       0x48 build/stm32_boot_lrun.o
 .debug_aranges
                0x00000f18       0xb8 build/stm32_sal_xspi.o
 .debug_aranges
                0x00000fd0       0x80 build/stm32_sfdp_data.o
 .debug_aranges
                0x00001050       0x78 build/stm32_sfdp_driver.o
 .debug_aranges
                0x000010c8       0x40 build/stm32_psram_driver.o
 .debug_aranges
                0x00001108       0x28 build/startup_stm32n657xx_fsbl.o

.debug_ranges   0x00000000     0x1358
 .debug_ranges  0x00000000       0x50 build/main.o
 .debug_ranges  0x00000050       0x10 build/extmem_manager.o
 .debug_ranges  0x00000060       0x58 build/stm32n6xx_it.o
 .debug_ranges  0x000000b8       0x20 build/stm32n6xx_hal_msp.o
 .debug_ranges  0x000000d8      0x130 build/stm32n6xx_hal_cortex.o
 .debug_ranges  0x00000208      0x200 build/stm32n6xx_hal_rcc.o
 .debug_ranges  0x00000408      0x210 build/stm32n6xx_hal_rcc_ex.o
 .debug_ranges  0x00000618       0xc8 build/stm32n6xx_hal_gpio.o
 .debug_ranges  0x000006e0       0xa8 build/stm32n6xx_hal_dma.o
 .debug_ranges  0x00000788      0x2b0 build/stm32n6xx_hal_pwr_ex.o
 .debug_ranges  0x00000a38      0x3c0 build/stm32n6xx_hal.o
 .debug_ranges  0x00000df8      0x190 build/stm32n6xx_hal_xspi.o
 .debug_ranges  0x00000f88       0x20 build/system_stm32n6xx_fsbl.o
 .debug_ranges  0x00000fa8       0x70 build/stm32_extmem.o
 .debug_ranges  0x00001018       0x38 build/stm32_boot_lrun.o
 .debug_ranges  0x00001050       0xd8 build/stm32_sal_xspi.o
 .debug_ranges  0x00001128      0x118 build/stm32_sfdp_data.o
 .debug_ranges  0x00001240       0xb0 build/stm32_sfdp_driver.o
 .debug_ranges  0x000012f0       0x48 build/stm32_psram_driver.o
 .debug_ranges  0x00001338       0x20 build/startup_stm32n657xx_fsbl.o

.debug_line     0x00000000    0x17cea
 .debug_line    0x00000000      0xc77 build/main.o
 .debug_line    0x00000c77      0x6e9 build/extmem_manager.o
 .debug_line    0x00001360      0x167 build/stm32n6xx_it.o
 .debug_line    0x000014c7      0x69a build/stm32n6xx_hal_msp.o
 .debug_line    0x00001b61      0xb65 build/stm32n6xx_hal_cortex.o
 .debug_line    0x000026c6     0x262d build/stm32n6xx_hal_rcc.o
 .debug_line    0x00004cf3     0x6df9 build/stm32n6xx_hal_rcc_ex.o
 .debug_line    0x0000baec      0xcd3 build/stm32n6xx_hal_gpio.o
 .debug_line    0x0000c7bf     0x1599 build/stm32n6xx_hal_dma.o
 .debug_line    0x0000dd58      0xf6f build/stm32n6xx_hal_pwr_ex.o
 .debug_line    0x0000ecc7     0x1482 build/stm32n6xx_hal.o
 .debug_line    0x00010149     0x2105 build/stm32n6xx_hal_xspi.o
 .debug_line    0x0001224e      0x93b build/system_stm32n6xx_fsbl.o
 .debug_line    0x00012b89      0x975 build/stm32_extmem.o
 .debug_line    0x000134fe      0x6dd build/stm32_boot_lrun.o
 .debug_line    0x00013bdb     0x10c6 build/stm32_sal_xspi.o
 .debug_line    0x00014ca1     0x1a88 build/stm32_sfdp_data.o
 .debug_line    0x00016729      0xf3e build/stm32_sfdp_driver.o
 .debug_line    0x00017667      0x607 build/stm32_psram_driver.o
 .debug_line    0x00017c6e       0x7c build/startup_stm32n657xx_fsbl.o

.debug_str      0x00000000     0xb3fc
 .debug_str     0x00000000     0xb3fc build/main.o
                               0x1dfc (size before relaxing)
 .debug_str     0x0000b3fc        0x0 build/extmem_manager.o
                               0x109b (size before relaxing)
 .debug_str     0x0000b3fc        0x0 build/stm32n6xx_it.o
                                0x260 (size before relaxing)
 .debug_str     0x0000b3fc        0x0 build/stm32n6xx_hal_msp.o
                               0x1910 (size before relaxing)
 .debug_str     0x0000b3fc        0x0 build/stm32n6xx_hal_cortex.o
                               0x1431 (size before relaxing)
 .debug_str     0x0000b3fc        0x0 build/stm32n6xx_hal_rcc.o
                               0x18ca (size before relaxing)
 .debug_str     0x0000b3fc        0x0 build/stm32n6xx_hal_rcc_ex.o
                               0x2b8b (size before relaxing)
 .debug_str     0x0000b3fc        0x0 build/stm32n6xx_hal_gpio.o
                                0x67a (size before relaxing)
 .debug_str     0x0000b3fc        0x0 build/stm32n6xx_hal_dma.o
                                0x9fa (size before relaxing)
 .debug_str     0x0000b3fc        0x0 build/stm32n6xx_hal_pwr_ex.o
                                0xd6d (size before relaxing)
 .debug_str     0x0000b3fc        0x0 build/stm32n6xx_hal.o
                               0x2941 (size before relaxing)
 .debug_str     0x0000b3fc        0x0 build/stm32n6xx_hal_xspi.o
                               0x1a94 (size before relaxing)
 .debug_str     0x0000b3fc        0x0 build/system_stm32n6xx_fsbl.o
                               0x105c (size before relaxing)
 .debug_str     0x0000b3fc        0x0 build/stm32_extmem.o
                               0x17f7 (size before relaxing)
 .debug_str     0x0000b3fc        0x0 build/stm32_boot_lrun.o
                                0x693 (size before relaxing)
 .debug_str     0x0000b3fc        0x0 build/stm32_sal_xspi.o
                                0xf8b (size before relaxing)
 .debug_str     0x0000b3fc        0x0 build/stm32_sfdp_data.o
                               0x3b90 (size before relaxing)
 .debug_str     0x0000b3fc        0x0 build/stm32_sfdp_driver.o
                               0x193d (size before relaxing)
 .debug_str     0x0000b3fc        0x0 build/stm32_psram_driver.o
                                0xfcd (size before relaxing)
 .debug_str     0x0000b3fc        0x0 build/startup_stm32n657xx_fsbl.o
                                 0x75 (size before relaxing)

.comment        0x00000000       0x43
 .comment       0x00000000       0x43 build/main.o
                                 0x44 (size before relaxing)
 .comment       0x00000043        0x0 build/extmem_manager.o
                                 0x44 (size before relaxing)
 .comment       0x00000043        0x0 build/stm32n6xx_it.o
                                 0x44 (size before relaxing)
 .comment       0x00000043        0x0 build/stm32n6xx_hal_msp.o
                                 0x44 (size before relaxing)
 .comment       0x00000043        0x0 build/stm32n6xx_hal_cortex.o
                                 0x44 (size before relaxing)
 .comment       0x00000043        0x0 build/stm32n6xx_hal_rcc.o
                                 0x44 (size before relaxing)
 .comment       0x00000043        0x0 build/stm32n6xx_hal_rcc_ex.o
                                 0x44 (size before relaxing)
 .comment       0x00000043        0x0 build/stm32n6xx_hal_gpio.o
                                 0x44 (size before relaxing)
 .comment       0x00000043        0x0 build/stm32n6xx_hal_dma.o
                                 0x44 (size before relaxing)
 .comment       0x00000043        0x0 build/stm32n6xx_hal_pwr_ex.o
                                 0x44 (size before relaxing)
 .comment       0x00000043        0x0 build/stm32n6xx_hal.o
                                 0x44 (size before relaxing)
 .comment       0x00000043        0x0 build/stm32n6xx_hal_xspi.o
                                 0x44 (size before relaxing)
 .comment       0x00000043        0x0 build/system_stm32n6xx_fsbl.o
                                 0x44 (size before relaxing)
 .comment       0x00000043        0x0 build/stm32_extmem.o
                                 0x44 (size before relaxing)
 .comment       0x00000043        0x0 build/stm32_boot_lrun.o
                                 0x44 (size before relaxing)
 .comment       0x00000043        0x0 build/stm32_sal_xspi.o
                                 0x44 (size before relaxing)
 .comment       0x00000043        0x0 build/stm32_sfdp_data.o
                                 0x44 (size before relaxing)
 .comment       0x00000043        0x0 build/stm32_sfdp_driver.o
                                 0x44 (size before relaxing)
 .comment       0x00000043        0x0 build/stm32_psram_driver.o
                                 0x44 (size before relaxing)

.debug_frame    0x00000000     0x2b88
 .debug_frame   0x00000000      0x104 build/main.o
 .debug_frame   0x00000104       0x2c build/extmem_manager.o
 .debug_frame   0x00000130       0xb8 build/stm32n6xx_it.o
 .debug_frame   0x000001e8       0x68 build/stm32n6xx_hal_msp.o
 .debug_frame   0x00000250      0x2c4 build/stm32n6xx_hal_cortex.o
 .debug_frame   0x00000514      0x328 build/stm32n6xx_hal_rcc.o
 .debug_frame   0x0000083c      0x4d8 build/stm32n6xx_hal_rcc_ex.o
 .debug_frame   0x00000d14      0x1b0 build/stm32n6xx_hal_gpio.o
 .debug_frame   0x00000ec4      0x1ec build/stm32n6xx_hal_dma.o
 .debug_frame   0x000010b0      0x4cc build/stm32n6xx_hal_pwr_ex.o
 .debug_frame   0x0000157c      0x7bc build/stm32n6xx_hal.o
 .debug_frame   0x00001d38      0x4bc build/stm32n6xx_hal_xspi.o
 .debug_frame   0x000021f4       0x80 build/system_stm32n6xx_fsbl.o
 .debug_frame   0x00002274      0x150 build/stm32_extmem.o
 .debug_frame   0x000023c4       0xac build/stm32_boot_lrun.o
 .debug_frame   0x00002470      0x2a4 build/stm32_sal_xspi.o
 .debug_frame   0x00002714      0x1c0 build/stm32_sfdp_data.o
 .debug_frame   0x000028d4      0x190 build/stm32_sfdp_driver.o
 .debug_frame   0x00002a64       0xb0 build/stm32_psram_driver.o
 .debug_frame   0x00002b14       0x20 C:/ST/STM32CubeIDE_2.0.0/STM32CubeIDE/plugins/com.st.stm32cube.ide.mcu.externaltools.gnu-tools-for-stm32.13.3.rel1.win32_1.0.100.202509120712/tools/bin/../lib/gcc/arm-none-eabi/13.3.1/../../../../arm-none-eabi/lib/thumb/v8-m.main+dp/hard\libc_nano.a(libc_a-memset.o)
 .debug_frame   0x00002b34       0x2c C:/ST/STM32CubeIDE_2.0.0/STM32CubeIDE/plugins/com.st.stm32cube.ide.mcu.externaltools.gnu-tools-for-stm32.13.3.rel1.win32_1.0.100.202509120712/tools/bin/../lib/gcc/arm-none-eabi/13.3.1/../../../../arm-none-eabi/lib/thumb/v8-m.main+dp/hard\libc_nano.a(libc_a-init.o)
 .debug_frame   0x00002b60       0x28 C:/ST/STM32CubeIDE_2.0.0/STM32CubeIDE/plugins/com.st.stm32cube.ide.mcu.externaltools.gnu-tools-for-stm32.13.3.rel1.win32_1.0.100.202509120712/tools/bin/../lib/gcc/arm-none-eabi/13.3.1/../../../../arm-none-eabi/lib/thumb/v8-m.main+dp/hard\libc_nano.a(libc_a-memcpy-stub.o)

Cross Reference Table

Symbol                                            File
ADC1_2_IRQHandler                                 build/startup_stm32n657xx_fsbl.o
ADF1_FLT0_IRQHandler                              build/startup_stm32n657xx_fsbl.o
BCK_ECC_IRQHandler                                build/startup_stm32n657xx_fsbl.o
BOOT_Application                                  build/stm32_boot_lrun.o
                                                  build/main.o
BOOT_GetApplicationSize                           build/stm32_boot_lrun.o
BOOT_GetApplicationVectorTable                    build/stm32_boot_lrun.o
BusFault_Handler                                  build/stm32n6xx_it.o
CACHEAXI_IRQHandler                               build/startup_stm32n657xx_fsbl.o
CACHE_ECC_IRQHandler                              build/startup_stm32n657xx_fsbl.o
CRYP_IRQHandler                                   build/startup_stm32n657xx_fsbl.o
CSI_IRQHandler                                    build/startup_stm32n657xx_fsbl.o
CTI_INT0_IRQHandler                               build/startup_stm32n657xx_fsbl.o
CTI_INT1_IRQHandler                               build/startup_stm32n657xx_fsbl.o
CheckSFDP_Signature                               build/stm32_sfdp_data.o
CopyApplication                                   build/stm32_boot_lrun.o
DCMIPP_IRQHandler                                 build/startup_stm32n657xx_fsbl.o
DCMI_PSSI_IRQHandler                              build/startup_stm32n657xx_fsbl.o
DMA2D_IRQHandler                                  build/startup_stm32n657xx_fsbl.o
DTS_IRQHandler                                    build/startup_stm32n657xx_fsbl.o
DebugMon_Handler                                  build/stm32n6xx_it.o
Default_Handler                                   build/startup_stm32n657xx_fsbl.o
ETH1_IRQHandler                                   build/startup_stm32n657xx_fsbl.o
EXTI0_IRQHandler                                  build/startup_stm32n657xx_fsbl.o
EXTI10_IRQHandler                                 build/startup_stm32n657xx_fsbl.o
EXTI11_IRQHandler                                 build/startup_stm32n657xx_fsbl.o
EXTI12_IRQHandler                                 build/startup_stm32n657xx_fsbl.o
EXTI13_IRQHandler                                 build/startup_stm32n657xx_fsbl.o
EXTI14_IRQHandler                                 build/startup_stm32n657xx_fsbl.o
EXTI15_IRQHandler                                 build/startup_stm32n657xx_fsbl.o
EXTI1_IRQHandler                                  build/startup_stm32n657xx_fsbl.o
EXTI2_IRQHandler                                  build/startup_stm32n657xx_fsbl.o
EXTI3_IRQHandler                                  build/startup_stm32n657xx_fsbl.o
EXTI4_IRQHandler                                  build/startup_stm32n657xx_fsbl.o
EXTI5_IRQHandler                                  build/startup_stm32n657xx_fsbl.o
EXTI6_IRQHandler                                  build/startup_stm32n657xx_fsbl.o
EXTI7_IRQHandler                                  build/startup_stm32n657xx_fsbl.o
EXTI8_IRQHandler                                  build/startup_stm32n657xx_fsbl.o
EXTI9_IRQHandler                                  build/startup_stm32n657xx_fsbl.o
EXTMEM_DRIVER_NOR_SFDP_DeInit                     build/stm32_sfdp_driver.o
                                                  build/stm32_extmem.o
EXTMEM_DRIVER_NOR_SFDP_Disable_MemoryMappedMode   build/stm32_sfdp_driver.o
                                                  build/stm32_extmem.o
EXTMEM_DRIVER_NOR_SFDP_Enable_MemoryMappedMode    build/stm32_sfdp_driver.o
                                                  build/stm32_extmem.o
EXTMEM_DRIVER_NOR_SFDP_GetFlashInfo               build/stm32_sfdp_driver.o
                                                  build/stm32_extmem.o
EXTMEM_DRIVER_NOR_SFDP_Init                       build/stm32_sfdp_driver.o
                                                  build/stm32_extmem.o
EXTMEM_DRIVER_NOR_SFDP_MassErase                  build/stm32_sfdp_driver.o
                                                  build/stm32_extmem.o
EXTMEM_DRIVER_NOR_SFDP_Read                       build/stm32_sfdp_driver.o
                                                  build/stm32_extmem.o
EXTMEM_DRIVER_NOR_SFDP_SectorErase                build/stm32_sfdp_driver.o
                                                  build/stm32_extmem.o
EXTMEM_DRIVER_NOR_SFDP_Write                      build/stm32_sfdp_driver.o
                                                  build/stm32_extmem.o
EXTMEM_DRIVER_NOR_SFDP_WriteInMappedMode          build/stm32_sfdp_driver.o
                                                  build/stm32_extmem.o
EXTMEM_DRIVER_PSRAM_DeInit                        build/stm32_psram_driver.o
                                                  build/stm32_extmem.o
EXTMEM_DRIVER_PSRAM_Disable_MemoryMappedMode      build/stm32_psram_driver.o
                                                  build/stm32_extmem.o
EXTMEM_DRIVER_PSRAM_Enable_MemoryMappedMode       build/stm32_psram_driver.o
                                                  build/stm32_extmem.o
EXTMEM_DRIVER_PSRAM_Init                          build/stm32_psram_driver.o
                                                  build/stm32_extmem.o
EXTMEM_DeInit                                     build/stm32_extmem.o
EXTMEM_EraseAll                                   build/stm32_extmem.o
EXTMEM_EraseSector                                build/stm32_extmem.o
EXTMEM_GetInfo                                    build/stm32_extmem.o
EXTMEM_GetMapAddress                              build/stm32_extmem.o
                                                  build/stm32_boot_lrun.o
EXTMEM_Init                                       build/stm32_extmem.o
                                                  build/extmem_manager.o
EXTMEM_MemCopy                                    build/stm32_sfdp_driver.o
EXTMEM_MemoryMappedMode                           build/stm32_extmem.o
                                                  build/stm32_boot_lrun.o
EXTMEM_Read                                       build/stm32_extmem.o
                                                  build/stm32_boot_lrun.o
EXTMEM_Write                                      build/stm32_extmem.o
EXTMEM_WriteInMappedMode                          build/stm32_extmem.o
Error_Handler                                     build/main.o
                                                  build/stm32n6xx_hal_msp.o
FDCAN1_IT0_IRQHandler                             build/startup_stm32n657xx_fsbl.o
FDCAN1_IT1_IRQHandler                             build/startup_stm32n657xx_fsbl.o
FDCAN2_IT0_IRQHandler                             build/startup_stm32n657xx_fsbl.o
FDCAN2_IT1_IRQHandler                             build/startup_stm32n657xx_fsbl.o
FDCAN3_IT0_IRQHandler                             build/startup_stm32n657xx_fsbl.o
FDCAN3_IT1_IRQHandler                             build/startup_stm32n657xx_fsbl.o
FDCAN_CU_IRQHandler                               build/startup_stm32n657xx_fsbl.o
FMC_IRQHandler                                    build/startup_stm32n657xx_fsbl.o
FPU_IRQHandler                                    build/startup_stm32n657xx_fsbl.o
GFXMMU_IRQHandler                                 build/startup_stm32n657xx_fsbl.o
GFXTIM_IRQHandler                                 build/startup_stm32n657xx_fsbl.o
GPDMA1_Channel0_IRQHandler                        build/startup_stm32n657xx_fsbl.o
GPDMA1_Channel10_IRQHandler                       build/startup_stm32n657xx_fsbl.o
GPDMA1_Channel11_IRQHandler                       build/startup_stm32n657xx_fsbl.o
GPDMA1_Channel12_IRQHandler                       build/startup_stm32n657xx_fsbl.o
GPDMA1_Channel13_IRQHandler                       build/startup_stm32n657xx_fsbl.o
GPDMA1_Channel14_IRQHandler                       build/startup_stm32n657xx_fsbl.o
GPDMA1_Channel15_IRQHandler                       build/startup_stm32n657xx_fsbl.o
GPDMA1_Channel1_IRQHandler                        build/startup_stm32n657xx_fsbl.o
GPDMA1_Channel2_IRQHandler                        build/startup_stm32n657xx_fsbl.o
GPDMA1_Channel3_IRQHandler                        build/startup_stm32n657xx_fsbl.o
GPDMA1_Channel4_IRQHandler                        build/startup_stm32n657xx_fsbl.o
GPDMA1_Channel5_IRQHandler                        build/startup_stm32n657xx_fsbl.o
GPDMA1_Channel6_IRQHandler                        build/startup_stm32n657xx_fsbl.o
GPDMA1_Channel7_IRQHandler                        build/startup_stm32n657xx_fsbl.o
GPDMA1_Channel8_IRQHandler                        build/startup_stm32n657xx_fsbl.o
GPDMA1_Channel9_IRQHandler                        build/startup_stm32n657xx_fsbl.o
GPU2D_ER_IRQHandler                               build/startup_stm32n657xx_fsbl.o
GPU2D_IRQHandler                                  build/startup_stm32n657xx_fsbl.o
HAL_CORTEX_ClearEvent                             build/stm32n6xx_hal_cortex.o
HAL_DBGMCU_DisableDBGSleepMode                    build/stm32n6xx_hal.o
HAL_DBGMCU_DisableDBGStandbyMode                  build/stm32n6xx_hal.o
HAL_DBGMCU_DisableDBGStopMode                     build/stm32n6xx_hal.o
HAL_DBGMCU_EnableDBGSleepMode                     build/stm32n6xx_hal.o
HAL_DBGMCU_EnableDBGStandbyMode                   build/stm32n6xx_hal.o
HAL_DBGMCU_EnableDBGStopMode                      build/stm32n6xx_hal.o
HAL_DMAEx_ConfigDataHandling                      build/stm32n6xx_hal_dma_ex.o
HAL_DMAEx_ConfigRepeatBlock                       build/stm32n6xx_hal_dma_ex.o
HAL_DMAEx_ConfigTrigger                           build/stm32n6xx_hal_dma_ex.o
HAL_DMAEx_GetFifoLevel                            build/stm32n6xx_hal_dma_ex.o
HAL_DMAEx_List_BuildNode                          build/stm32n6xx_hal_dma_ex.o
HAL_DMAEx_List_ClearCircularMode                  build/stm32n6xx_hal_dma_ex.o
HAL_DMAEx_List_ConvertQToDynamic                  build/stm32n6xx_hal_dma_ex.o
HAL_DMAEx_List_ConvertQToStatic                   build/stm32n6xx_hal_dma_ex.o
HAL_DMAEx_List_DeInit                             build/stm32n6xx_hal_dma_ex.o
HAL_DMAEx_List_GetNodeConfig                      build/stm32n6xx_hal_dma_ex.o
HAL_DMAEx_List_Init                               build/stm32n6xx_hal_dma_ex.o
HAL_DMAEx_List_InsertNode                         build/stm32n6xx_hal_dma_ex.o
HAL_DMAEx_List_InsertNode_Head                    build/stm32n6xx_hal_dma_ex.o
HAL_DMAEx_List_InsertNode_Tail                    build/stm32n6xx_hal_dma_ex.o
HAL_DMAEx_List_InsertQ                            build/stm32n6xx_hal_dma_ex.o
HAL_DMAEx_List_InsertQ_Head                       build/stm32n6xx_hal_dma_ex.o
HAL_DMAEx_List_InsertQ_Tail                       build/stm32n6xx_hal_dma_ex.o
HAL_DMAEx_List_LinkQ                              build/stm32n6xx_hal_dma_ex.o
HAL_DMAEx_List_RemoveNode                         build/stm32n6xx_hal_dma_ex.o
HAL_DMAEx_List_RemoveNode_Head                    build/stm32n6xx_hal_dma_ex.o
HAL_DMAEx_List_RemoveNode_Tail                    build/stm32n6xx_hal_dma_ex.o
HAL_DMAEx_List_ReplaceNode                        build/stm32n6xx_hal_dma_ex.o
HAL_DMAEx_List_ReplaceNode_Head                   build/stm32n6xx_hal_dma_ex.o
HAL_DMAEx_List_ReplaceNode_Tail                   build/stm32n6xx_hal_dma_ex.o
HAL_DMAEx_List_ResetQ                             build/stm32n6xx_hal_dma_ex.o
HAL_DMAEx_List_SetCircularMode                    build/stm32n6xx_hal_dma_ex.o
HAL_DMAEx_List_SetCircularModeConfig              build/stm32n6xx_hal_dma_ex.o
HAL_DMAEx_List_Start                              build/stm32n6xx_hal_dma_ex.o
HAL_DMAEx_List_Start_IT                           build/stm32n6xx_hal_dma_ex.o
                                                  build/stm32n6xx_hal_xspi.o
HAL_DMAEx_List_UnLinkQ                            build/stm32n6xx_hal_dma_ex.o
HAL_DMAEx_Resume                                  build/stm32n6xx_hal_dma_ex.o
HAL_DMAEx_Suspend                                 build/stm32n6xx_hal_dma_ex.o
HAL_DMAEx_Suspend_IT                              build/stm32n6xx_hal_dma_ex.o
HAL_DMA_Abort                                     build/stm32n6xx_hal_dma.o
                                                  build/stm32n6xx_hal_xspi.o
HAL_DMA_Abort_IT                                  build/stm32n6xx_hal_dma.o
                                                  build/stm32n6xx_hal_xspi.o
HAL_DMA_ConfigChannelAttributes                   build/stm32n6xx_hal_dma.o
HAL_DMA_DeInit                                    build/stm32n6xx_hal_dma.o
HAL_DMA_GetConfigChannelAttributes                build/stm32n6xx_hal_dma.o
HAL_DMA_GetError                                  build/stm32n6xx_hal_dma.o
HAL_DMA_GetIsolationAttributes                    build/stm32n6xx_hal_dma.o
HAL_DMA_GetLockChannelAttributes                  build/stm32n6xx_hal_dma.o
HAL_DMA_GetState                                  build/stm32n6xx_hal_dma.o
HAL_DMA_IRQHandler                                build/stm32n6xx_hal_dma.o
HAL_DMA_Init                                      build/stm32n6xx_hal_dma.o
HAL_DMA_LockChannelAttributes                     build/stm32n6xx_hal_dma.o
HAL_DMA_PollForTransfer                           build/stm32n6xx_hal_dma.o
HAL_DMA_RegisterCallback                          build/stm32n6xx_hal_dma.o
HAL_DMA_SetIsolationAttributes                    build/stm32n6xx_hal_dma.o
HAL_DMA_Start                                     build/stm32n6xx_hal_dma.o
HAL_DMA_Start_IT                                  build/stm32n6xx_hal_dma.o
                                                  build/stm32n6xx_hal_xspi.o
HAL_DMA_UnRegisterCallback                        build/stm32n6xx_hal_dma.o
HAL_DeInit                                        build/stm32n6xx_hal.o
HAL_Delay                                         build/stm32n6xx_hal.o
                                                  build/stm32_sfdp_driver.o
                                                  build/main.o
HAL_EXTI_ClearConfigLine                          build/stm32n6xx_hal_exti.o
HAL_EXTI_ClearPending                             build/stm32n6xx_hal_exti.o
HAL_EXTI_ConfigLineAttributes                     build/stm32n6xx_hal_exti.o
HAL_EXTI_GenerateSWI                              build/stm32n6xx_hal_exti.o
HAL_EXTI_GetConfigLine                            build/stm32n6xx_hal_exti.o
HAL_EXTI_GetConfigLineAttributes                  build/stm32n6xx_hal_exti.o
HAL_EXTI_GetHandle                                build/stm32n6xx_hal_exti.o
HAL_EXTI_GetLockAttributes                        build/stm32n6xx_hal_exti.o
HAL_EXTI_GetPending                               build/stm32n6xx_hal_exti.o
HAL_EXTI_IRQHandler                               build/stm32n6xx_hal_exti.o
HAL_EXTI_LockAttributes                           build/stm32n6xx_hal_exti.o
HAL_EXTI_RegisterCallback                         build/stm32n6xx_hal_exti.o
HAL_EXTI_SetConfigLine                            build/stm32n6xx_hal_exti.o
HAL_FMC_GetBankSwapConfig                         build/stm32n6xx_hal.o
HAL_FMC_SetBankSwapConfig                         build/stm32n6xx_hal.o
HAL_GPIO_ConfigPinAttributes                      build/stm32n6xx_hal_gpio.o
HAL_GPIO_DeInit                                   build/stm32n6xx_hal_gpio.o
                                                  build/stm32n6xx_hal_msp.o
HAL_GPIO_EXTI_Falling_Callback                    build/stm32n6xx_hal_gpio.o
HAL_GPIO_EXTI_IRQHandler                          build/stm32n6xx_hal_gpio.o
HAL_GPIO_EXTI_Rising_Callback                     build/stm32n6xx_hal_gpio.o
HAL_GPIO_GetConfigPinAttributes                   build/stm32n6xx_hal_gpio.o
HAL_GPIO_GetDelay                                 build/stm32n6xx_hal_gpio.o
HAL_GPIO_GetLockPinAttributes                     build/stm32n6xx_hal_gpio.o
HAL_GPIO_GetRetime                                build/stm32n6xx_hal_gpio.o
HAL_GPIO_Init                                     build/stm32n6xx_hal_gpio.o
                                                  build/stm32n6xx_hal_rcc.o
                                                  build/stm32n6xx_hal_msp.o
HAL_GPIO_LockPin                                  build/stm32n6xx_hal_gpio.o
HAL_GPIO_LockPinAttributes                        build/stm32n6xx_hal_gpio.o
HAL_GPIO_ReadPin                                  build/stm32n6xx_hal_gpio.o
HAL_GPIO_SetDelay                                 build/stm32n6xx_hal_gpio.o
HAL_GPIO_SetRetime                                build/stm32n6xx_hal_gpio.o
HAL_GPIO_TogglePin                                build/stm32n6xx_hal_gpio.o
HAL_GPIO_WriteMultipleStatePin                    build/stm32n6xx_hal_gpio.o
HAL_GPIO_WritePin                                 build/stm32n6xx_hal_gpio.o
HAL_GetDEVID                                      build/stm32n6xx_hal.o
HAL_GetHalVersion                                 build/stm32n6xx_hal.o
HAL_GetREVID                                      build/stm32n6xx_hal.o
HAL_GetTick                                       build/stm32n6xx_hal.o
                                                  build/stm32n6xx_hal_xspi.o
                                                  build/stm32n6xx_hal_pwr_ex.o
                                                  build/stm32n6xx_hal_dma_ex.o
                                                  build/stm32n6xx_hal_dma.o
                                                  build/stm32n6xx_hal_rcc_ex.o
                                                  build/stm32n6xx_hal_rcc.o
HAL_GetTickFreq                                   build/stm32n6xx_hal.o
HAL_GetTickPrio                                   build/stm32n6xx_hal.o
HAL_GetUIDw0                                      build/stm32n6xx_hal.o
HAL_GetUIDw1                                      build/stm32n6xx_hal.o
HAL_GetUIDw2                                      build/stm32n6xx_hal.o
HAL_IncTick                                       build/stm32n6xx_hal.o
                                                  build/stm32n6xx_it.o
HAL_Init                                          build/stm32n6xx_hal.o
                                                  build/main.o
HAL_InitTick                                      build/stm32n6xx_hal.o
                                                  build/stm32n6xx_hal_rcc.o
HAL_MPU_ConfigMemoryAttributes                    build/stm32n6xx_hal_cortex.o
                                                  build/main.o
HAL_MPU_ConfigMemoryAttributes_NS                 build/stm32n6xx_hal_cortex.o
HAL_MPU_ConfigRegion                              build/stm32n6xx_hal_cortex.o
                                                  build/main.o
HAL_MPU_ConfigRegion_NS                           build/stm32n6xx_hal_cortex.o
HAL_MPU_Disable                                   build/stm32n6xx_hal_cortex.o
                                                  build/main.o
HAL_MPU_DisableRegion                             build/stm32n6xx_hal_cortex.o
HAL_MPU_DisableRegion_NS                          build/stm32n6xx_hal_cortex.o
HAL_MPU_Disable_NS                                build/stm32n6xx_hal_cortex.o
HAL_MPU_Enable                                    build/stm32n6xx_hal_cortex.o
                                                  build/main.o
HAL_MPU_EnableRegion                              build/stm32n6xx_hal_cortex.o
HAL_MPU_EnableRegion_NS                           build/stm32n6xx_hal_cortex.o
HAL_MPU_Enable_NS                                 build/stm32n6xx_hal_cortex.o
HAL_MspDeInit                                     build/stm32n6xx_hal.o
HAL_MspInit                                       build/stm32n6xx_hal_msp.o
HAL_NVIC_ClearPendingIRQ                          build/stm32n6xx_hal_cortex.o
HAL_NVIC_DisableIRQ                               build/stm32n6xx_hal_cortex.o
HAL_NVIC_EnableIRQ                                build/stm32n6xx_hal_cortex.o
HAL_NVIC_GetActive                                build/stm32n6xx_hal_cortex.o
HAL_NVIC_GetPendingIRQ                            build/stm32n6xx_hal_cortex.o
HAL_NVIC_GetPriority                              build/stm32n6xx_hal_cortex.o
HAL_NVIC_GetPriorityGrouping                      build/stm32n6xx_hal_cortex.o
HAL_NVIC_SetPendingIRQ                            build/stm32n6xx_hal_cortex.o
HAL_NVIC_SetPriority                              build/stm32n6xx_hal_cortex.o
                                                  build/stm32n6xx_hal.o
HAL_NVIC_SetPriorityGrouping                      build/stm32n6xx_hal_cortex.o
                                                  build/stm32n6xx_hal.o
HAL_NVIC_SystemReset                              build/stm32n6xx_hal_cortex.o
HAL_PWREx_ADCVM_Falling_Callback                  build/stm32n6xx_hal_pwr_ex.o
HAL_PWREx_ADCVM_Rising_Callback                   build/stm32n6xx_hal_pwr_ex.o
HAL_PWREx_ConfigPVM                               build/stm32n6xx_hal_pwr_ex.o
HAL_PWREx_ConfigSupply                            build/stm32n6xx_hal_pwr_ex.o
                                                  build/main.o
HAL_PWREx_ConfigVDDCOREVM                         build/stm32n6xx_hal_pwr_ex.o
HAL_PWREx_ConfigVddIORange                        build/stm32n6xx_hal_pwr_ex.o
HAL_PWREx_ControlStopModeVoltageScaling           build/stm32n6xx_hal_pwr_ex.o
HAL_PWREx_ControlVoltageScaling                   build/stm32n6xx_hal_pwr_ex.o
                                                  build/main.o
HAL_PWREx_DisableBkupRAMRetention                 build/stm32n6xx_hal_pwr_ex.o
HAL_PWREx_DisableMonitoring                       build/stm32n6xx_hal_pwr_ex.o
HAL_PWREx_DisablePullDownOutput                   build/stm32n6xx_hal_pwr_ex.o
HAL_PWREx_DisableSMPSPWM                          build/stm32n6xx_hal_pwr_ex.o
HAL_PWREx_DisableTCMFLXRetention                  build/stm32n6xx_hal_pwr_ex.o
HAL_PWREx_DisableTCMRetention                     build/stm32n6xx_hal_pwr_ex.o
HAL_PWREx_DisableVDDCOREMonitoring                build/stm32n6xx_hal_pwr_ex.o
HAL_PWREx_DisableVddA                             build/stm32n6xx_hal_pwr_ex.o
HAL_PWREx_DisableVddAVMEN                         build/stm32n6xx_hal_pwr_ex.o
HAL_PWREx_DisableVddIO2                           build/stm32n6xx_hal_pwr_ex.o
HAL_PWREx_DisableVddIO2VMEN                       build/stm32n6xx_hal_pwr_ex.o
HAL_PWREx_DisableVddIO3                           build/stm32n6xx_hal_pwr_ex.o
HAL_PWREx_DisableVddIO3VMEN                       build/stm32n6xx_hal_pwr_ex.o
HAL_PWREx_DisableVddIO4                           build/stm32n6xx_hal_pwr_ex.o
HAL_PWREx_DisableVddIO4RangeSTBY                  build/stm32n6xx_hal_pwr_ex.o
HAL_PWREx_DisableVddIO4VMEN                       build/stm32n6xx_hal_pwr_ex.o
HAL_PWREx_DisableVddIO5                           build/stm32n6xx_hal_pwr_ex.o
HAL_PWREx_DisableVddIO5RangeSTBY                  build/stm32n6xx_hal_pwr_ex.o
HAL_PWREx_DisableVddIO5VMEN                       build/stm32n6xx_hal_pwr_ex.o
HAL_PWREx_DisableVddUSB                           build/stm32n6xx_hal_pwr_ex.o
HAL_PWREx_DisableVddUSBVMEN                       build/stm32n6xx_hal_pwr_ex.o
HAL_PWREx_EnableBkupRAMRetention                  build/stm32n6xx_hal_pwr_ex.o
HAL_PWREx_EnableMonitoring                        build/stm32n6xx_hal_pwr_ex.o
HAL_PWREx_EnablePullDownOutput                    build/stm32n6xx_hal_pwr_ex.o
HAL_PWREx_EnableSMPSPWM                           build/stm32n6xx_hal_pwr_ex.o
HAL_PWREx_EnableTCMFLXRetention                   build/stm32n6xx_hal_pwr_ex.o
HAL_PWREx_EnableTCMRetention                      build/stm32n6xx_hal_pwr_ex.o
HAL_PWREx_EnableVDDCOREMonitoring                 build/stm32n6xx_hal_pwr_ex.o
HAL_PWREx_EnableVddA                              build/stm32n6xx_hal_pwr_ex.o
HAL_PWREx_EnableVddAVMEN                          build/stm32n6xx_hal_pwr_ex.o
HAL_PWREx_EnableVddIO2                            build/stm32n6xx_hal_pwr_ex.o